Component: ARM Compiler 5.05 update 1 (build 106) Tool: armlink [4d0efa]

==============================================================================

Section Cross References

    iap.o(i.blankChk) refers to iap.o(.bss) for .bss
    iap.o(i.blankChk) refers to iap.o(.data) for .data
    iap.o(i.codeIdBoot) refers to iap.o(.bss) for .bss
    iap.o(i.codeIdBoot) refers to iap.o(.data) for .data
    iap.o(i.dataCompare) refers to iap.o(.bss) for .bss
    iap.o(i.dataCompare) refers to iap.o(.data) for .data
    iap.o(i.parIdRead) refers to iap.o(.bss) for .bss
    iap.o(i.parIdRead) refers to iap.o(.data) for .data
    iap.o(i.ramCopy) refers to iap.o(.bss) for .bss
    iap.o(i.ramCopy) refers to iap.o(.data) for .data
    iap.o(i.sectorErase) refers to iap.o(.bss) for .bss
    iap.o(i.sectorErase) refers to iap.o(.data) for .data
    iap.o(i.sectorPrepare) refers to iap.o(.bss) for .bss
    iap.o(i.sectorPrepare) refers to iap.o(.data) for .data
    updateinfo.o(i.UpdateInfoAppCodeErase) refers to w25qflash.o(i.W25qFlashEraseSector) for W25qFlashEraseSector
    updateinfo.o(i.UpdateInfoAppCodeSave) refers to w25qflash.o(i.W25qFlashWriteData) for W25qFlashWriteData
    updateinfo.o(i.UpdateInfoAppCodeUpdate) refers to memseta.o(.text) for __aeabi_memclr4
    updateinfo.o(i.UpdateInfoAppCodeUpdate) refers to w25qflash.o(i.W25qFlashReadData) for W25qFlashReadData
    updateinfo.o(i.UpdateInfoAppCodeUpdate) refers to uread4.o(.text) for __aeabi_uread4
    updateinfo.o(i.UpdateInfoAppCodeUpdate) refers to iap.o(i.sectorPrepare) for sectorPrepare
    updateinfo.o(i.UpdateInfoAppCodeUpdate) refers to iap.o(i.sectorErase) for sectorErase
    updateinfo.o(i.UpdateInfoAppCodeUpdate) refers to iap.o(i.ramCopy) for ramCopy
    updateinfo.o(i.UpdateInfoAppCodeUpdate) refers to uwrite4.o(.text) for __aeabi_uwrite4
    updateinfo.o(i.UpdateInfoAppCodeUpdate) refers to malloc.o(i.free) for free
    updateinfo.o(i.UpdateInfoAppCodeUpdate) refers to updateinfo.o(i.UpdateInfoSet) for UpdateInfoSet
    updateinfo.o(i.UpdateInfoAppCodeUpdate) refers to printf3.o(i.__0printf$3) for __2printf
    updateinfo.o(i.UpdateInfoAppCodeUpdate) refers to iap.o(.data) for IAP_Entry
    updateinfo.o(i.UpdateInfoAppCodeUpdate) refers to updateinfo.o(.data) for .data
    updateinfo.o(i.UpdateInfoGet) refers to w25qflash.o(i.W25qFlashReadData) for W25qFlashReadData
    updateinfo.o(i.UpdateInfoInit) refers to w25qflash.o(i.W25qFlashInit) for W25qFlashInit
    updateinfo.o(i.UpdateInfoInit) refers to w25qflash.o(i.W25qFlashReadData) for W25qFlashReadData
    updateinfo.o(i.UpdateInfoInit) refers to w25qflash.o(i.W25qFlashEraseSector) for W25qFlashEraseSector
    updateinfo.o(i.UpdateInfoInit) refers to memseta.o(.text) for __aeabi_memclr4
    updateinfo.o(i.UpdateInfoInit) refers to strcpy.o(.text) for strcpy
    updateinfo.o(i.UpdateInfoInit) refers to w25qflash.o(i.W25qFlashWriteData) for W25qFlashWriteData
    updateinfo.o(i.UpdateInfoInit) refers to printf3.o(i.__0printf$3) for __2printf
    updateinfo.o(i.UpdateInfoInit) refers to uread4.o(.text) for __aeabi_uread4
    updateinfo.o(i.UpdateInfoIsUpdate) refers to w25qflash.o(i.W25qFlashReadData) for W25qFlashReadData
    updateinfo.o(i.UpdateInfoSet) refers to w25qflash.o(i.W25qFlashEraseSector) for W25qFlashEraseSector
    updateinfo.o(i.UpdateInfoSet) refers to w25qflash.o(i.W25qFlashWriteData) for W25qFlashWriteData
    main.o(i.fputc) refers to uart.o(i.uart0_send_byte) for uart0_send_byte
    main.o(i.main) refers to syscon.o(i.syscon_ahb_enable) for syscon_ahb_enable
    main.o(i.main) refers to uart.o(i.uart0_init) for uart0_init
    main.o(i.main) refers to printf3.o(i.__0printf$3) for __2printf
    main.o(i.main) refers to updateinfo.o(i.UpdateInfoInit) for UpdateInfoInit
    main.o(i.main) refers to updateinfo.o(i.UpdateInfoAppCodeUpdate) for UpdateInfoAppCodeUpdate
    system_lpc112x.o(i.SystemCoreClockUpdate) refers to system_lpc112x.o(i.__ARM_common_switch8) for __ARM_common_switch8
    system_lpc112x.o(i.SystemCoreClockUpdate) refers to uidiv.o(.text) for __aeabi_uidivmod
    system_lpc112x.o(i.SystemCoreClockUpdate) refers to system_lpc112x.o(.data) for .data
    startup_lpc112x.o(RESET) refers to startup_lpc112x.o(STACK) for __initial_sp
    startup_lpc112x.o(RESET) refers to startup_lpc112x.o(.text) for Reset_Handler
    startup_lpc112x.o(.text) refers to system_lpc112x.o(i.SystemInit) for SystemInit
    startup_lpc112x.o(.text) refers to entry.o(.ARM.Collect$$$$00000000) for __main
    w25qflash.o(i.W25qFlashCopy) refers to w25qflash.o(i.W25qFlashReadData) for W25qFlashReadData
    w25qflash.o(i.W25qFlashCopy) refers to w25qflash.o(i.W25qFlashWriteAPage) for W25qFlashWriteAPage
    w25qflash.o(i.W25qFlashEraseChip) refers to w25qflash.o(i.W25qFlashWaitIdle) for W25qFlashWaitIdle
    w25qflash.o(i.W25qFlashEraseChip) refers to w25qflash.o(i.W25qFlashWriteControl) for W25qFlashWriteControl
    w25qflash.o(i.W25qFlashEraseChip) refers to gpio.o(i.gpio_set_bitval) for gpio_set_bitval
    w25qflash.o(i.W25qFlashEraseChip) refers to w25qflash.o(i.W25qFlashRWBytes) for W25qFlashRWBytes
    w25qflash.o(i.W25qFlashEraseSector) refers to w25qflash.o(i.W25qFlashWaitIdle) for W25qFlashWaitIdle
    w25qflash.o(i.W25qFlashEraseSector) refers to w25qflash.o(i.W25qFlashWriteControl) for W25qFlashWriteControl
    w25qflash.o(i.W25qFlashEraseSector) refers to gpio.o(i.gpio_set_bitval) for gpio_set_bitval
    w25qflash.o(i.W25qFlashEraseSector) refers to w25qflash.o(i.W25qFlashRWBytes) for W25qFlashRWBytes
    w25qflash.o(i.W25qFlashInit) refers to syscon.o(i.syscon_ahb_enable) for syscon_ahb_enable
    w25qflash.o(i.W25qFlashInit) refers to gpio.o(i.gpio_set_dir) for gpio_set_dir
    w25qflash.o(i.W25qFlashInit) refers to gpio.o(i.gpio_set_bitval) for gpio_set_bitval
    w25qflash.o(i.W25qFlashInit) refers to w25qflash.o(i.W25qFlashReadID) for W25qFlashReadID
    w25qflash.o(i.W25qFlashIsBusy) refers to gpio.o(i.gpio_set_bitval) for gpio_set_bitval
    w25qflash.o(i.W25qFlashIsBusy) refers to w25qflash.o(i.W25qFlashRWBytes) for W25qFlashRWBytes
    w25qflash.o(i.W25qFlashPowerControl) refers to gpio.o(i.gpio_set_bitval) for gpio_set_bitval
    w25qflash.o(i.W25qFlashPowerControl) refers to w25qflash.o(i.W25qFlashRWBytes) for W25qFlashRWBytes
    w25qflash.o(i.W25qFlashRWBytes) refers to gpio.o(i.gpio_set_bitval) for gpio_set_bitval
    w25qflash.o(i.W25qFlashRWBytes) refers to gpio.o(i.gpio_get_bitval) for gpio_get_bitval
    w25qflash.o(i.W25qFlashReadData) refers to w25qflash.o(i.W25qFlashWaitIdle) for W25qFlashWaitIdle
    w25qflash.o(i.W25qFlashReadData) refers to gpio.o(i.gpio_set_bitval) for gpio_set_bitval
    w25qflash.o(i.W25qFlashReadData) refers to w25qflash.o(i.W25qFlashRWBytes) for W25qFlashRWBytes
    w25qflash.o(i.W25qFlashReadID) refers to gpio.o(i.gpio_set_bitval) for gpio_set_bitval
    w25qflash.o(i.W25qFlashReadID) refers to w25qflash.o(i.W25qFlashRWBytes) for W25qFlashRWBytes
    w25qflash.o(i.W25qFlashWaitIdle) refers to w25qflash.o(i.W25qFlashIsBusy) for W25qFlashIsBusy
    w25qflash.o(i.W25qFlashWriteAPage) refers to w25qflash.o(i.W25qFlashWaitIdle) for W25qFlashWaitIdle
    w25qflash.o(i.W25qFlashWriteAPage) refers to w25qflash.o(i.W25qFlashWriteControl) for W25qFlashWriteControl
    w25qflash.o(i.W25qFlashWriteAPage) refers to gpio.o(i.gpio_set_bitval) for gpio_set_bitval
    w25qflash.o(i.W25qFlashWriteAPage) refers to w25qflash.o(i.W25qFlashRWBytes) for W25qFlashRWBytes
    w25qflash.o(i.W25qFlashWriteControl) refers to gpio.o(i.gpio_set_bitval) for gpio_set_bitval
    w25qflash.o(i.W25qFlashWriteControl) refers to w25qflash.o(i.W25qFlashRWBytes) for W25qFlashRWBytes
    w25qflash.o(i.W25qFlashWriteData) refers to w25qflash.o(i.W25qFlashWriteAPage) for W25qFlashWriteAPage
    gpio.o(i.gpio_set_interrupt) refers to system_lpc112x.o(i.__ARM_common_switch8) for __ARM_common_switch8
    uart.o(i.uart0_init) refers to syscon.o(i.syscon_ahb_enable) for syscon_ahb_enable
    uart.o(i.uart0_init) refers to syscon.o(i.syscon_uart0_div) for syscon_uart0_div
    uart.o(i.uart0_init) refers to dfltui.o(.text) for __aeabi_ui2d
    uart.o(i.uart0_init) refers to dmul.o(.text) for __aeabi_dmul
    uart.o(i.uart0_init) refers to uidiv.o(.text) for __aeabi_uidivmod
    uart.o(i.uart0_init) refers to ddiv.o(.text) for __aeabi_ddiv
    uart.o(i.uart0_init) refers to dfixui.o(.text) for __aeabi_d2uiz
    uart.o(i.uart0_init) refers to uart.o(i.NVIC_SetPriority) for NVIC_SetPriority
    uart.o(i.uart0_init) refers to system_lpc112x.o(.data) for SystemCoreClock
    uart.o(i.uart1_init) refers to syscon.o(i.syscon_ahb_enable) for syscon_ahb_enable
    uart.o(i.uart1_init) refers to dfltui.o(.text) for __aeabi_ui2d
    uart.o(i.uart1_init) refers to dmul.o(.text) for __aeabi_dmul
    uart.o(i.uart1_init) refers to uidiv.o(.text) for __aeabi_uidivmod
    uart.o(i.uart1_init) refers to ddiv.o(.text) for __aeabi_ddiv
    uart.o(i.uart1_init) refers to dfixui.o(.text) for __aeabi_d2uiz
    uart.o(i.uart1_init) refers to uart.o(i.NVIC_SetPriority) for NVIC_SetPriority
    uart.o(i.uart1_init) refers to system_lpc112x.o(.data) for SystemCoreClock
    uart.o(i.uart2_init) refers to syscon.o(i.syscon_ahb_enable) for syscon_ahb_enable
    uart.o(i.uart2_init) refers to dfltui.o(.text) for __aeabi_ui2d
    uart.o(i.uart2_init) refers to dmul.o(.text) for __aeabi_dmul
    uart.o(i.uart2_init) refers to uidiv.o(.text) for __aeabi_uidivmod
    uart.o(i.uart2_init) refers to ddiv.o(.text) for __aeabi_ddiv
    uart.o(i.uart2_init) refers to dfixui.o(.text) for __aeabi_d2uiz
    uart.o(i.uart2_init) refers to uart.o(i.NVIC_SetPriority) for NVIC_SetPriority
    uart.o(i.uart2_init) refers to system_lpc112x.o(.data) for SystemCoreClock
    entry.o(.ARM.Collect$$$$00000000) refers (Special) to entry10a.o(.ARM.Collect$$$$0000000D) for __rt_final_cpp
    entry.o(.ARM.Collect$$$$00000000) refers (Special) to entry11a.o(.ARM.Collect$$$$0000000F) for __rt_final_exit
    entry.o(.ARM.Collect$$$$00000000) refers (Special) to entry7b.o(.ARM.Collect$$$$00000008) for _main_clock
    entry.o(.ARM.Collect$$$$00000000) refers (Special) to entry8b.o(.ARM.Collect$$$$0000000A) for _main_cpp_init
    entry.o(.ARM.Collect$$$$00000000) refers (Special) to entry9a.o(.ARM.Collect$$$$0000000B) for _main_init
    entry.o(.ARM.Collect$$$$00000000) refers (Special) to entry5.o(.ARM.Collect$$$$00000004) for _main_scatterload
    entry.o(.ARM.Collect$$$$00000000) refers (Special) to entry2.o(.ARM.Collect$$$$00000001) for _main_stk
    printfb.o(i.__0fprintf$bare) refers to printfb.o(i._printf_core) for _printf_core
    printfb.o(i.__0fprintf$bare) refers to main.o(i.fputc) for fputc
    printfb.o(i.__0printf$bare) refers to printfb.o(i._printf_core) for _printf_core
    printfb.o(i.__0printf$bare) refers to main.o(i.fputc) for fputc
    printfb.o(i.__0printf$bare) refers to stdout.o(.data) for __stdout
    printfb.o(i.__0snprintf$bare) refers to printfb.o(i._printf_core) for _printf_core
    printfb.o(i.__0snprintf$bare) refers to printfb.o(i._snputc) for _snputc
    printfb.o(i.__0sprintf$bare) refers to printfb.o(i._printf_core) for _printf_core
    printfb.o(i.__0sprintf$bare) refers to printfb.o(i._sputc) for _sputc
    printfb.o(i.__0vfprintf$bare) refers to printfb.o(i._printf_core) for _printf_core
    printfb.o(i.__0vfprintf$bare) refers to main.o(i.fputc) for fputc
    printfb.o(i.__0vprintf$bare) refers to printfb.o(i._printf_core) for _printf_core
    printfb.o(i.__0vprintf$bare) refers to main.o(i.fputc) for fputc
    printfb.o(i.__0vprintf$bare) refers to stdout.o(.data) for __stdout
    printfb.o(i.__0vsnprintf$bare) refers to printfb.o(i._printf_core) for _printf_core
    printfb.o(i.__0vsnprintf$bare) refers to printfb.o(i._snputc) for _snputc
    printfb.o(i.__0vsprintf$bare) refers to printfb.o(i._printf_core) for _printf_core
    printfb.o(i.__0vsprintf$bare) refers to printfb.o(i._sputc) for _sputc
    printf0.o(i.__0fprintf$0) refers to printf0.o(i._printf_core) for _printf_core
    printf0.o(i.__0fprintf$0) refers to main.o(i.fputc) for fputc
    printf0.o(i.__0printf$0) refers to printf0.o(i._printf_core) for _printf_core
    printf0.o(i.__0printf$0) refers to main.o(i.fputc) for fputc
    printf0.o(i.__0printf$0) refers to stdout.o(.data) for __stdout
    printf0.o(i.__0snprintf$0) refers to printf0.o(i._printf_core) for _printf_core
    printf0.o(i.__0snprintf$0) refers to printf0.o(i._snputc) for _snputc
    printf0.o(i.__0sprintf$0) refers to printf0.o(i._printf_core) for _printf_core
    printf0.o(i.__0sprintf$0) refers to printf0.o(i._sputc) for _sputc
    printf0.o(i.__0vfprintf$0) refers to printf0.o(i._printf_core) for _printf_core
    printf0.o(i.__0vfprintf$0) refers to main.o(i.fputc) for fputc
    printf0.o(i.__0vprintf$0) refers to printf0.o(i._printf_core) for _printf_core
    printf0.o(i.__0vprintf$0) refers to main.o(i.fputc) for fputc
    printf0.o(i.__0vprintf$0) refers to stdout.o(.data) for __stdout
    printf0.o(i.__0vsnprintf$0) refers to printf0.o(i._printf_core) for _printf_core
    printf0.o(i.__0vsnprintf$0) refers to printf0.o(i._snputc) for _snputc
    printf0.o(i.__0vsprintf$0) refers to printf0.o(i._printf_core) for _printf_core
    printf0.o(i.__0vsprintf$0) refers to printf0.o(i._sputc) for _sputc
    printf1.o(i.__0fprintf$1) refers to printf1.o(i._printf_core) for _printf_core
    printf1.o(i.__0fprintf$1) refers to main.o(i.fputc) for fputc
    printf1.o(i.__0printf$1) refers to printf1.o(i._printf_core) for _printf_core
    printf1.o(i.__0printf$1) refers to main.o(i.fputc) for fputc
    printf1.o(i.__0printf$1) refers to stdout.o(.data) for __stdout
    printf1.o(i.__0snprintf$1) refers to printf1.o(i._printf_core) for _printf_core
    printf1.o(i.__0snprintf$1) refers to printf1.o(i._snputc) for _snputc
    printf1.o(i.__0sprintf$1) refers to printf1.o(i._printf_core) for _printf_core
    printf1.o(i.__0sprintf$1) refers to printf1.o(i._sputc) for _sputc
    printf1.o(i.__0vfprintf$1) refers to printf1.o(i._printf_core) for _printf_core
    printf1.o(i.__0vfprintf$1) refers to main.o(i.fputc) for fputc
    printf1.o(i.__0vprintf$1) refers to printf1.o(i._printf_core) for _printf_core
    printf1.o(i.__0vprintf$1) refers to main.o(i.fputc) for fputc
    printf1.o(i.__0vprintf$1) refers to stdout.o(.data) for __stdout
    printf1.o(i.__0vsnprintf$1) refers to printf1.o(i._printf_core) for _printf_core
    printf1.o(i.__0vsnprintf$1) refers to printf1.o(i._snputc) for _snputc
    printf1.o(i.__0vsprintf$1) refers to printf1.o(i._printf_core) for _printf_core
    printf1.o(i.__0vsprintf$1) refers to printf1.o(i._sputc) for _sputc
    printf1.o(i._printf_core) refers to uidiv.o(.text) for __aeabi_uidivmod
    printf2.o(i.__0fprintf$2) refers to printf2.o(i._printf_core) for _printf_core
    printf2.o(i.__0fprintf$2) refers to main.o(i.fputc) for fputc
    printf2.o(i.__0printf$2) refers to printf2.o(i._printf_core) for _printf_core
    printf2.o(i.__0printf$2) refers to main.o(i.fputc) for fputc
    printf2.o(i.__0printf$2) refers to stdout.o(.data) for __stdout
    printf2.o(i.__0snprintf$2) refers to printf2.o(i._printf_core) for _printf_core
    printf2.o(i.__0snprintf$2) refers to printf2.o(i._snputc) for _snputc
    printf2.o(i.__0sprintf$2) refers to printf2.o(i._printf_core) for _printf_core
    printf2.o(i.__0sprintf$2) refers to printf2.o(i._sputc) for _sputc
    printf2.o(i.__0vfprintf$2) refers to printf2.o(i._printf_core) for _printf_core
    printf2.o(i.__0vfprintf$2) refers to main.o(i.fputc) for fputc
    printf2.o(i.__0vprintf$2) refers to printf2.o(i._printf_core) for _printf_core
    printf2.o(i.__0vprintf$2) refers to main.o(i.fputc) for fputc
    printf2.o(i.__0vprintf$2) refers to stdout.o(.data) for __stdout
    printf2.o(i.__0vsnprintf$2) refers to printf2.o(i._printf_core) for _printf_core
    printf2.o(i.__0vsnprintf$2) refers to printf2.o(i._snputc) for _snputc
    printf2.o(i.__0vsprintf$2) refers to printf2.o(i._printf_core) for _printf_core
    printf2.o(i.__0vsprintf$2) refers to printf2.o(i._sputc) for _sputc
    printf3.o(i.__0fprintf$3) refers to printf3.o(i._printf_core) for _printf_core
    printf3.o(i.__0fprintf$3) refers to main.o(i.fputc) for fputc
    printf3.o(i.__0printf$3) refers to printf3.o(i._printf_core) for _printf_core
    printf3.o(i.__0printf$3) refers to main.o(i.fputc) for fputc
    printf3.o(i.__0printf$3) refers to stdout.o(.data) for __stdout
    printf3.o(i.__0snprintf$3) refers to printf3.o(i._printf_core) for _printf_core
    printf3.o(i.__0snprintf$3) refers to printf3.o(i._snputc) for _snputc
    printf3.o(i.__0sprintf$3) refers to printf3.o(i._printf_core) for _printf_core
    printf3.o(i.__0sprintf$3) refers to printf3.o(i._sputc) for _sputc
    printf3.o(i.__0vfprintf$3) refers to printf3.o(i._printf_core) for _printf_core
    printf3.o(i.__0vfprintf$3) refers to main.o(i.fputc) for fputc
    printf3.o(i.__0vprintf$3) refers to printf3.o(i._printf_core) for _printf_core
    printf3.o(i.__0vprintf$3) refers to main.o(i.fputc) for fputc
    printf3.o(i.__0vprintf$3) refers to stdout.o(.data) for __stdout
    printf3.o(i.__0vsnprintf$3) refers to printf3.o(i._printf_core) for _printf_core
    printf3.o(i.__0vsnprintf$3) refers to printf3.o(i._snputc) for _snputc
    printf3.o(i.__0vsprintf$3) refers to printf3.o(i._printf_core) for _printf_core
    printf3.o(i.__0vsprintf$3) refers to printf3.o(i._sputc) for _sputc
    printf3.o(i._printf_core) refers to uidiv.o(.text) for __aeabi_uidivmod
    printf4.o(i.__0fprintf$4) refers to printf4.o(i._printf_core) for _printf_core
    printf4.o(i.__0fprintf$4) refers to main.o(i.fputc) for fputc
    printf4.o(i.__0printf$4) refers to printf4.o(i._printf_core) for _printf_core
    printf4.o(i.__0printf$4) refers to main.o(i.fputc) for fputc
    printf4.o(i.__0printf$4) refers to stdout.o(.data) for __stdout
    printf4.o(i.__0snprintf$4) refers to printf4.o(i._printf_core) for _printf_core
    printf4.o(i.__0snprintf$4) refers to printf4.o(i._snputc) for _snputc
    printf4.o(i.__0sprintf$4) refers to printf4.o(i._printf_core) for _printf_core
    printf4.o(i.__0sprintf$4) refers to printf4.o(i._sputc) for _sputc
    printf4.o(i.__0vfprintf$4) refers to printf4.o(i._printf_core) for _printf_core
    printf4.o(i.__0vfprintf$4) refers to main.o(i.fputc) for fputc
    printf4.o(i.__0vprintf$4) refers to printf4.o(i._printf_core) for _printf_core
    printf4.o(i.__0vprintf$4) refers to main.o(i.fputc) for fputc
    printf4.o(i.__0vprintf$4) refers to stdout.o(.data) for __stdout
    printf4.o(i.__0vsnprintf$4) refers to printf4.o(i._printf_core) for _printf_core
    printf4.o(i.__0vsnprintf$4) refers to printf4.o(i._snputc) for _snputc
    printf4.o(i.__0vsprintf$4) refers to printf4.o(i._printf_core) for _printf_core
    printf4.o(i.__0vsprintf$4) refers to printf4.o(i._sputc) for _sputc
    printf4.o(i._printf_core) refers to uldiv.o(.text) for __aeabi_uldivmod
    printf5.o(i.__0fprintf$5) refers to printf5.o(i._printf_core) for _printf_core
    printf5.o(i.__0fprintf$5) refers to main.o(i.fputc) for fputc
    printf5.o(i.__0printf$5) refers to printf5.o(i._printf_core) for _printf_core
    printf5.o(i.__0printf$5) refers to main.o(i.fputc) for fputc
    printf5.o(i.__0printf$5) refers to stdout.o(.data) for __stdout
    printf5.o(i.__0snprintf$5) refers to printf5.o(i._printf_core) for _printf_core
    printf5.o(i.__0snprintf$5) refers to printf5.o(i._snputc) for _snputc
    printf5.o(i.__0sprintf$5) refers to printf5.o(i._printf_core) for _printf_core
    printf5.o(i.__0sprintf$5) refers to printf5.o(i._sputc) for _sputc
    printf5.o(i.__0vfprintf$5) refers to printf5.o(i._printf_core) for _printf_core
    printf5.o(i.__0vfprintf$5) refers to main.o(i.fputc) for fputc
    printf5.o(i.__0vprintf$5) refers to printf5.o(i._printf_core) for _printf_core
    printf5.o(i.__0vprintf$5) refers to main.o(i.fputc) for fputc
    printf5.o(i.__0vprintf$5) refers to stdout.o(.data) for __stdout
    printf5.o(i.__0vsnprintf$5) refers to printf5.o(i._printf_core) for _printf_core
    printf5.o(i.__0vsnprintf$5) refers to printf5.o(i._snputc) for _snputc
    printf5.o(i.__0vsprintf$5) refers to printf5.o(i._printf_core) for _printf_core
    printf5.o(i.__0vsprintf$5) refers to printf5.o(i._sputc) for _sputc
    printf5.o(i._printf_core) refers to uldiv.o(.text) for __aeabi_uldivmod
    printf6.o(i.__0fprintf$6) refers to printf6.o(i._printf_core) for _printf_core
    printf6.o(i.__0fprintf$6) refers to main.o(i.fputc) for fputc
    printf6.o(i.__0printf$6) refers to printf6.o(i._printf_core) for _printf_core
    printf6.o(i.__0printf$6) refers to main.o(i.fputc) for fputc
    printf6.o(i.__0printf$6) refers to stdout.o(.data) for __stdout
    printf6.o(i.__0snprintf$6) refers to printf6.o(i._printf_core) for _printf_core
    printf6.o(i.__0snprintf$6) refers to printf6.o(i._snputc) for _snputc
    printf6.o(i.__0sprintf$6) refers to printf6.o(i._printf_core) for _printf_core
    printf6.o(i.__0sprintf$6) refers to printf6.o(i._sputc) for _sputc
    printf6.o(i.__0vfprintf$6) refers to printf6.o(i._printf_core) for _printf_core
    printf6.o(i.__0vfprintf$6) refers to main.o(i.fputc) for fputc
    printf6.o(i.__0vprintf$6) refers to printf6.o(i._printf_core) for _printf_core
    printf6.o(i.__0vprintf$6) refers to main.o(i.fputc) for fputc
    printf6.o(i.__0vprintf$6) refers to stdout.o(.data) for __stdout
    printf6.o(i.__0vsnprintf$6) refers to printf6.o(i._printf_core) for _printf_core
    printf6.o(i.__0vsnprintf$6) refers to printf6.o(i._snputc) for _snputc
    printf6.o(i.__0vsprintf$6) refers to printf6.o(i._printf_core) for _printf_core
    printf6.o(i.__0vsprintf$6) refers to printf6.o(i._sputc) for _sputc
    printf6.o(i._printf_core) refers to printf6.o(i._printf_pre_padding) for _printf_pre_padding
    printf6.o(i._printf_core) refers to printf6.o(i._printf_post_padding) for _printf_post_padding
    printf6.o(i._printf_core) refers to uidiv.o(.text) for __aeabi_uidivmod
    printf7.o(i.__0fprintf$7) refers to printf7.o(i._printf_core) for _printf_core
    printf7.o(i.__0fprintf$7) refers to main.o(i.fputc) for fputc
    printf7.o(i.__0printf$7) refers to printf7.o(i._printf_core) for _printf_core
    printf7.o(i.__0printf$7) refers to main.o(i.fputc) for fputc
    printf7.o(i.__0printf$7) refers to stdout.o(.data) for __stdout
    printf7.o(i.__0snprintf$7) refers to printf7.o(i._printf_core) for _printf_core
    printf7.o(i.__0snprintf$7) refers to printf7.o(i._snputc) for _snputc
    printf7.o(i.__0sprintf$7) refers to printf7.o(i._printf_core) for _printf_core
    printf7.o(i.__0sprintf$7) refers to printf7.o(i._sputc) for _sputc
    printf7.o(i.__0vfprintf$7) refers to printf7.o(i._printf_core) for _printf_core
    printf7.o(i.__0vfprintf$7) refers to main.o(i.fputc) for fputc
    printf7.o(i.__0vprintf$7) refers to printf7.o(i._printf_core) for _printf_core
    printf7.o(i.__0vprintf$7) refers to main.o(i.fputc) for fputc
    printf7.o(i.__0vprintf$7) refers to stdout.o(.data) for __stdout
    printf7.o(i.__0vsnprintf$7) refers to printf7.o(i._printf_core) for _printf_core
    printf7.o(i.__0vsnprintf$7) refers to printf7.o(i._snputc) for _snputc
    printf7.o(i.__0vsprintf$7) refers to printf7.o(i._printf_core) for _printf_core
    printf7.o(i.__0vsprintf$7) refers to printf7.o(i._sputc) for _sputc
    printf7.o(i._printf_core) refers to printf7.o(i._printf_pre_padding) for _printf_pre_padding
    printf7.o(i._printf_core) refers to printf7.o(i._printf_post_padding) for _printf_post_padding
    printf7.o(i._printf_core) refers to uldiv.o(.text) for __aeabi_uldivmod
    printf8.o(i.__0fprintf$8) refers to printf8.o(i._printf_core) for _printf_core
    printf8.o(i.__0fprintf$8) refers to main.o(i.fputc) for fputc
    printf8.o(i.__0printf$8) refers to printf8.o(i._printf_core) for _printf_core
    printf8.o(i.__0printf$8) refers to main.o(i.fputc) for fputc
    printf8.o(i.__0printf$8) refers to stdout.o(.data) for __stdout
    printf8.o(i.__0snprintf$8) refers to printf8.o(i._printf_core) for _printf_core
    printf8.o(i.__0snprintf$8) refers to printf8.o(i._snputc) for _snputc
    printf8.o(i.__0sprintf$8) refers to printf8.o(i._printf_core) for _printf_core
    printf8.o(i.__0sprintf$8) refers to printf8.o(i._sputc) for _sputc
    printf8.o(i.__0vfprintf$8) refers to printf8.o(i._printf_core) for _printf_core
    printf8.o(i.__0vfprintf$8) refers to main.o(i.fputc) for fputc
    printf8.o(i.__0vprintf$8) refers to printf8.o(i._printf_core) for _printf_core
    printf8.o(i.__0vprintf$8) refers to main.o(i.fputc) for fputc
    printf8.o(i.__0vprintf$8) refers to stdout.o(.data) for __stdout
    printf8.o(i.__0vsnprintf$8) refers to printf8.o(i._printf_core) for _printf_core
    printf8.o(i.__0vsnprintf$8) refers to printf8.o(i._snputc) for _snputc
    printf8.o(i.__0vsprintf$8) refers to printf8.o(i._printf_core) for _printf_core
    printf8.o(i.__0vsprintf$8) refers to printf8.o(i._sputc) for _sputc
    printf8.o(i._printf_core) refers to printf8.o(i._printf_pre_padding) for _printf_pre_padding
    printf8.o(i._printf_core) refers to printf8.o(i._printf_post_padding) for _printf_post_padding
    printf8.o(i._printf_core) refers to uldiv.o(.text) for __aeabi_uldivmod
    printfa.o(i.__0fprintf) refers (Special) to iusefp.o(.text) for __I$use$fp
    printfa.o(i.__0fprintf) refers to printfa.o(i._printf_core) for _printf_core
    printfa.o(i.__0fprintf) refers to main.o(i.fputc) for fputc
    printfa.o(i.__0printf) refers (Special) to iusefp.o(.text) for __I$use$fp
    printfa.o(i.__0printf) refers to printfa.o(i._printf_core) for _printf_core
    printfa.o(i.__0printf) refers to main.o(i.fputc) for fputc
    printfa.o(i.__0printf) refers to stdout.o(.data) for __stdout
    printfa.o(i.__0snprintf) refers (Special) to iusefp.o(.text) for __I$use$fp
    printfa.o(i.__0snprintf) refers to printfa.o(i._printf_core) for _printf_core
    printfa.o(i.__0snprintf) refers to printfa.o(i._snputc) for _snputc
    printfa.o(i.__0sprintf) refers (Special) to iusefp.o(.text) for __I$use$fp
    printfa.o(i.__0sprintf) refers to printfa.o(i._printf_core) for _printf_core
    printfa.o(i.__0sprintf) refers to printfa.o(i._sputc) for _sputc
    printfa.o(i.__0vfprintf) refers (Special) to iusefp.o(.text) for __I$use$fp
    printfa.o(i.__0vfprintf) refers to printfa.o(i._printf_core) for _printf_core
    printfa.o(i.__0vfprintf) refers to main.o(i.fputc) for fputc
    printfa.o(i.__0vprintf) refers (Special) to iusefp.o(.text) for __I$use$fp
    printfa.o(i.__0vprintf) refers to printfa.o(i._printf_core) for _printf_core
    printfa.o(i.__0vprintf) refers to main.o(i.fputc) for fputc
    printfa.o(i.__0vprintf) refers to stdout.o(.data) for __stdout
    printfa.o(i.__0vsnprintf) refers (Special) to iusefp.o(.text) for __I$use$fp
    printfa.o(i.__0vsnprintf) refers to printfa.o(i._printf_core) for _printf_core
    printfa.o(i.__0vsnprintf) refers to printfa.o(i._snputc) for _snputc
    printfa.o(i.__0vsprintf) refers (Special) to iusefp.o(.text) for __I$use$fp
    printfa.o(i.__0vsprintf) refers to printfa.o(i._printf_core) for _printf_core
    printfa.o(i.__0vsprintf) refers to printfa.o(i._sputc) for _sputc
    printfa.o(i._fp_digits) refers (Special) to iusefp.o(.text) for __I$use$fp
    printfa.o(i._fp_digits) refers to dmul.o(.text) for __aeabi_dmul
    printfa.o(i._fp_digits) refers to ddiv.o(.text) for __aeabi_ddiv
    printfa.o(i._fp_digits) refers to cdrcmple.o(.text) for __aeabi_cdrcmple
    printfa.o(i._fp_digits) refers to dadd.o(.text) for __aeabi_dadd
    printfa.o(i._fp_digits) refers to dfixul.o(.text) for __aeabi_d2ulz
    printfa.o(i._fp_digits) refers to uldiv.o(.text) for __aeabi_uldivmod
    printfa.o(i._printf_core) refers (Special) to iusefp.o(.text) for __I$use$fp
    printfa.o(i._printf_core) refers to printfa.o(i._printf_pre_padding) for _printf_pre_padding
    printfa.o(i._printf_core) refers to uldiv.o(.text) for __aeabi_uldivmod
    printfa.o(i._printf_core) refers to printfa.o(i._printf_post_padding) for _printf_post_padding
    printfa.o(i._printf_core) refers to printfa.o(i._fp_digits) for _fp_digits
    printfa.o(i._printf_core) refers to uidiv.o(.text) for __aeabi_uidivmod
    printfa.o(i._printf_post_padding) refers (Special) to iusefp.o(.text) for __I$use$fp
    printfa.o(i._printf_pre_padding) refers (Special) to iusefp.o(.text) for __I$use$fp
    printfa.o(i._snputc) refers (Special) to iusefp.o(.text) for __I$use$fp
    printfa.o(i._sputc) refers (Special) to iusefp.o(.text) for __I$use$fp
    malloc.o(i.free) refers to mvars.o(.data) for __microlib_freelist
    malloc.o(i.malloc) refers to mvars.o(.data) for __microlib_freelist_initialised
    malloc.o(i.malloc) refers to mvars.o(.data) for __microlib_freelist
    malloc.o(i.malloc) refers to startup_lpc112x.o(HEAP) for __heap_base
    mallocr.o(i.__free$realloc) refers to mvars.o(.data) for __microlib_freelist
    mallocr.o(i.__malloc$realloc) refers to mallocr.o(i.internal_alloc) for internal_alloc
    mallocr.o(i.__malloc$realloc) refers to mvars.o(.data) for __microlib_freelist_initialised
    mallocr.o(i.__malloc$realloc) refers to startup_lpc112x.o(HEAP) for __heap_base
    mallocr.o(i.__malloc$realloc) refers to mvars.o(.data) for __microlib_freelist
    mallocr.o(i.internal_alloc) refers to memcpya.o(.text) for __aeabi_memcpy
    mallocr.o(i.internal_alloc) refers to mvars.o(.data) for __microlib_freelist
    mallocr.o(i.realloc) refers to mallocr.o(i.__free$realloc) for __free$realloc
    mallocr.o(i.realloc) refers to mallocr.o(i.internal_alloc) for internal_alloc
    mallocr.o(i.realloc) refers to mallocr.o(i.__malloc$realloc) for __malloc$realloc
    mallocr.o(i.realloc) refers to mvars.o(.data) for __microlib_freelist
    malloca.o(i.__aligned_malloc) refers to mvars.o(.data) for __microlib_freelist
    malloca.o(i.__aligned_malloc) refers to mvars.o(.data) for __microlib_freelist_initialised
    malloca.o(i.__aligned_malloc) refers to startup_lpc112x.o(HEAP) for __heap_base
    malloca.o(i.__free$memalign) refers to mvars.o(.data) for __microlib_freelist
    malloca.o(i.__malloc$memalign) refers to malloca.o(i.__aligned_malloc) for __aligned_malloc
    mallocra.o(i.__aligned_malloc$realloc) refers to mallocra.o(i.internal_alloc) for internal_alloc
    mallocra.o(i.__aligned_malloc$realloc) refers to startup_lpc112x.o(HEAP) for __heap_base
    mallocra.o(i.__aligned_malloc$realloc) refers to mvars.o(.data) for __microlib_freelist
    mallocra.o(i.__aligned_malloc$realloc) refers to mvars.o(.data) for __microlib_freelist_initialised
    mallocra.o(i.__free$realloc$memalign) refers to mvars.o(.data) for __microlib_freelist
    mallocra.o(i.__malloc$realloc$memalign) refers to mallocra.o(i.__aligned_malloc$realloc) for __aligned_malloc$realloc
    mallocra.o(i.__realloc$memalign) refers to mallocra.o(i.__free$realloc$memalign) for __free$realloc$memalign
    mallocra.o(i.__realloc$memalign) refers to mallocra.o(i.internal_alloc) for internal_alloc
    mallocra.o(i.__realloc$memalign) refers to mallocra.o(i.__malloc$realloc$memalign) for __malloc$realloc$memalign
    mallocra.o(i.__realloc$memalign) refers to mvars.o(.data) for __microlib_freelist
    mallocra.o(i.internal_alloc) refers to memcpya.o(.text) for __aeabi_memcpy
    mallocra.o(i.internal_alloc) refers to mvars.o(.data) for __microlib_freelist
    dmul.o(.text) refers (Special) to iusefp.o(.text) for __I$use$fp
    dmul.o(.text) refers to depilogue.o(.text) for _double_epilogue
    ddiv.o(.text) refers (Special) to iusefp.o(.text) for __I$use$fp
    ddiv.o(.text) refers to depilogue.o(.text) for _double_round
    dfltui.o(.text) refers (Special) to iusefp.o(.text) for __I$use$fp
    dfltui.o(.text) refers to depilogue.o(.text) for _double_epilogue
    dfixui.o(.text) refers (Special) to iusefp.o(.text) for __I$use$fp
    dfixui.o(.text) refers to llushr.o(.text) for __aeabi_llsr
    entry2.o(.ARM.Collect$$$$00000001) refers to entry2.o(.ARM.Collect$$$$00002712) for __lit__00000000
    entry2.o(.ARM.Collect$$$$00002712) refers to startup_lpc112x.o(STACK) for __initial_sp
    entry2.o(__vectab_stack_and_reset_area) refers to startup_lpc112x.o(STACK) for __initial_sp
    entry2.o(__vectab_stack_and_reset_area) refers to entry.o(.ARM.Collect$$$$00000000) for __main
    entry5.o(.ARM.Collect$$$$00000004) refers to init.o(.text) for __scatterload
    entry9a.o(.ARM.Collect$$$$0000000B) refers to main.o(i.main) for main
    entry9b.o(.ARM.Collect$$$$0000000C) refers to main.o(i.main) for main
    uldiv.o(.text) refers to llushr.o(.text) for __aeabi_llsr
    uldiv.o(.text) refers to llshl.o(.text) for __aeabi_llsl
    depilogue.o(.text) refers to depilogue.o(i.__ARM_clz) for __ARM_clz
    depilogue.o(.text) refers to llshl.o(.text) for __aeabi_llsl
    depilogue.o(.text) refers to llushr.o(.text) for __aeabi_llsr
    dadd.o(.text) refers to llshl.o(.text) for __aeabi_llsl
    dadd.o(.text) refers to llsshr.o(.text) for __aeabi_lasr
    dadd.o(.text) refers to depilogue.o(.text) for _double_epilogue
    dfixul.o(.text) refers to llushr.o(.text) for __aeabi_llsr
    dfixul.o(.text) refers to llshl.o(.text) for __aeabi_llsl
    init.o(.text) refers to entry5.o(.ARM.Collect$$$$00000004) for __main_after_scatterload


==============================================================================

Removing Unused input sections from the image.

    Removing iap.o(.rev16_text), (4 bytes).
    Removing iap.o(.revsh_text), (4 bytes).
    Removing iap.o(i.blankChk), (40 bytes).
    Removing iap.o(i.codeIdBoot), (36 bytes).
    Removing iap.o(i.dataCompare), (40 bytes).
    Removing iap.o(i.parIdRead), (36 bytes).
    Removing updateinfo.o(.rev16_text), (4 bytes).
    Removing updateinfo.o(.revsh_text), (4 bytes).
    Removing updateinfo.o(i.UpdateInfoAppCodeErase), (26 bytes).
    Removing updateinfo.o(i.UpdateInfoAppCodeSave), (8 bytes).
    Removing updateinfo.o(i.UpdateInfoGet), (16 bytes).
    Removing updateinfo.o(i.UpdateInfoIsUpdate), (22 bytes).
    Removing main.o(.rev16_text), (4 bytes).
    Removing main.o(.revsh_text), (4 bytes).
    Removing system_lpc112x.o(.rev16_text), (4 bytes).
    Removing system_lpc112x.o(.revsh_text), (4 bytes).
    Removing system_lpc112x.o(i.SystemCoreClockUpdate), (288 bytes).
    Removing startup_lpc112x.o(HEAP), (256 bytes).
    Removing w25qflash.o(.rev16_text), (4 bytes).
    Removing w25qflash.o(.revsh_text), (4 bytes).
    Removing w25qflash.o(i.W25qFlashCopy), (86 bytes).
    Removing w25qflash.o(i.W25qFlashEraseChip), (60 bytes).
    Removing w25qflash.o(i.W25qFlashPowerControl), (40 bytes).
    Removing syscon.o(.rev16_text), (4 bytes).
    Removing syscon.o(.revsh_text), (4 bytes).
    Removing syscon.o(i.syscon_ahb_div), (12 bytes).
    Removing syscon.o(i.syscon_clkout_cs), (12 bytes).
    Removing syscon.o(i.syscon_clkout_cs_update), (20 bytes).
    Removing syscon.o(i.syscon_clkout_div), (12 bytes).
    Removing syscon.o(i.syscon_pd_off), (16 bytes).
    Removing syscon.o(i.syscon_pd_on), (16 bytes).
    Removing syscon.o(i.syscon_ppp_reset_dis), (16 bytes).
    Removing syscon.o(i.syscon_ppp_reset_en), (16 bytes).
    Removing syscon.o(i.syscon_spi0_div), (12 bytes).
    Removing syscon.o(i.syscon_spi1_div), (12 bytes).
    Removing syscon.o(i.syscon_wdt_clk_update), (20 bytes).
    Removing syscon.o(i.syscon_wdt_div), (12 bytes).
    Removing syscon.o(i.syscon_wdt_osc), (16 bytes).
    Removing gpio.o(.rev16_text), (4 bytes).
    Removing gpio.o(.revsh_text), (4 bytes).
    Removing gpio.o(i.gpio_clear_interrupt), (18 bytes).
    Removing gpio.o(i.gpio_enable_interrupt), (18 bytes).
    Removing gpio.o(i.gpio_get_intstatus), (20 bytes).
    Removing gpio.o(i.gpio_set_interrupt), (88 bytes).
    Removing uart.o(.rev16_text), (4 bytes).
    Removing uart.o(.revsh_text), (4 bytes).
    Removing uart.o(i.uart0_recv_byte), (12 bytes).
    Removing uart.o(i.uart1_init), (128 bytes).
    Removing uart.o(i.uart1_recv_byte), (12 bytes).
    Removing uart.o(i.uart1_send_byte), (16 bytes).
    Removing uart.o(i.uart2_init), (144 bytes).
    Removing uart.o(i.uart2_send), (40 bytes).
    Removing uart.o(i.uart2_send_byte), (16 bytes).
    Removing dadd.o(.text), (356 bytes).
    Removing dfixul.o(.text), (64 bytes).
    Removing cdrcmple.o(.text), (40 bytes).
    Removing system_lpc112x.o(i.__ARM_common_switch8), (26 bytes).

57 unused section(s) (total 2208 bytes) removed from the image.

==============================================================================

Image Symbol Table

    Local Symbols

    Symbol Name                              Value     Ov Type        Size  Object(Section)

    RESET                                    0x00000000   Section      192  startup_lpc112x.o(RESET)
    ../clib/microlib/division.c              0x00000000   Number         0  uldiv.o ABSOLUTE
    ../clib/microlib/division.c              0x00000000   Number         0  uidiv.o ABSOLUTE
    ../clib/microlib/init/entry.s            0x00000000   Number         0  entry9a.o ABSOLUTE
    ../clib/microlib/init/entry.s            0x00000000   Number         0  entry2.o ABSOLUTE
    ../clib/microlib/init/entry.s            0x00000000   Number         0  entry9b.o ABSOLUTE
    ../clib/microlib/init/entry.s            0x00000000   Number         0  entry8b.o ABSOLUTE
    ../clib/microlib/init/entry.s            0x00000000   Number         0  entry5.o ABSOLUTE
    ../clib/microlib/init/entry.s            0x00000000   Number         0  entry10a.o ABSOLUTE
    ../clib/microlib/init/entry.s            0x00000000   Number         0  entry10b.o ABSOLUTE
    ../clib/microlib/init/entry.s            0x00000000   Number         0  entry11a.o ABSOLUTE
    ../clib/microlib/init/entry.s            0x00000000   Number         0  entry11b.o ABSOLUTE
    ../clib/microlib/init/entry.s            0x00000000   Number         0  entry7a.o ABSOLUTE
    ../clib/microlib/init/entry.s            0x00000000   Number         0  entry7b.o ABSOLUTE
    ../clib/microlib/init/entry.s            0x00000000   Number         0  entry8a.o ABSOLUTE
    ../clib/microlib/init/entry.s            0x00000000   Number         0  entry.o ABSOLUTE
    ../clib/microlib/longlong.c              0x00000000   Number         0  llushr.o ABSOLUTE
    ../clib/microlib/longlong.c              0x00000000   Number         0  llsshr.o ABSOLUTE
    ../clib/microlib/longlong.c              0x00000000   Number         0  llshl.o ABSOLUTE
    ../clib/microlib/malloc/malloc.c         0x00000000   Number         0  mallocr.o ABSOLUTE
    ../clib/microlib/malloc/malloc.c         0x00000000   Number         0  mallocra.o ABSOLUTE
    ../clib/microlib/malloc/malloc.c         0x00000000   Number         0  malloca.o ABSOLUTE
    ../clib/microlib/malloc/malloc.c         0x00000000   Number         0  malloc.o ABSOLUTE
    ../clib/microlib/malloc/mvars.c          0x00000000   Number         0  mvars.o ABSOLUTE
    ../clib/microlib/printf/printf.c         0x00000000   Number         0  printf0.o ABSOLUTE
    ../clib/microlib/printf/printf.c         0x00000000   Number         0  printf1.o ABSOLUTE
    ../clib/microlib/printf/printf.c         0x00000000   Number         0  printf2.o ABSOLUTE
    ../clib/microlib/printf/printf.c         0x00000000   Number         0  printf3.o ABSOLUTE
    ../clib/microlib/printf/printf.c         0x00000000   Number         0  printf5.o ABSOLUTE
    ../clib/microlib/printf/printf.c         0x00000000   Number         0  printf4.o ABSOLUTE
    ../clib/microlib/printf/printf.c         0x00000000   Number         0  printf8.o ABSOLUTE
    ../clib/microlib/printf/printf.c         0x00000000   Number         0  printf7.o ABSOLUTE
    ../clib/microlib/printf/printf.c         0x00000000   Number         0  printf6.o ABSOLUTE
    ../clib/microlib/printf/printf.c         0x00000000   Number         0  printfa.o ABSOLUTE
    ../clib/microlib/printf/printf.c         0x00000000   Number         0  printfb.o ABSOLUTE
    ../clib/microlib/printf/stubs.s          0x00000000   Number         0  stubs.o ABSOLUTE
    ../clib/microlib/stdio/streams.c         0x00000000   Number         0  stdout.o ABSOLUTE
    ../clib/microlib/string/memcpy.c         0x00000000   Number         0  memcpya.o ABSOLUTE
    ../clib/microlib/string/memcpy.c         0x00000000   Number         0  memcpyb.o ABSOLUTE
    ../clib/microlib/string/memset.c         0x00000000   Number         0  memseta.o ABSOLUTE
    ../clib/microlib/string/strcpy.c         0x00000000   Number         0  strcpy.o ABSOLUTE
    ../clib/microlib/stubs.s                 0x00000000   Number         0  iusefp.o ABSOLUTE
    ../clib/microlib/unhosted.c              0x00000000   Number         0  uwrite4.o ABSOLUTE
    ../clib/microlib/unhosted.c              0x00000000   Number         0  uread4.o ABSOLUTE
    ../fplib/microlib/fpadd.c                0x00000000   Number         0  dadd.o ABSOLUTE
    ../fplib/microlib/fpdiv.c                0x00000000   Number         0  ddiv.o ABSOLUTE
    ../fplib/microlib/fpepilogue.c           0x00000000   Number         0  depilogue.o ABSOLUTE
    ../fplib/microlib/fpfix.c                0x00000000   Number         0  dfixul.o ABSOLUTE
    ../fplib/microlib/fpfix.c                0x00000000   Number         0  dfixui.o ABSOLUTE
    ../fplib/microlib/fpflt.c                0x00000000   Number         0  dfltui.o ABSOLUTE
    ../fplib/microlib/fpmul.c                0x00000000   Number         0  dmul.o ABSOLUTE
    ..\Code\App\UpdateInfo.c                 0x00000000   Number         0  updateinfo.o ABSOLUTE
    ..\Code\App\iap.c                        0x00000000   Number         0  iap.o ABSOLUTE
    ..\Code\Driver\W25qFlash.c               0x00000000   Number         0  w25qflash.o ABSOLUTE
    ..\Code\Main\main.c                      0x00000000   Number         0  main.o ABSOLUTE
    ..\Code\NXPLib\CMSIS\lpc112x\startup_LPC112x.s 0x00000000   Number         0  startup_lpc112x.o ABSOLUTE
    ..\Code\NXPLib\CMSIS\lpc112x\system_LPC112x.c 0x00000000   Number         0  system_lpc112x.o ABSOLUTE
    ..\Code\NXPLib\gpio.c                    0x00000000   Number         0  gpio.o ABSOLUTE
    ..\Code\NXPLib\syscon.c                  0x00000000   Number         0  syscon.o ABSOLUTE
    ..\Code\NXPLib\uart.c                    0x00000000   Number         0  uart.o ABSOLUTE
    ..\\Code\\App\\UpdateInfo.c              0x00000000   Number         0  updateinfo.o ABSOLUTE
    ..\\Code\\App\\iap.c                     0x00000000   Number         0  iap.o ABSOLUTE
    ..\\Code\\Driver\\W25qFlash.c            0x00000000   Number         0  w25qflash.o ABSOLUTE
    ..\\Code\\Main\\main.c                   0x00000000   Number         0  main.o ABSOLUTE
    ..\\Code\\NXPLib\\CMSIS\\lpc112x\\system_LPC112x.c 0x00000000   Number         0  system_lpc112x.o ABSOLUTE
    ..\\Code\\NXPLib\\gpio.c                 0x00000000   Number         0  gpio.o ABSOLUTE
    ..\\Code\\NXPLib\\syscon.c               0x00000000   Number         0  syscon.o ABSOLUTE
    ..\\Code\\NXPLib\\uart.c                 0x00000000   Number         0  uart.o ABSOLUTE
    cdrcmple.s                               0x00000000   Number         0  cdrcmple.o ABSOLUTE
    dc.s                                     0x00000000   Number         0  dc.o ABSOLUTE
    handlers.s                               0x00000000   Number         0  handlers.o ABSOLUTE
    init.s                                   0x00000000   Number         0  init.o ABSOLUTE
    .ARM.Collect$$$$00000000                 0x000000c0   Section        0  entry.o(.ARM.Collect$$$$00000000)
    .ARM.Collect$$$$00000001                 0x000000c0   Section        4  entry2.o(.ARM.Collect$$$$00000001)
    .ARM.Collect$$$$00000004                 0x000000c4   Section        4  entry5.o(.ARM.Collect$$$$00000004)
    .ARM.Collect$$$$00000008                 0x000000c8   Section        0  entry7b.o(.ARM.Collect$$$$00000008)
    .ARM.Collect$$$$0000000A                 0x000000c8   Section        0  entry8b.o(.ARM.Collect$$$$0000000A)
    .ARM.Collect$$$$0000000B                 0x000000c8   Section        8  entry9a.o(.ARM.Collect$$$$0000000B)
    .ARM.Collect$$$$0000000D                 0x000000d0   Section        0  entry10a.o(.ARM.Collect$$$$0000000D)
    .ARM.Collect$$$$0000000F                 0x000000d0   Section        0  entry11a.o(.ARM.Collect$$$$0000000F)
    .ARM.Collect$$$$00002712                 0x000000d0   Section        4  entry2.o(.ARM.Collect$$$$00002712)
    __lit__00000000                          0x000000d0   Data           4  entry2.o(.ARM.Collect$$$$00002712)
    .text                                    0x000000d4   Section       28  startup_lpc112x.o(.text)
    .text                                    0x000000f0   Section        0  uidiv.o(.text)
    .text                                    0x0000011c   Section        0  memseta.o(.text)
    .text                                    0x00000140   Section        0  strcpy.o(.text)
    .text                                    0x00000152   Section        0  uread4.o(.text)
    .text                                    0x00000166   Section        0  uwrite4.o(.text)
    .text                                    0x00000178   Section        0  dmul.o(.text)
    .text                                    0x00000248   Section        0  dfltui.o(.text)
    .text                                    0x00000264   Section        0  dfixui.o(.text)
    .text                                    0x000002a0   Section        0  llushr.o(.text)
    .text                                    0x000002c2   Section        0  iusefp.o(.text)
    .text                                    0x000002c4   Section       36  init.o(.text)
    i.__scatterload_copy                     0x000002e8   Section       14  handlers.o(i.__scatterload_copy)
    i.__scatterload_null                     0x000002f6   Section        2  handlers.o(i.__scatterload_null)
    .ARM.__at_0x02FC                         0x000002fc   Section        4  startup_lpc112x.o(.ARM.__at_0x02FC)
    .text                                    0x00000300   Section        0  ddiv.o(.text)
    .text                                    0x000003f0   Section        0  depilogue.o(.text)
    .text                                    0x000004ae   Section        0  llshl.o(.text)
    i.NVIC_SetPriority                       0x000004d0   Section        0  uart.o(i.NVIC_SetPriority)
    NVIC_SetPriority                         0x000004d1   Thumb Code    60  uart.o(i.NVIC_SetPriority)
    i.SystemInit                             0x00000514   Section        0  system_lpc112x.o(i.SystemInit)
    i.UpdateInfoAppCodeUpdate                0x0000056c   Section        0  updateinfo.o(i.UpdateInfoAppCodeUpdate)
    i.UpdateInfoInit                         0x000006b4   Section        0  updateinfo.o(i.UpdateInfoInit)
    i.UpdateInfoSet                          0x000007cc   Section        0  updateinfo.o(i.UpdateInfoSet)
    i.W25qFlashEraseSector                   0x000007e4   Section        0  w25qflash.o(i.W25qFlashEraseSector)
    i.W25qFlashInit                          0x00000838   Section        0  w25qflash.o(i.W25qFlashInit)
    i.W25qFlashIsBusy                        0x000008c4   Section        0  w25qflash.o(i.W25qFlashIsBusy)
    i.W25qFlashRWBytes                       0x000008f4   Section        0  w25qflash.o(i.W25qFlashRWBytes)
    W25qFlashRWBytes                         0x000008f5   Thumb Code    74  w25qflash.o(i.W25qFlashRWBytes)
    i.W25qFlashReadData                      0x00000944   Section        0  w25qflash.o(i.W25qFlashReadData)
    i.W25qFlashReadID                        0x000009a8   Section        0  w25qflash.o(i.W25qFlashReadID)
    i.W25qFlashWaitIdle                      0x000009f4   Section        0  w25qflash.o(i.W25qFlashWaitIdle)
    W25qFlashWaitIdle                        0x000009f5   Thumb Code    34  w25qflash.o(i.W25qFlashWaitIdle)
    i.W25qFlashWriteAPage                    0x00000a1c   Section        0  w25qflash.o(i.W25qFlashWriteAPage)
    i.W25qFlashWriteControl                  0x00000a84   Section        0  w25qflash.o(i.W25qFlashWriteControl)
    W25qFlashWriteControl                    0x00000a85   Thumb Code    34  w25qflash.o(i.W25qFlashWriteControl)
    i.W25qFlashWriteData                     0x00000aac   Section        0  w25qflash.o(i.W25qFlashWriteData)
    i.__0printf$3                            0x00000ae4   Section        0  printf3.o(i.__0printf$3)
    i.__ARM_clz                              0x00000b04   Section        0  depilogue.o(i.__ARM_clz)
    i.__scatterload_zeroinit                 0x00000b32   Section       14  handlers.o(i.__scatterload_zeroinit)
    i._printf_core                           0x00000b40   Section        0  printf3.o(i._printf_core)
    _printf_core                             0x00000b41   Thumb Code   456  printf3.o(i._printf_core)
    i.fputc                                  0x00000d0c   Section        0  main.o(i.fputc)
    i.free                                   0x00000d1c   Section        0  malloc.o(i.free)
    i.gpio_get_bitval                        0x00000d70   Section        0  gpio.o(i.gpio_get_bitval)
    i.gpio_set_bitval                        0x00000d84   Section        0  gpio.o(i.gpio_set_bitval)
    i.gpio_set_dir                           0x00000da0   Section        0  gpio.o(i.gpio_set_dir)
    i.main                                   0x00000dbc   Section        0  main.o(i.main)
    i.ramCopy                                0x00000e34   Section        0  iap.o(i.ramCopy)
    i.sectorErase                            0x00000e64   Section        0  iap.o(i.sectorErase)
    i.sectorPrepare                          0x00000e94   Section        0  iap.o(i.sectorPrepare)
    i.syscon_ahb_enable                      0x00000ebc   Section        0  syscon.o(i.syscon_ahb_enable)
    i.syscon_uart0_div                       0x00000ed0   Section        0  syscon.o(i.syscon_uart0_div)
    i.uart0_init                             0x00000edc   Section        0  uart.o(i.uart0_init)
    i.uart0_send_byte                        0x00000f60   Section        0  uart.o(i.uart0_send_byte)
    .data                                    0x10000000   Section        4  iap.o(.data)
    .data                                    0x10000004   Section        4  updateinfo.o(.data)
    .data                                    0x10000008   Section        4  system_lpc112x.o(.data)
    .data                                    0x1000000c   Section        4  stdout.o(.data)
    .data                                    0x10000010   Section        4  mvars.o(.data)
    .bss                                     0x10000014   Section       64  iap.o(.bss)
    STACK                                    0x10000058   Section     1024  startup_lpc112x.o(STACK)

    Global Symbols

    Symbol Name                              Value     Ov Type        Size  Object(Section)

    BuildAttributes$$THM_ISAv3M$S$PE$A:L22$X:L11$S22$IEEE1$IW$USESV6$~STKCKD$USESV7$~SHL$OSPACE$ROPI$EBA8$MICROLIB$REQ8$PRES8$EABIv2 0x00000000   Number         0  anon$$obj.o ABSOLUTE
    __ARM_use_no_argv                        0x00000000   Number         0  main.o ABSOLUTE
    __Vectors                                0x00000000   Data           4  startup_lpc112x.o(RESET)
    _printf_a                                0x00000000   Number         0  stubs.o ABSOLUTE
    _printf_c                                0x00000000   Number         0  stubs.o ABSOLUTE
    _printf_charcount                        0x00000000   Number         0  stubs.o ABSOLUTE
    _printf_d                                0x00000000   Number         0  stubs.o ABSOLUTE
    _printf_e                                0x00000000   Number         0  stubs.o ABSOLUTE
    _printf_f                                0x00000000   Number         0  stubs.o ABSOLUTE
    _printf_flags                            0x00000000   Number         0  stubs.o ABSOLUTE
    _printf_fp_dec                           0x00000000   Number         0  stubs.o ABSOLUTE
    _printf_fp_hex                           0x00000000   Number         0  stubs.o ABSOLUTE
    _printf_g                                0x00000000   Number         0  stubs.o ABSOLUTE
    _printf_i                                0x00000000   Number         0  stubs.o ABSOLUTE
    _printf_int_dec                          0x00000000   Number         0  stubs.o ABSOLUTE
    _printf_l                                0x00000000   Number         0  stubs.o ABSOLUTE
    _printf_lc                               0x00000000   Number         0  stubs.o ABSOLUTE
    _printf_ll                               0x00000000   Number         0  stubs.o ABSOLUTE
    _printf_lld                              0x00000000   Number         0  stubs.o ABSOLUTE
    _printf_lli                              0x00000000   Number         0  stubs.o ABSOLUTE
    _printf_llo                              0x00000000   Number         0  stubs.o ABSOLUTE
    _printf_llu                              0x00000000   Number         0  stubs.o ABSOLUTE
    _printf_llx                              0x00000000   Number         0  stubs.o ABSOLUTE
    _printf_longlong_dec                     0x00000000   Number         0  stubs.o ABSOLUTE
    _printf_longlong_hex                     0x00000000   Number         0  stubs.o ABSOLUTE
    _printf_longlong_oct                     0x00000000   Number         0  stubs.o ABSOLUTE
    _printf_ls                               0x00000000   Number         0  stubs.o ABSOLUTE
    _printf_mbtowc                           0x00000000   Number         0  stubs.o ABSOLUTE
    _printf_n                                0x00000000   Number         0  stubs.o ABSOLUTE
    _printf_o                                0x00000000   Number         0  stubs.o ABSOLUTE
    _printf_p                                0x00000000   Number         0  stubs.o ABSOLUTE
    _printf_percent                          0x00000000   Number         0  stubs.o ABSOLUTE
    _printf_pre_padding                      0x00000000   Number         0  stubs.o ABSOLUTE
    _printf_return_value                     0x00000000   Number         0  stubs.o ABSOLUTE
    _printf_s                                0x00000000   Number         0  stubs.o ABSOLUTE
    _printf_sizespec                         0x00000000   Number         0  stubs.o ABSOLUTE
    _printf_str                              0x00000000   Number         0  stubs.o ABSOLUTE
    _printf_truncate_signed                  0x00000000   Number         0  stubs.o ABSOLUTE
    _printf_truncate_unsigned                0x00000000   Number         0  stubs.o ABSOLUTE
    _printf_u                                0x00000000   Number         0  stubs.o ABSOLUTE
    _printf_wc                               0x00000000   Number         0  stubs.o ABSOLUTE
    _printf_wctomb                           0x00000000   Number         0  stubs.o ABSOLUTE
    _printf_widthprec                        0x00000000   Number         0  stubs.o ABSOLUTE
    _printf_x                                0x00000000   Number         0  stubs.o ABSOLUTE
    __cpp_initialize__aeabi_                  - Undefined Weak Reference
    __cxa_finalize                            - Undefined Weak Reference
    __decompress                              - Undefined Weak Reference
    _clock_init                               - Undefined Weak Reference
    _microlib_exit                            - Undefined Weak Reference
    __main                                   0x000000c1   Thumb Code     0  entry.o(.ARM.Collect$$$$00000000)
    _main_stk                                0x000000c1   Thumb Code     0  entry2.o(.ARM.Collect$$$$00000001)
    _main_scatterload                        0x000000c5   Thumb Code     0  entry5.o(.ARM.Collect$$$$00000004)
    __main_after_scatterload                 0x000000c9   Thumb Code     0  entry5.o(.ARM.Collect$$$$00000004)
    _main_clock                              0x000000c9   Thumb Code     0  entry7b.o(.ARM.Collect$$$$00000008)
    _main_cpp_init                           0x000000c9   Thumb Code     0  entry8b.o(.ARM.Collect$$$$0000000A)
    _main_init                               0x000000c9   Thumb Code     0  entry9a.o(.ARM.Collect$$$$0000000B)
    __rt_final_cpp                           0x000000d1   Thumb Code     0  entry10a.o(.ARM.Collect$$$$0000000D)
    __rt_final_exit                          0x000000d1   Thumb Code     0  entry11a.o(.ARM.Collect$$$$0000000F)
    Reset_Handler                            0x000000d5   Thumb Code     8  startup_lpc112x.o(.text)
    NMI_Handler                              0x000000dd   Thumb Code     2  startup_lpc112x.o(.text)
    HardFault_Handler                        0x000000df   Thumb Code     2  startup_lpc112x.o(.text)
    SVC_Handler                              0x000000e1   Thumb Code     2  startup_lpc112x.o(.text)
    PendSV_Handler                           0x000000e3   Thumb Code     2  startup_lpc112x.o(.text)
    SysTick_Handler                          0x000000e5   Thumb Code     2  startup_lpc112x.o(.text)
    ADC_A_IRQHandler                         0x000000e7   Thumb Code     0  startup_lpc112x.o(.text)
    ADC_B_IRQHandler                         0x000000e7   Thumb Code     0  startup_lpc112x.o(.text)
    BOD_IRQHandler                           0x000000e7   Thumb Code     0  startup_lpc112x.o(.text)
    CT16B0_IRQHandler                        0x000000e7   Thumb Code     0  startup_lpc112x.o(.text)
    CT16B1_IRQHandler                        0x000000e7   Thumb Code     0  startup_lpc112x.o(.text)
    CT32B0_IRQHandler                        0x000000e7   Thumb Code     0  startup_lpc112x.o(.text)
    CT32B1_IRQHandler                        0x000000e7   Thumb Code     0  startup_lpc112x.o(.text)
    FLASH_IRQHandler                         0x000000e7   Thumb Code     0  startup_lpc112x.o(.text)
    GPIO0_IRQHandler                         0x000000e7   Thumb Code     0  startup_lpc112x.o(.text)
    GPIO1_IRQHandler                         0x000000e7   Thumb Code     0  startup_lpc112x.o(.text)
    GPIO2_IRQHandler                         0x000000e7   Thumb Code     0  startup_lpc112x.o(.text)
    GPIO3_IRQHandler                         0x000000e7   Thumb Code     0  startup_lpc112x.o(.text)
    I2C_IRQHandler                           0x000000e7   Thumb Code     0  startup_lpc112x.o(.text)
    PIO0_0_IRQHandler                        0x000000e7   Thumb Code     0  startup_lpc112x.o(.text)
    PIO0_10_IRQHandler                       0x000000e7   Thumb Code     0  startup_lpc112x.o(.text)
    PIO0_11_IRQHandler                       0x000000e7   Thumb Code     0  startup_lpc112x.o(.text)
    PIO0_1_IRQHandler                        0x000000e7   Thumb Code     0  startup_lpc112x.o(.text)
    PIO0_2_IRQHandler                        0x000000e7   Thumb Code     0  startup_lpc112x.o(.text)
    PIO0_3_IRQHandler                        0x000000e7   Thumb Code     0  startup_lpc112x.o(.text)
    PIO0_4_IRQHandler                        0x000000e7   Thumb Code     0  startup_lpc112x.o(.text)
    PIO0_5_IRQHandler                        0x000000e7   Thumb Code     0  startup_lpc112x.o(.text)
    PIO0_6_IRQHandler                        0x000000e7   Thumb Code     0  startup_lpc112x.o(.text)
    PIO0_7_IRQHandler                        0x000000e7   Thumb Code     0  startup_lpc112x.o(.text)
    PIO0_8_IRQHandler                        0x000000e7   Thumb Code     0  startup_lpc112x.o(.text)
    PIO0_9_IRQHandler                        0x000000e7   Thumb Code     0  startup_lpc112x.o(.text)
    PIO1_0_IRQHandler                        0x000000e7   Thumb Code     0  startup_lpc112x.o(.text)
    SSP0_IRQHandler                          0x000000e7   Thumb Code     0  startup_lpc112x.o(.text)
    SSP1_IRQHandler                          0x000000e7   Thumb Code     0  startup_lpc112x.o(.text)
    UART0_IRQHandler                         0x000000e7   Thumb Code     0  startup_lpc112x.o(.text)
    UART1_IRQHandler                         0x000000e7   Thumb Code     0  startup_lpc112x.o(.text)
    UART2_IRQHandler                         0x000000e7   Thumb Code     0  startup_lpc112x.o(.text)
    WDT_IRQHandler                           0x000000e7   Thumb Code     0  startup_lpc112x.o(.text)
    __aeabi_uidiv                            0x000000f1   Thumb Code     0  uidiv.o(.text)
    __aeabi_uidivmod                         0x000000f1   Thumb Code    44  uidiv.o(.text)
    __aeabi_memset                           0x0000011d   Thumb Code    14  memseta.o(.text)
    __aeabi_memset4                          0x0000011d   Thumb Code     0  memseta.o(.text)
    __aeabi_memset8                          0x0000011d   Thumb Code     0  memseta.o(.text)
    __aeabi_memclr                           0x0000012b   Thumb Code     4  memseta.o(.text)
    __aeabi_memclr4                          0x0000012b   Thumb Code     0  memseta.o(.text)
    __aeabi_memclr8                          0x0000012b   Thumb Code     0  memseta.o(.text)
    _memset$wrapper                          0x0000012f   Thumb Code    18  memseta.o(.text)
    strcpy                                   0x00000141   Thumb Code    18  strcpy.o(.text)
    __aeabi_uread4                           0x00000153   Thumb Code    20  uread4.o(.text)
    __rt_uread4                              0x00000153   Thumb Code     0  uread4.o(.text)
    _uread4                                  0x00000153   Thumb Code     0  uread4.o(.text)
    __aeabi_uwrite4                          0x00000167   Thumb Code    18  uwrite4.o(.text)
    __rt_uwrite4                             0x00000167   Thumb Code     0  uwrite4.o(.text)
    _uwrite4                                 0x00000167   Thumb Code     0  uwrite4.o(.text)
    __aeabi_dmul                             0x00000179   Thumb Code   202  dmul.o(.text)
    __aeabi_ui2d                             0x00000249   Thumb Code    24  dfltui.o(.text)
    __aeabi_d2uiz                            0x00000265   Thumb Code    50  dfixui.o(.text)
    __aeabi_llsr                             0x000002a1   Thumb Code    34  llushr.o(.text)
    _ll_ushift_r                             0x000002a1   Thumb Code     0  llushr.o(.text)
    __I$use$fp                               0x000002c3   Thumb Code     0  iusefp.o(.text)
    __scatterload                            0x000002c5   Thumb Code    28  init.o(.text)
    __scatterload_rt2                        0x000002c5   Thumb Code     0  init.o(.text)
    __scatterload_copy                       0x000002e9   Thumb Code    14  handlers.o(i.__scatterload_copy)
    __scatterload_null                       0x000002f7   Thumb Code     2  handlers.o(i.__scatterload_null)
    __aeabi_ddiv                             0x00000301   Thumb Code   234  ddiv.o(.text)
    _double_round                            0x000003f1   Thumb Code    26  depilogue.o(.text)
    _double_epilogue                         0x0000040b   Thumb Code   164  depilogue.o(.text)
    __aeabi_llsl                             0x000004af   Thumb Code    32  llshl.o(.text)
    _ll_shift_l                              0x000004af   Thumb Code     0  llshl.o(.text)
    SystemInit                               0x00000515   Thumb Code    80  system_lpc112x.o(i.SystemInit)
    UpdateInfoAppCodeUpdate                  0x0000056d   Thumb Code   240  updateinfo.o(i.UpdateInfoAppCodeUpdate)
    UpdateInfoInit                           0x000006b5   Thumb Code   150  updateinfo.o(i.UpdateInfoInit)
    UpdateInfoSet                            0x000007cd   Thumb Code    24  updateinfo.o(i.UpdateInfoSet)
    W25qFlashEraseSector                     0x000007e5   Thumb Code    80  w25qflash.o(i.W25qFlashEraseSector)
    W25qFlashInit                            0x00000839   Thumb Code   122  w25qflash.o(i.W25qFlashInit)
    W25qFlashIsBusy                          0x000008c5   Thumb Code    44  w25qflash.o(i.W25qFlashIsBusy)
    W25qFlashReadData                        0x00000945   Thumb Code    94  w25qflash.o(i.W25qFlashReadData)
    W25qFlashReadID                          0x000009a9   Thumb Code    70  w25qflash.o(i.W25qFlashReadID)
    W25qFlashWriteAPage                      0x00000a1d   Thumb Code    98  w25qflash.o(i.W25qFlashWriteAPage)
    W25qFlashWriteData                       0x00000aad   Thumb Code    54  w25qflash.o(i.W25qFlashWriteData)
    __0printf$3                              0x00000ae5   Thumb Code    24  printf3.o(i.__0printf$3)
    __1printf$3                              0x00000ae5   Thumb Code     0  printf3.o(i.__0printf$3)
    __2printf                                0x00000ae5   Thumb Code     0  printf3.o(i.__0printf$3)
    __ARM_clz                                0x00000b05   Thumb Code    46  depilogue.o(i.__ARM_clz)
    __scatterload_zeroinit                   0x00000b33   Thumb Code    14  handlers.o(i.__scatterload_zeroinit)
    fputc                                    0x00000d0d   Thumb Code    14  main.o(i.fputc)
    free                                     0x00000d1d   Thumb Code    80  malloc.o(i.free)
    gpio_get_bitval                          0x00000d71   Thumb Code    20  gpio.o(i.gpio_get_bitval)
    gpio_set_bitval                          0x00000d85   Thumb Code    28  gpio.o(i.gpio_set_bitval)
    gpio_set_dir                             0x00000da1   Thumb Code    26  gpio.o(i.gpio_set_dir)
    main                                     0x00000dbd   Thumb Code    54  main.o(i.main)
    ramCopy                                  0x00000e35   Thumb Code    34  iap.o(i.ramCopy)
    sectorErase                              0x00000e65   Thumb Code    36  iap.o(i.sectorErase)
    sectorPrepare                            0x00000e95   Thumb Code    32  iap.o(i.sectorPrepare)
    syscon_ahb_enable                        0x00000ebd   Thumb Code    14  syscon.o(i.syscon_ahb_enable)
    syscon_uart0_div                         0x00000ed1   Thumb Code     6  syscon.o(i.syscon_uart0_div)
    uart0_init                               0x00000edd   Thumb Code   110  uart.o(i.uart0_init)
    uart0_send_byte                          0x00000f61   Thumb Code    12  uart.o(i.uart0_send_byte)
    Region$$Table$$Base                      0x00000f70   Number         0  anon$$obj.o(Region$$Table)
    Region$$Table$$Limit                     0x00000f90   Number         0  anon$$obj.o(Region$$Table)
    IAP_Entry                                0x10000000   Data           4  iap.o(.data)
    AppCodeRun                               0x10000004   Data           4  updateinfo.o(.data)
    SystemCoreClock                          0x10000008   Data           4  system_lpc112x.o(.data)
    __stdout                                 0x1000000c   Data           4  stdout.o(.data)
    __microlib_freelist                      0x10000010   Data           4  mvars.o(.data)
    paramin                                  0x10000014   Data          32  iap.o(.bss)
    paramout                                 0x10000034   Data          32  iap.o(.bss)
    __initial_sp                             0x10000458   Data           0  startup_lpc112x.o(STACK)



==============================================================================

Memory Map of the image

  Image Entry point : 0x000000c1

  Load Region LR_IROM1 (Base: 0x00000000, Size: 0x00000fa4, Max: 0x00001000, ABSOLUTE)

    Execution Region ER_IROM1 (Base: 0x00000000, Size: 0x00000f90, Max: 0x00001000, ABSOLUTE)

    Base Addr    Size         Type   Attr      Idx    E Section Name        Object

    0x00000000   0x000000c0   Data   RO          249    RESET               startup_lpc112x.o
    0x000000c0   0x00000000   Code   RO          582  * .ARM.Collect$$$$00000000  mc_p.l(entry.o)
    0x000000c0   0x00000004   Code   RO          892    .ARM.Collect$$$$00000001  mc_p.l(entry2.o)
    0x000000c4   0x00000004   Code   RO          895    .ARM.Collect$$$$00000004  mc_p.l(entry5.o)
    0x000000c8   0x00000000   Code   RO          897    .ARM.Collect$$$$00000008  mc_p.l(entry7b.o)
    0x000000c8   0x00000000   Code   RO          899    .ARM.Collect$$$$0000000A  mc_p.l(entry8b.o)
    0x000000c8   0x00000008   Code   RO          900    .ARM.Collect$$$$0000000B  mc_p.l(entry9a.o)
    0x000000d0   0x00000000   Code   RO          902    .ARM.Collect$$$$0000000D  mc_p.l(entry10a.o)
    0x000000d0   0x00000000   Code   RO          904    .ARM.Collect$$$$0000000F  mc_p.l(entry11a.o)
    0x000000d0   0x00000004   Code   RO          893    .ARM.Collect$$$$00002712  mc_p.l(entry2.o)
    0x000000d4   0x0000001c   Code   RO          251    .text               startup_lpc112x.o
    0x000000f0   0x0000002c   Code   RO          585    .text               mc_p.l(uidiv.o)
    0x0000011c   0x00000024   Code   RO          587    .text               mc_p.l(memseta.o)
    0x00000140   0x00000012   Code   RO          589    .text               mc_p.l(strcpy.o)
    0x00000152   0x00000014   Code   RO          880    .text               mc_p.l(uread4.o)
    0x00000166   0x00000012   Code   RO          882    .text               mc_p.l(uwrite4.o)
    0x00000178   0x000000d0   Code   RO          884    .text               mf_p.l(dmul.o)
    0x00000248   0x0000001c   Code   RO          888    .text               mf_p.l(dfltui.o)
    0x00000264   0x0000003c   Code   RO          890    .text               mf_p.l(dfixui.o)
    0x000002a0   0x00000022   Code   RO          909    .text               mc_p.l(llushr.o)
    0x000002c2   0x00000000   Code   RO          917    .text               mc_p.l(iusefp.o)
    0x000002c2   0x00000002   PAD
    0x000002c4   0x00000024   Code   RO          928    .text               mc_p.l(init.o)
    0x000002e8   0x0000000e   Code   RO          936    i.__scatterload_copy  mc_p.l(handlers.o)
    0x000002f6   0x00000002   Code   RO          937    i.__scatterload_null  mc_p.l(handlers.o)
    0x000002f8   0x00000004   PAD
    0x000002fc   0x00000004   Code   RO          250    .ARM.__at_0x02FC    startup_lpc112x.o
    0x00000300   0x000000f0   Code   RO          886    .text               mf_p.l(ddiv.o)
    0x000003f0   0x000000be   Code   RO          918    .text               mf_p.l(depilogue.o)
    0x000004ae   0x00000020   Code   RO          930    .text               mc_p.l(llshl.o)
    0x000004ce   0x00000002   PAD
    0x000004d0   0x00000044   Code   RO          508    i.NVIC_SetPriority  uart.o
    0x00000514   0x00000058   Code   RO          216    i.SystemInit        system_lpc112x.o
    0x0000056c   0x00000148   Code   RO           90    i.UpdateInfoAppCodeUpdate  updateinfo.o
    0x000006b4   0x00000118   Code   RO           92    i.UpdateInfoInit    updateinfo.o
    0x000007cc   0x00000018   Code   RO           94    i.UpdateInfoSet     updateinfo.o
    0x000007e4   0x00000054   Code   RO          261    i.W25qFlashEraseSector  w25qflash.o
    0x00000838   0x0000008c   Code   RO          262    i.W25qFlashInit     w25qflash.o
    0x000008c4   0x00000030   Code   RO          263    i.W25qFlashIsBusy   w25qflash.o
    0x000008f4   0x00000050   Code   RO          265    i.W25qFlashRWBytes  w25qflash.o
    0x00000944   0x00000064   Code   RO          266    i.W25qFlashReadData  w25qflash.o
    0x000009a8   0x0000004c   Code   RO          267    i.W25qFlashReadID   w25qflash.o
    0x000009f4   0x00000028   Code   RO          268    i.W25qFlashWaitIdle  w25qflash.o
    0x00000a1c   0x00000068   Code   RO          269    i.W25qFlashWriteAPage  w25qflash.o
    0x00000a84   0x00000028   Code   RO          270    i.W25qFlashWriteControl  w25qflash.o
    0x00000aac   0x00000036   Code   RO          271    i.W25qFlashWriteData  w25qflash.o
    0x00000ae2   0x00000002   PAD
    0x00000ae4   0x00000020   Code   RO          680    i.__0printf$3       mc_p.l(printf3.o)
    0x00000b04   0x0000002e   Code   RO          920    i.__ARM_clz         mf_p.l(depilogue.o)
    0x00000b32   0x0000000e   Code   RO          938    i.__scatterload_zeroinit  mc_p.l(handlers.o)
    0x00000b40   0x000001cc   Code   RO          687    i._printf_core      mc_p.l(printf3.o)
    0x00000d0c   0x0000000e   Code   RO          185    i.fputc             main.o
    0x00000d1a   0x00000002   PAD
    0x00000d1c   0x00000054   Code   RO          852    i.free              mc_p.l(malloc.o)
    0x00000d70   0x00000014   Code   RO          454    i.gpio_get_bitval   gpio.o
    0x00000d84   0x0000001c   Code   RO          456    i.gpio_set_bitval   gpio.o
    0x00000da0   0x0000001a   Code   RO          457    i.gpio_set_dir      gpio.o
    0x00000dba   0x00000002   PAD
    0x00000dbc   0x00000078   Code   RO          186    i.main              main.o
    0x00000e34   0x00000030   Code   RO            7    i.ramCopy           iap.o
    0x00000e64   0x00000030   Code   RO            8    i.sectorErase       iap.o
    0x00000e94   0x00000028   Code   RO            9    i.sectorPrepare     iap.o
    0x00000ebc   0x00000014   Code   RO          349    i.syscon_ahb_enable  syscon.o
    0x00000ed0   0x0000000c   Code   RO          359    i.syscon_uart0_div  syscon.o
    0x00000edc   0x00000084   Code   RO          509    i.uart0_init        uart.o
    0x00000f60   0x00000010   Code   RO          511    i.uart0_send_byte   uart.o
    0x00000f70   0x00000020   Data   RO          934    Region$$Table       anon$$obj.o


    Execution Region RW_IRAM1 (Base: 0x10000000, Size: 0x00000458, Max: 0x00002000, ABSOLUTE)

    Base Addr    Size         Type   Attr      Idx    E Section Name        Object

    0x10000000   0x00000004   Data   RW           11    .data               iap.o
    0x10000004   0x00000004   Data   RW           95    .data               updateinfo.o
    0x10000008   0x00000004   Data   RW          217    .data               system_lpc112x.o
    0x1000000c   0x00000004   Data   RW          906    .data               mc_p.l(stdout.o)
    0x10000010   0x00000004   Data   RW          915    .data               mc_p.l(mvars.o)
    0x10000014   0x00000040   Zero   RW           10    .bss                iap.o
    0x10000054   0x00000004   PAD
    0x10000058   0x00000400   Zero   RW          247    STACK               startup_lpc112x.o


==============================================================================

Image component sizes


      Code (inc. data)   RO Data    RW Data    ZI Data      Debug   Object Name

        74          0          0          0          0       1619   gpio.o
       136         34          0          4         64      13173   iap.o
       134         66          0          0          0       1191   main.o
        32         12        192          0       1024        820   startup_lpc112x.o
        32         12          0          0          0        807   syscon.o
        88          8          0          4          0       1915   system_lpc112x.o
       216         34          0          0          0       7003   uart.o
       632        218          0          4          0       6540   updateinfo.o
       766         62          0          0          0       5754   w25qflash.o

    ----------------------------------------------------------------------
      2116        446        224         12       1092      38822   Object Totals
         0          0         32          0          0          0   (incl. Generated)
         6          0          0          0          4          0   (incl. Padding)

    ----------------------------------------------------------------------

      Code (inc. data)   RO Data    RW Data    ZI Data      Debug   Library Member Name

         0          0          0          0          0          0   entry.o
         0          0          0          0          0          0   entry10a.o
         0          0          0          0          0          0   entry11a.o
         8          4          0          0          0          0   entry2.o
         4          0          0          0          0          0   entry5.o
         0          0          0          0          0          0   entry7b.o
         0          0          0          0          0          0   entry8b.o
         8          4          0          0          0          0   entry9a.o
        30          0          0          0          0          0   handlers.o
        36          8          0          0          0         68   init.o
         0          0          0          0          0          0   iusefp.o
        32          0          0          0          0         68   llshl.o
        34          0          0          0          0         68   llushr.o
        84          4          0          0          0         68   malloc.o
        36          0          0          0          0        100   memseta.o
         0          0          0          4          0          0   mvars.o
       492         12          0          0          0        168   printf3.o
         0          0          0          4          0          0   stdout.o
        18          0          0          0          0         60   strcpy.o
        44          0          0          0          0         72   uidiv.o
        20          0          0          0          0         60   uread4.o
        18          0          0          0          0         60   uwrite4.o
       240          6          0          0          0         84   ddiv.o
       236          0          0          0          0        216   depilogue.o
        60         10          0          0          0         68   dfixui.o
        28          4          0          0          0         68   dfltui.o
       208          6          0          0          0         88   dmul.o

    ----------------------------------------------------------------------
      1644         58          0          8          0       1316   Library Totals
         8          0          0          0          0          0   (incl. Padding)

    ----------------------------------------------------------------------

      Code (inc. data)   RO Data    RW Data    ZI Data      Debug   Library Name

       864         32          0          8          0        792   mc_p.l
       772         26          0          0          0        524   mf_p.l

    ----------------------------------------------------------------------
      1644         58          0          8          0       1316   Library Totals

    ----------------------------------------------------------------------

==============================================================================


      Code (inc. data)   RO Data    RW Data    ZI Data      Debug   

      3760        504        224         20       1092      38530   Grand Totals
      3760        504        224         20       1092      38530   ELF Image Totals
      3760        504        224         20          0          0   ROM Totals

==============================================================================

    Total RO  Size (Code + RO Data)                 3984 (   3.89kB)
    Total RW  Size (RW Data + ZI Data)              1112 (   1.09kB)
    Total ROM Size (Code + RO Data + RW Data)       4004 (   3.91kB)

==============================================================================

