Component: ARM Compiler 5.05 update 1 (build 106) Tool: armlink [4d0efa]

==============================================================================

Section Cross References

    main.o(i.HardFault_Handler) refers to printfa.o(i.__0printf) for __2printf
    main.o(i.HardFault_Handler) refers to delay.o(i.delay_ms) for delay_ms
    main.o(i.HardFault_Handler) refers to main.o(i.NVIC_SystemReset) for NVIC_SystemReset
    main.o(i.fputc) refers to uart.o(i.uart0_send_byte) for uart0_send_byte
    main.o(i.main) refers to system_lpc112x.o(i.SystemCoreClockUpdate) for SystemCoreClockUpdate
    main.o(i.main) refers to syscon.o(i.syscon_ahb_enable) for syscon_ahb_enable
    main.o(i.main) refers to uart.o(i.uart0_init) for uart0_init
    main.o(i.main) refers to printfa.o(i.__0printf) for __2printf
    main.o(i.main) refers to systimer.o(i.SysTimerInit) for SysTimerInit
    main.o(i.main) refers to wt588d.o(i.WT588DInit) for WT588DInit
    main.o(i.main) refers to led.o(i.LEDInit) for LEDInit
    main.o(i.main) refers to w25qflash.o(i.W25qFlashInit) for W25qFlashInit
    main.o(i.main) refers to sysinfo.o(i.SysInfoInit) for SysInfoInit
    main.o(i.main) refers to key.o(i.KeyInit) for KeyInit
    main.o(i.main) refers to pir.o(i.PirInit) for PirInit
    main.o(i.main) refers to dahua.o(i.DahuaInit) for DahuaInit
    main.o(i.main) refers to wifi.o(i.WifiInit) for WifiInit
    main.o(i.main) refers to wifi.o(i.WifiResetModule) for WifiResetModule
    main.o(i.main) refers to main.o(i.NVIC_SystemReset) for NVIC_SystemReset
    main.o(i.main) refers to wdt.o(i.wdt_init) for wdt_init
    main.o(i.main) refers to sysinfo.o(i.SysInfoCheckDevID) for SysInfoCheckDevID
    main.o(i.main) refers to updateinfo.o(i.UpdateInfoSetVersion) for UpdateInfoSetVersion
    main.o(i.main) refers to network.o(i.NetWorkInit) for NetWorkInit
    main.o(i.main) refers to wdt.o(i.wdt_feed) for wdt_feed
    main.o(i.main) refers to shell.o(i.ShellCmdRecv) for ShellCmdRecv
    main.o(i.main) refers to dahua.o(i.DahuaRecv) for DahuaRecv
    main.o(i.main) refers to network.o(i.NetWorkRecv) for NetWorkRecv
    main.o(i.main) refers to network.o(i.NetWorkSendHeart) for NetWorkSendHeart
    main.o(i.main) refers to network.o(i.NetWorkCheckHeart) for NetWorkCheckHeart
    main.o(i.main) refers to key.o(i.KeyListened) for KeyListened
    main.o(i.main) refers to pir.o(i.PirCheck) for PirCheck
    startup_lpc112x.o(RESET) refers to startup_lpc112x.o(STACK) for __initial_sp
    startup_lpc112x.o(RESET) refers to startup_lpc112x.o(.text) for Reset_Handler
    startup_lpc112x.o(RESET) refers to main.o(i.HardFault_Handler) for HardFault_Handler
    startup_lpc112x.o(RESET) refers to systimer.o(i.SysTick_Handler) for SysTick_Handler
    startup_lpc112x.o(RESET) refers to systimer.o(i.CT16B1_IRQHandler) for CT16B1_IRQHandler
    startup_lpc112x.o(RESET) refers to shell.o(i.UART0_IRQHandler) for UART0_IRQHandler
    startup_lpc112x.o(RESET) refers to blemaster.o(i.UART1_IRQHandler) for UART1_IRQHandler
    startup_lpc112x.o(RESET) refers to wifi.o(i.UART2_IRQHandler) for UART2_IRQHandler
    startup_lpc112x.o(.text) refers to system_lpc112x.o(i.SystemInit) for SystemInit
    startup_lpc112x.o(.text) refers to entry.o(.ARM.Collect$$$$00000000) for __main
    system_lpc112x.o(i.SystemCoreClockUpdate) refers to system_lpc112x.o(i.__ARM_common_switch8) for __ARM_common_switch8
    system_lpc112x.o(i.SystemCoreClockUpdate) refers to uidiv.o(.text) for __aeabi_uidivmod
    system_lpc112x.o(i.SystemCoreClockUpdate) refers to system_lpc112x.o(.data) for .data
    json.o(i.cJSON_AddItemReferenceToArray) refers to json.o(i.create_reference) for create_reference
    json.o(i.cJSON_AddItemReferenceToArray) refers to json.o(i.cJSON_AddItemToArray) for cJSON_AddItemToArray
    json.o(i.cJSON_AddItemReferenceToObject) refers to json.o(i.create_reference) for create_reference
    json.o(i.cJSON_AddItemReferenceToObject) refers to json.o(i.cJSON_AddItemToObject) for cJSON_AddItemToObject
    json.o(i.cJSON_AddItemToObject) refers to json.o(i.cJSON_strdup) for cJSON_strdup
    json.o(i.cJSON_AddItemToObject) refers to json.o(i.cJSON_AddItemToArray) for cJSON_AddItemToArray
    json.o(i.cJSON_AddItemToObject) refers to json.o(.data) for .data
    json.o(i.cJSON_CreateArray) refers to json.o(i.cJSON_New_Item) for cJSON_New_Item
    json.o(i.cJSON_CreateBool) refers to json.o(i.cJSON_New_Item) for cJSON_New_Item
    json.o(i.cJSON_CreateDoubleArray) refers to json.o(i.cJSON_CreateArray) for cJSON_CreateArray
    json.o(i.cJSON_CreateDoubleArray) refers to json.o(i.cJSON_CreateNumber) for cJSON_CreateNumber
    json.o(i.cJSON_CreateFalse) refers to json.o(i.cJSON_New_Item) for cJSON_New_Item
    json.o(i.cJSON_CreateFloatArray) refers to json.o(i.cJSON_CreateArray) for cJSON_CreateArray
    json.o(i.cJSON_CreateFloatArray) refers to f2d.o(.text) for __aeabi_f2d
    json.o(i.cJSON_CreateFloatArray) refers to json.o(i.cJSON_CreateNumber) for cJSON_CreateNumber
[...]
    .text                                    0x00001ab4   Section        0  ctype_o.o(.text)
    .text                                    0x00001abc   Section        0  isspace_o.o(.text)
    .text                                    0x00001ad0   Section        0  _scanf.o(.text)
    .text                                    0x00001e08   Section        0  _strtoul.o(.text)
    i.BleMasterInit                          0x00001eb0   Section        0  blemaster.o(i.BleMasterInit)
    i.BleMasterRecv                          0x00001ed8   Section        0  blemaster.o(i.BleMasterRecv)
    i.BleMasterSend                          0x00001f4c   Section        0  blemaster.o(i.BleMasterSend)
    i.CT16B1_IRQHandler                      0x00001f64   Section        0  systimer.o(i.CT16B1_IRQHandler)
    i.DahuaDealAlarmInfo                     0x00001f84   Section        0  dahua.o(i.DahuaDealAlarmInfo)
    DahuaDealAlarmInfo                       0x00001f85   Thumb Code   140  dahua.o(i.DahuaDealAlarmInfo)
    i.DahuaDeleteDevice                      0x00002078   Section        0  dahua.o(i.DahuaDeleteDevice)
    i.DahuaInit                              0x000020b8   Section        0  dahua.o(i.DahuaInit)
    i.DahuaLock                              0x00002110   Section        0  dahua.o(i.DahuaLock)
    i.DahuaLockAssoc                         0x00002180   Section        0  dahua.o(i.DahuaLockAssoc)
    i.DahuaNetAllow                          0x000021b0   Section        0  dahua.o(i.DahuaNetAllow)
    i.DahuaRecv                              0x000021f0   Section        0  dahua.o(i.DahuaRecv)
    i.DahuaReset                             0x00002290   Section        0  dahua.o(i.DahuaReset)
    i.DahuaSend                              0x000022b4   Section        0  dahua.o(i.DahuaSend)
    i.DahuaUnlock                            0x000023b8   Section        0  dahua.o(i.DahuaUnlock)
    i.DahuaWatiResp                          0x000023f4   Section        0  dahua.o(i.DahuaWatiResp)
    i.HardFault_Handler                      0x00002488   Section        0  main.o(i.HardFault_Handler)
    i.KeyInit                                0x000024b0   Section        0  key.o(i.KeyInit)
    i.KeyListened                            0x000024d8   Section        0  key.o(i.KeyListened)
    i.KeyScan                                0x000024f0   Section        0  key.o(i.KeyScan)
    i.KeyStaSwitch                           0x00002528   Section        0  key.o(i.KeyStaSwitch)
    i.LEDClose                               0x000025a8   Section        0  led.o(i.LEDClose)
    i.LEDHandler                             0x000025d4   Section        0  led.o(i.LEDHandler)
    i.LEDInit                                0x00002660   Section        0  led.o(i.LEDInit)
    i.LEDOpen                                0x000026bc   Section        0  led.o(i.LEDOpen)
    i.NVIC_EnableIRQ                         0x00002728   Section        0  timer.o(i.NVIC_EnableIRQ)
    NVIC_EnableIRQ                           0x00002729   Thumb Code    14  timer.o(i.NVIC_EnableIRQ)
    i.NVIC_SetPriority                       0x0000273c   Section        0  timer.o(i.NVIC_SetPriority)
    NVIC_SetPriority                         0x0000273d   Thumb Code    60  timer.o(i.NVIC_SetPriority)
    i.NVIC_SetPriority                       0x00002780   Section        0  uart.o(i.NVIC_SetPriority)
    NVIC_SetPriority                         0x00002781   Thumb Code    60  uart.o(i.NVIC_SetPriority)
    i.NVIC_SystemReset                       0x000027c4   Section        0  main.o(i.NVIC_SystemReset)
    NVIC_SystemReset                         0x000027c5   Thumb Code    16  main.o(i.NVIC_SystemReset)
    i.NVIC_SystemReset                       0x000027dc   Section        0  network.o(i.NVIC_SystemReset)
    NVIC_SystemReset                         0x000027dd   Thumb Code    16  network.o(i.NVIC_SystemReset)
    i.NVIC_SystemReset                       0x000027f4   Section        0  shell.o(i.NVIC_SystemReset)
    NVIC_SystemReset                         0x000027f5   Thumb Code    16  shell.o(i.NVIC_SystemReset)
    i.NetWorkCheckHeart                      0x0000280c   Section        0  network.o(i.NetWorkCheckHeart)
    i.NetWorkCloseLink                       0x0000288c   Section        0  network.o(i.NetWorkCloseLink)
    i.NetWorkClrRspType                      0x000028b4   Section        0  network.o(i.NetWorkClrRspType)
    i.NetWorkCreateLink                      0x000028c4   Section        0  network.o(i.NetWorkCreateLink)
    i.NetWorkCtlTypeParse                    0x0000290c   Section        0  network.o(i.NetWorkCtlTypeParse)
    i.NetWorkDataCreate                      0x000029b0   Section        0  network.o(i.NetWorkDataCreate)
    i.NetWorkDataParse                       0x00002a64   Section        0  network.o(i.NetWorkDataParse)
    i.NetWorkDealAppUpdate                   0x00002ae0   Section        0  network.o(i.NetWorkDealAppUpdate)
    i.NetWorkDealHeartRspData                0x00002cdc   Section        0  network.o(i.NetWorkDealHeartRspData)
    NetWorkDealHeartRspData                  0x00002cdd   Thumb Code   206  network.o(i.NetWorkDealHeartRspData)
    i.NetWorkGetLinkInfo                     0x00002dc0   Section        0  network.o(i.NetWorkGetLinkInfo)
    i.NetWorkHandler                         0x00002e60   Section        0  network.o(i.NetWorkHandler)
    i.NetWorkInit                            0x00002ea4   Section        0  network.o(i.NetWorkInit)
    i.NetWorkIsRspSuccess                    0x00003080   Section        0  network.o(i.NetWorkIsRspSuccess)
    i.NetWorkLogin                           0x000030b8   Section        0  network.o(i.NetWorkLogin)
    i.NetWorkLoginDataCreate                 0x0000310c   Section        0  network.o(i.NetWorkLoginDataCreate)
    NetWorkLoginDataCreate                   0x0000310d   Thumb Code   178  network.o(i.NetWorkLoginDataCreate)
    i.NetWorkRecv                            0x00003230   Section        0  network.o(i.NetWorkRecv)
    i.NetWorkReportNetInfo                   0x0000326c   Section        0  network.o(i.NetWorkReportNetInfo)
    NetWorkReportNetInfo                     0x0000326d   Thumb Code   168  network.o(i.NetWorkReportNetInfo)
    i.NetWorkReportResetFlag                 0x00003334   Section        0  network.o(i.NetWorkReportResetFlag)
    i.NetWorkSend                            0x00003358   Section        0  network.o(i.NetWorkSend)
    i.NetWorkSendHeart                       0x00003398   Section        0  network.o(i.NetWorkSendHeart)
    i.NetWorkSendWarn                        0x00003454   Section        0  network.o(i.NetWorkSendWarn)
    i.NetWorkSetRspType                      0x000034cc   Section        0  network.o(i.NetWorkSetRspType)
    i.NetWorkSwapServerPort                  0x000034dc   Section        0  network.o(i.NetWorkSwapServerPort)
    i.NetWorkUpdateDataCreate                0x00003504   Section        0  network.o(i.NetWorkUpdateDataCreate)
    NetWorkUpdateDataCreate                  0x00003505   Thumb Code    84  network.o(i.NetWorkUpdateDataCreate)
    i.NetWorkWaitWifiJoin                    0x00003598   Section        0  network.o(i.NetWorkWaitWifiJoin)
    NetWorkWaitWifiJoin                      0x00003599   Thumb Code    96  network.o(i.NetWorkWaitWifiJoin)
    i.NetWorkWarnDataCreate                  0x000035fc   Section        0  network.o(i.NetWorkWarnDataCreate)
    NetWorkWarnDataCreate                    0x000035fd   Thumb Code    98  network.o(i.NetWorkWarnDataCreate)
    i.PirCheck                               0x0000368c   Section        0  pir.o(i.PirCheck)
    i.PirHandler                             0x00003724   Section        0  pir.o(i.PirHandler)
    i.PirInit                                0x00003750   Section        0  pir.o(i.PirInit)
    i.SheelDealID                            0x0000379c   Section        0  shell.o(i.SheelDealID)
    SheelDealID                              0x0000379d   Thumb Code    78  shell.o(i.SheelDealID)
    i.ShellCmdParse                          0x00003868   Section        0  shell.o(i.ShellCmdParse)
    i.ShellCmdRecv                           0x000039d8   Section        0  shell.o(i.ShellCmdRecv)
    i.ShellShowHelp                          0x00003a08   Section        0  shell.o(i.ShellShowHelp)
    ShellShowHelp                            0x00003a09   Thumb Code    58  shell.o(i.ShellShowHelp)
    i.SysInfoBfSave                          0x00003a60   Section        0  sysinfo.o(i.SysInfoBfSave)
    i.SysInfoCheckDevID                      0x00003a80   Section        0  sysinfo.o(i.SysInfoCheckDevID)
    i.SysInfoClrResetFlag                    0x00003ab4   Section        0  sysinfo.o(i.SysInfoClrResetFlag)
    i.SysInfoDefault                         0x00003ad8   Section        0  sysinfo.o(i.SysInfoDefault)
    i.SysInfoGetResetFlag                    0x00003b54   Section        0  sysinfo.o(i.SysInfoGetResetFlag)
    i.SysInfoGetSystemID                     0x00003b60   Section        0  sysinfo.o(i.SysInfoGetSystemID)
    SysInfoGetSystemID                       0x00003b61   Thumb Code    84  sysinfo.o(i.SysInfoGetSystemID)
    i.SysInfoIDGet                           0x00003bc8   Section        0  sysinfo.o(i.SysInfoIDGet)
    i.SysInfoIDSave                          0x00003be8   Section        0  sysinfo.o(i.SysInfoIDSave)
    i.SysInfoInit                            0x00003c24   Section        0  sysinfo.o(i.SysInfoInit)
    i.SysInfoIsValidID                       0x00003d98   Section        0  sysinfo.o(i.SysInfoIsValidID)
    SysInfoIsValidID                         0x00003d99   Thumb Code    32  sysinfo.o(i.SysInfoIsValidID)
    i.SysInfoMcGet                           0x00003db8   Section        0  sysinfo.o(i.SysInfoMcGet)
    i.SysInfoMcSave                          0x00003dcc   Section        0  sysinfo.o(i.SysInfoMcSave)
    i.SysInfoPwdSave                         0x00003df4   Section        0  sysinfo.o(i.SysInfoPwdSave)
    i.SysInfoReset                           0x00003e24   Section        0  sysinfo.o(i.SysInfoReset)
    i.SysInfoWifiGet                         0x00003e44   Section        0  sysinfo.o(i.SysInfoWifiGet)
    i.SysInfoWifiIsNull                      0x00003e64   Section        0  sysinfo.o(i.SysInfoWifiIsNull)
    i.SysInfoWifiSave                        0x00003e84   Section        0  sysinfo.o(i.SysInfoWifiSave)
    i.SysTick_Handler                        0x00003ebc   Section        0  systimer.o(i.SysTick_Handler)
    i.SysTimerCalc                           0x00003edc   Section        0  systimer.o(i.SysTimerCalc)
    i.SysTimerGet                            0x00003ee8   Section        0  systimer.o(i.SysTimerGet)
    i.SysTimerInit                           0x00003ef4   Section        0  systimer.o(i.SysTimerInit)
    i.SystemCoreClockUpdate                  0x00003f0c   Section        0  system_lpc112x.o(i.SystemCoreClockUpdate)
    i.SystemInit                             0x0000402c   Section        0  system_lpc112x.o(i.SystemInit)
    i.SystemReset                            0x00004084   Section        0  sysinfo.o(i.SystemReset)
    i.SystemResetHandler                     0x000040bc   Section        0  sysinfo.o(i.SystemResetHandler)
    i.UART0_IRQHandler                       0x000040d0   Section        0  shell.o(i.UART0_IRQHandler)
    i.UART1_IRQHandler                       0x00004128   Section        0  blemaster.o(i.UART1_IRQHandler)
    i.UART2_IRQHandler                       0x00004188   Section        0  wifi.o(i.UART2_IRQHandler)
    i.UpdateInfoAppCodeErase                 0x000041cc   Section        0  updateinfo.o(i.UpdateInfoAppCodeErase)
    i.UpdateInfoAppCodeSave                  0x000041e6   Section        0  updateinfo.o(i.UpdateInfoAppCodeSave)
    i.UpdateInfoGet                          0x000041ee   Section        0  updateinfo.o(i.UpdateInfoGet)
    i.UpdateInfoSet                          0x000041fe   Section        0  updateinfo.o(i.UpdateInfoSet)
    i.UpdateInfoSetVersion                   0x00004216   Section        0  updateinfo.o(i.UpdateInfoSetVersion)
    i.W25qFlashEraseSector                   0x00004270   Section        0  w25qflash.o(i.W25qFlashEraseSector)
    i.W25qFlashInit                          0x000042c4   Section        0  w25qflash.o(i.W25qFlashInit)
    i.W25qFlashIsBusy                        0x00004350   Section        0  w25qflash.o(i.W25qFlashIsBusy)
    i.W25qFlashRWBytes                       0x00004380   Section        0  w25qflash.o(i.W25qFlashRWBytes)
    W25qFlashRWBytes                         0x00004381   Thumb Code    74  w25qflash.o(i.W25qFlashRWBytes)
    i.W25qFlashReadData                      0x000043d0   Section        0  w25qflash.o(i.W25qFlashReadData)
    i.W25qFlashReadID                        0x00004434   Section        0  w25qflash.o(i.W25qFlashReadID)
    i.W25qFlashWaitIdle                      0x00004480   Section        0  w25qflash.o(i.W25qFlashWaitIdle)
    W25qFlashWaitIdle                        0x00004481   Thumb Code    34  w25qflash.o(i.W25qFlashWaitIdle)
    i.W25qFlashWriteAPage                    0x000044a8   Section        0  w25qflash.o(i.W25qFlashWriteAPage)
    i.W25qFlashWriteControl                  0x00004510   Section        0  w25qflash.o(i.W25qFlashWriteControl)
    W25qFlashWriteControl                    0x00004511   Thumb Code    34  w25qflash.o(i.W25qFlashWriteControl)
    i.W25qFlashWriteData                     0x00004538   Section        0  w25qflash.o(i.W25qFlashWriteData)
    i.WT588DDelay200us                       0x0000456e   Section        0  wt588d.o(i.WT588DDelay200us)
    WT588DDelay200us                         0x0000456f   Thumb Code    24  wt588d.o(i.WT588DDelay200us)
    i.WT588DDelay600us                       0x00004586   Section        0  wt588d.o(i.WT588DDelay600us)
    WT588DDelay600us                         0x00004587   Thumb Code    26  wt588d.o(i.WT588DDelay600us)
    i.WT588DInit                             0x000045a0   Section        0  wt588d.o(i.WT588DInit)
    i.WT588DSendByte                         0x000045e8   Section        0  wt588d.o(i.WT588DSendByte)
    i.WT588DStartPlay                        0x0000467c   Section        0  wt588d.o(i.WT588DStartPlay)
    i.WT588DStopPlay                         0x00004684   Section        0  wt588d.o(i.WT588DStopPlay)
    i.WifiCloseTCPLink                       0x00004690   Section        0  wifi.o(i.WifiCloseTCPLink)
    i.WifiCreateTCPLink                      0x000046dc   Section        0  wifi.o(i.WifiCreateTCPLink)
    i.WifiGetAp                              0x0000477c   Section        0  wifi.o(i.WifiGetAp)
    i.WifiGetIP                              0x00004814   Section        0  wifi.o(i.WifiGetIP)
    i.WifiGetRssiAndMac                      0x00004884   Section        0  wifi.o(i.WifiGetRssiAndMac)
    i.WifiGetSmartLink                       0x0000492c   Section        0  wifi.o(i.WifiGetSmartLink)
    i.WifiGetTCPLinkStatus                   0x000049e4   Section        0  wifi.o(i.WifiGetTCPLinkStatus)
    i.WifiInfoSplitNameAndPwd                0x00004a5c   Section        0  network.o(i.WifiInfoSplitNameAndPwd)
    WifiInfoSplitNameAndPwd                  0x00004a5d   Thumb Code    72  network.o(i.WifiInfoSplitNameAndPwd)
    i.WifiInit                               0x00004aa4   Section        0  wifi.o(i.WifiInit)
    i.WifiIntDealAtRspData                   0x00004b14   Section        0  wifi.o(i.WifiIntDealAtRspData)
    WifiIntDealAtRspData                     0x00004b15   Thumb Code   134  wifi.o(i.WifiIntDealAtRspData)
    i.WifiIntDealNetData                     0x00004ba4   Section        0  wifi.o(i.WifiIntDealNetData)
    WifiIntDealNetData                       0x00004ba5   Thumb Code   160  wifi.o(i.WifiIntDealNetData)
    i.WifiIntDealSmartLink                   0x00004c4c   Section        0  wifi.o(i.WifiIntDealSmartLink)
    WifiIntDealSmartLink                     0x00004c4d   Thumb Code    78  wifi.o(i.WifiIntDealSmartLink)
    i.WifiIsMutexLink                        0x00004ca4   Section        0  wifi.o(i.WifiIsMutexLink)
    i.WifiJoinAp                             0x00004d0c   Section        0  wifi.o(i.WifiJoinAp)
    i.WifiOpenSmartLink                      0x00004d88   Section        0  wifi.o(i.WifiOpenSmartLink)
    i.WifiRectNetData                        0x00004de8   Section        0  wifi.o(i.WifiRectNetData)
    i.WifiRecv                               0x00004e84   Section        0  wifi.o(i.WifiRecv)
    i.WifiResetModule                        0x00004f00   Section        0  wifi.o(i.WifiResetModule)
    i.WifiSend                               0x00004f64   Section        0  wifi.o(i.WifiSend)
    i.WifiSendTCPData                        0x00004f80   Section        0  wifi.o(i.WifiSendTCPData)
    i.WifiSetMode                            0x00005008   Section        0  wifi.o(i.WifiSetMode)
    i.WifiSetMutexLink                       0x0000506c   Section        0  wifi.o(i.WifiSetMutexLink)
    i.WifiWaitResp                           0x000050b8   Section        0  wifi.o(i.WifiWaitResp)
    i.__0printf                              0x00005100   Section        0  printfa.o(i.__0printf)
    i.__0sprintf                             0x00005120   Section        0  printfa.o(i.__0sprintf)
    i.__ARM_clz                              0x00005148   Section        0  depilogue.o(i.__ARM_clz)
    i.__ARM_common_switch8                   0x00005176   Section        0  system_lpc112x.o(i.__ARM_common_switch8)
    i.__aeabi_errno_addr                     0x00005190   Section        0  errno.o(i.__aeabi_errno_addr)
    i.__scatterload_copy                     0x00005198   Section       14  handlers.o(i.__scatterload_copy)
    i.__scatterload_null                     0x000051a6   Section        2  handlers.o(i.__scatterload_null)
    i.__scatterload_zeroinit                 0x000051a8   Section       14  handlers.o(i.__scatterload_zeroinit)
    i._fp_digits                             0x000051b8   Section        0  printfa.o(i._fp_digits)
    _fp_digits                               0x000051b9   Thumb Code   316  printfa.o(i._fp_digits)
    i._printf_core                           0x00005310   Section        0  printfa.o(i._printf_core)
    _printf_core                             0x00005311   Thumb Code  1754  printfa.o(i._printf_core)
    i._printf_post_padding                   0x000059fc   Section        0  printfa.o(i._printf_post_padding)
    _printf_post_padding                     0x000059fd   Thumb Code    32  printfa.o(i._printf_post_padding)
    i._printf_pre_padding                    0x00005a1c   Section        0  printfa.o(i._printf_pre_padding)
    _printf_pre_padding                      0x00005a1d   Thumb Code    44  printfa.o(i._printf_pre_padding)
    i._sputc                                 0x00005a48   Section        0  printfa.o(i._sputc)
    _sputc                                   0x00005a49   Thumb Code    10  printfa.o(i._sputc)
    i.cJSON_AddItemToArray                   0x00005a52   Section        0  json.o(i.cJSON_AddItemToArray)
    i.cJSON_AddItemToObject                  0x00005a70   Section        0  json.o(i.cJSON_AddItemToObject)
    i.cJSON_CreateObject                     0x00005a9c   Section        0  json.o(i.cJSON_CreateObject)
    i.cJSON_CreateString                     0x00005aac   Section        0  json.o(i.cJSON_CreateString)
    i.cJSON_Delete                           0x00005ac8   Section        0  json.o(i.cJSON_Delete)
    i.cJSON_New_Item                         0x00005b10   Section        0  json.o(i.cJSON_New_Item)
    cJSON_New_Item                           0x00005b11   Thumb Code    24  json.o(i.cJSON_New_Item)
    i.cJSON_PrintUnformatted                 0x00005b2c   Section        0  json.o(i.cJSON_PrintUnformatted)
    i.cJSON_strdup                           0x00005b38   Section        0  json.o(i.cJSON_strdup)
    cJSON_strdup                             0x00005b39   Thumb Code    34  json.o(i.cJSON_strdup)
    i.ct16b1_timer_init                      0x00005b60   Section        0  timer.o(i.ct16b1_timer_init)
    i.delay_ms                               0x00005bac   Section        0  delay.o(i.delay_ms)
    i.floor                                  0x00005bc4   Section        0  floor.o(i.floor)
    i.fputc                                  0x00005c8c   Section        0  main.o(i.fputc)
    i.free                                   0x00005c9c   Section        0  malloc.o(i.free)
    i.gpio_get_bitval                        0x00005cf0   Section        0  gpio.o(i.gpio_get_bitval)
    i.gpio_set_bitval                        0x00005d04   Section        0  gpio.o(i.gpio_set_bitval)
    i.gpio_set_dir                           0x00005d20   Section        0  gpio.o(i.gpio_set_dir)
    i.main                                   0x00005d3c   Section        0  main.o(i.main)
    i.malloc                                 0x00005e7c   Section        0  malloc.o(i.malloc)
    i.print_array                            0x00005ee8   Section        0  json.o(i.print_array)
    print_array                              0x00005ee9   Thumb Code   302  json.o(i.print_array)
    i.print_number                           0x00006020   Section        0  json.o(i.print_number)
    print_number                             0x00006021   Thumb Code   204  json.o(i.print_number)
    i.print_object                           0x00006128   Section        0  json.o(i.print_object)
    print_object                             0x00006129   Thumb Code   582  json.o(i.print_object)
    i.print_string_ptr                       0x00006374   Section        0  json.o(i.print_string_ptr)
    print_string_ptr                         0x00006375   Thumb Code   196  json.o(i.print_string_ptr)
    i.print_value                            0x00006450   Section        0  json.o(i.print_value)
    print_value                              0x00006451   Thumb Code    80  json.o(i.print_value)
    i.syscon_ahb_enable                      0x000064b8   Section        0  syscon.o(i.syscon_ahb_enable)
    i.syscon_pd_on                           0x000064cc   Section        0  syscon.o(i.syscon_pd_on)
    i.syscon_uart0_div                       0x000064dc   Section        0  syscon.o(i.syscon_uart0_div)
    i.syscon_wdt_clk_update                  0x000064e8   Section        0  syscon.o(i.syscon_wdt_clk_update)
    i.syscon_wdt_div                         0x000064fc   Section        0  syscon.o(i.syscon_wdt_div)
    i.syscon_wdt_osc                         0x00006508   Section        0  syscon.o(i.syscon_wdt_osc)
    i.systick_init                           0x00006518   Section        0  systick.o(i.systick_init)
    i.uart0_init                             0x00006558   Section        0  uart.o(i.uart0_init)
    i.uart0_send_byte                        0x000065dc   Section        0  uart.o(i.uart0_send_byte)
    i.uart1_init                             0x000065ec   Section        0  uart.o(i.uart1_init)
    i.uart1_send_byte                        0x0000666c   Section        0  uart.o(i.uart1_send_byte)
    i.uart2_init                             0x0000667c   Section        0  uart.o(i.uart2_init)
    i.uart2_send                             0x0000670c   Section        0  uart.o(i.uart2_send)
    i.wdt_feed                               0x00006734   Section        0  wdt.o(i.wdt_feed)
    i.wdt_init                               0x00006748   Section        0  wdt.o(i.wdt_init)
    .constdata                               0x00006780   Section        7  dahua.o(.constdata)
    .constdata                               0x00006788   Section        4  wifi.o(.constdata)
    .constdata                               0x0000678c   Section      129  ctype_o.o(.constdata)
    .constdata                               0x00006810   Section        4  ctype_o.o(.constdata)
    table                                    0x00006810   Data           4  ctype_o.o(.constdata)
    .conststring                             0x00006814   Section      282  shell.o(.conststring)
    .data                                    0x100000c0   Section        4  system_lpc112x.o(.data)
    .data                                    0x100000c4   Section       12  json.o(.data)
    cJSON_malloc                             0x100000c4   Data           4  json.o(.data)
    cJSON_free                               0x100000c8   Data           4  json.o(.data)
    ep                                       0x100000cc   Data           4  json.o(.data)
    .data                                    0x100000d0   Section        1  network.o(.data)
    HeartErrCnt                              0x100000d0   Data           1  network.o(.data)
    .data                                    0x100000d2   Section        4  shell.o(.data)
    u0len                                    0x100000d2   Data           1  shell.o(.data)
    ShellLen                                 0x100000d4   Data           2  shell.o(.data)
    .data                                    0x100000d8   Section        4  sysinfo.o(.data)
    SystemResetTick                          0x100000d8   Data           4  sysinfo.o(.data)
    .data                                    0x100000dc   Section        8  systimer.o(.data)
    SysTimeTick                              0x100000dc   Data           4  systimer.o(.data)
    SysTimeUs                                0x100000e0   Data           4  systimer.o(.data)
    .data                                    0x100000e4   Section        8  key.o(.data)
    KeySta                                   0x100000e4   Data           1  key.o(.data)
    KeyTime                                  0x100000e8   Data           4  key.o(.data)
    .data                                    0x100000ec   Section        4  led.o(.data)
    ledColor                                 0x100000ec   Data           1  led.o(.data)
    ledTick                                  0x100000ed   Data           1  led.o(.data)
    ledBlinkCnt                              0x100000ee   Data           1  led.o(.data)
    ledBlinkFlag                             0x100000ef   Data           1  led.o(.data)
    .data                                    0x100000f0   Section       16  pir.o(.data)
    pir_cnt                                  0x100000f0   Data           1  pir.o(.data)
    pir_flag                                 0x100000f1   Data           1  pir.o(.data)
    pir_ready                                0x100000f4   Data           4  pir.o(.data)
    pir_space                                0x100000f8   Data           4  pir.o(.data)
    pir_clear                                0x100000fc   Data           4  pir.o(.data)
    .data                                    0x10000100   Section       12  wifi.o(.data)
    WifiCmdSta                               0x10000100   Data           1  wifi.o(.data)
    WifiRecvFlag                             0x10000101   Data           1  wifi.o(.data)
    recvLenFlag                              0x10000102   Data           1  wifi.o(.data)
    calcCnt                                  0x10000103   Data           1  wifi.o(.data)
    RLen                                     0x10000104   Data           2  wifi.o(.data)
    WifiTimeout                              0x10000106   Data           2  wifi.o(.data)
    WifiLen                                  0x10000108   Data           2  wifi.o(.data)
    recvLen                                  0x1000010a   Data           2  wifi.o(.data)
    .data                                    0x1000010c   Section        4  blemaster.o(.data)
    BleRecvFlag                              0x1000010c   Data           1  blemaster.o(.data)
    BleRLen                                  0x1000010e   Data           2  blemaster.o(.data)
    .data                                    0x10000110   Section        4  stdout.o(.data)
    .data                                    0x10000114   Section        4  mvars.o(.data)
    .data                                    0x10000118   Section        4  mvars.o(.data)
    .data                                    0x1000011c   Section        4  errno.o(.data)
    _errno                                   0x1000011c   Data           4  errno.o(.data)
    .bss                                     0x10000120   Section      301  network.o(.bss)
    NetBuffer                                0x10000120   Data         256  network.o(.bss)
    NetFrame                                 0x10000220   Data          24  network.o(.bss)
    network                                  0x10000238   Data          21  network.o(.bss)
    .bss                                     0x1000024d   Section      128  shell.o(.bss)
    ShellBuf                                 0x1000024d   Data          64  shell.o(.bss)
    u0rbuf                                   0x1000028d   Data          64  shell.o(.bss)
    .bss                                     0x100002cd   Section      105  sysinfo.o(.bss)
    g_sys_info                               0x100002cd   Data         105  sysinfo.o(.bss)
    .bss                                     0x10000336   Section      290  dahua.o(.bss)
    DahuaFrameBuf                            0x10000336   Data         262  dahua.o(.bss)
    DahuaFrame                               0x1000043c   Data          28  dahua.o(.bss)
    .bss                                     0x10000458   Section      512  wifi.o(.bss)
    RBuf                                     0x10000458   Data         256  wifi.o(.bss)
    WifiBuf                                  0x10000558   Data         256  wifi.o(.bss)
    .bss                                     0x10000658   Section      300  blemaster.o(.bss)
    BleRBuf                                  0x10000658   Data         300  blemaster.o(.bss)
    HEAP                                     0x10000788   Section     2048  startup_lpc112x.o(HEAP)
    STACK                                    0x10000f88   Section     2048  startup_lpc112x.o(STACK)

    Global Symbols

    Symbol Name                              Value     Ov Type        Size  Object(Section)

    BuildAttributes$$THM_ISAv3M$S$PE$A:L22$X:L11$S22$IEEE1$IW$USESV6$~STKCKD$USESV7$~SHL$OTIME$ROPI$IEEEX$EBA8$MICROLIB$REQ8$PRES8$EABIv2 0x00000000   Number         0  anon$$obj.o ABSOLUTE
    __ARM_use_no_argv                        0x00000000   Number         0  main.o ABSOLUTE
    _printf_a                                0x00000000   Number         0  stubs.o ABSOLUTE
    _printf_c                                0x00000000   Number         0  stubs.o ABSOLUTE
    _printf_charcount                        0x00000000   Number         0  stubs.o ABSOLUTE
    _printf_d                                0x00000000   Number         0  stubs.o ABSOLUTE
    _printf_e                                0x00000000   Number         0  stubs.o ABSOLUTE
    _printf_f                                0x00000000   Number         0  stubs.o ABSOLUTE
    _printf_flags                            0x00000000   Number         0  stubs.o ABSOLUTE
    _printf_fp_dec                           0x00000000   Number         0  stubs.o ABSOLUTE
    _printf_fp_hex                           0x00000000   Number         0  stubs.o ABSOLUTE
    _printf_g                                0x00000000   Number         0  stubs.o ABSOLUTE
    _printf_i                                0x00000000   Number         0  stubs.o ABSOLUTE
    _printf_int_dec                          0x00000000   Number         0  stubs.o ABSOLUTE
    _printf_l                                0x00000000   Number         0  stubs.o ABSOLUTE
    _printf_lc                               0x00000000   Number         0  stubs.o ABSOLUTE
    _printf_ll                               0x00000000   Number         0  stubs.o ABSOLUTE
    _printf_lld                              0x00000000   Number         0  stubs.o ABSOLUTE
    _printf_lli                              0x00000000   Number         0  stubs.o ABSOLUTE
    _printf_llo                              0x00000000   Number         0  stubs.o ABSOLUTE
    _printf_llu                              0x00000000   Number         0  stubs.o ABSOLUTE
    _printf_llx                              0x00000000   Number         0  stubs.o ABSOLUTE
    _printf_longlong_dec                     0x00000000   Number         0  stubs.o ABSOLUTE
    _printf_longlong_hex                     0x00000000   Number         0  stubs.o ABSOLUTE
    _printf_longlong_oct                     0x00000000   Number         0  stubs.o ABSOLUTE
    _printf_ls                               0x00000000   Number         0  stubs.o ABSOLUTE
    _printf_mbtowc                           0x00000000   Number         0  stubs.o ABSOLUTE
    _printf_n                                0x00000000   Number         0  stubs.o ABSOLUTE
    _printf_o                                0x00000000   Number         0  stubs.o ABSOLUTE
    _printf_p                                0x00000000   Number         0  stubs.o ABSOLUTE
    _printf_percent                          0x00000000   Number         0  stubs.o ABSOLUTE
    _printf_pre_padding                      0x00000000   Number         0  stubs.o ABSOLUTE
    _printf_return_value                     0x00000000   Number         0  stubs.o ABSOLUTE
    _printf_s                                0x00000000   Number         0  stubs.o ABSOLUTE
    _printf_sizespec                         0x00000000   Number         0  stubs.o ABSOLUTE
    _printf_str                              0x00000000   Number         0  stubs.o ABSOLUTE
    _printf_truncate_signed                  0x00000000   Number         0  stubs.o ABSOLUTE
    _printf_truncate_unsigned                0x00000000   Number         0  stubs.o ABSOLUTE
    _printf_u                                0x00000000   Number         0  stubs.o ABSOLUTE
    _printf_wc                               0x00000000   Number         0  stubs.o ABSOLUTE
    _printf_wctomb                           0x00000000   Number         0  stubs.o ABSOLUTE
    _printf_widthprec                        0x00000000   Number         0  stubs.o ABSOLUTE
    _printf_x                                0x00000000   Number         0  stubs.o ABSOLUTE
    __cpp_initialize__aeabi_                  - Undefined Weak Reference
    __cxa_finalize                            - Undefined Weak Reference
    __decompress                              - Undefined Weak Reference
    _clock_init                               - Undefined Weak Reference
    _microlib_exit                            - Undefined Weak Reference
    _scanf_longlong                           - Undefined Weak Reference
    _scanf_real                               - Undefined Weak Reference
    _scanf_string                             - Undefined Weak Reference
    __Vectors                                0x00001000   Data           4  startup_lpc112x.o(RESET)
    __main                                   0x000010c1   Thumb Code     0  entry.o(.ARM.Collect$$$$00000000)
    _main_stk                                0x000010c1   Thumb Code     0  entry2.o(.ARM.Collect$$$$00000001)
    _main_scatterload                        0x000010c5   Thumb Code     0  entry5.o(.ARM.Collect$$$$00000004)
    __main_after_scatterload                 0x000010c9   Thumb Code     0  entry5.o(.ARM.Collect$$$$00000004)
    _main_clock                              0x000010c9   Thumb Code     0  entry7b.o(.ARM.Collect$$$$00000008)
    _main_cpp_init                           0x000010c9   Thumb Code     0  entry8b.o(.ARM.Collect$$$$0000000A)
    _main_init                               0x000010c9   Thumb Code     0  entry9a.o(.ARM.Collect$$$$0000000B)
    __rt_final_cpp                           0x000010d1   Thumb Code     0  entry10a.o(.ARM.Collect$$$$0000000D)
    __rt_final_exit                          0x000010d1   Thumb Code     0  entry11a.o(.ARM.Collect$$$$0000000F)
    Reset_Handler                            0x000010d5   Thumb Code     8  startup_lpc112x.o(.text)
    NMI_Handler                              0x000010dd   Thumb Code     2  startup_lpc112x.o(.text)
    SVC_Handler                              0x000010e1   Thumb Code     2  startup_lpc112x.o(.text)
    PendSV_Handler                           0x000010e3   Thumb Code     2  startup_lpc112x.o(.text)
    ADC_A_IRQHandler                         0x000010e7   Thumb Code     0  startup_lpc112x.o(.text)
    ADC_B_IRQHandler                         0x000010e7   Thumb Code     0  startup_lpc112x.o(.text)
    BOD_IRQHandler                           0x000010e7   Thumb Code     0  startup_lpc112x.o(.text)
    CT16B0_IRQHandler                        0x000010e7   Thumb Code     0  startup_lpc112x.o(.text)
    CT32B0_IRQHandler                        0x000010e7   Thumb Code     0  startup_lpc112x.o(.text)
    CT32B1_IRQHandler                        0x000010e7   Thumb Code     0  startup_lpc112x.o(.text)
    FLASH_IRQHandler                         0x000010e7   Thumb Code     0  startup_lpc112x.o(.text)
    GPIO0_IRQHandler                         0x000010e7   Thumb Code     0  startup_lpc112x.o(.text)
    GPIO1_IRQHandler                         0x000010e7   Thumb Code     0  startup_lpc112x.o(.text)
    GPIO2_IRQHandler                         0x000010e7   Thumb Code     0  startup_lpc112x.o(.text)
    GPIO3_IRQHandler                         0x000010e7   Thumb Code     0  startup_lpc112x.o(.text)
    I2C_IRQHandler                           0x000010e7   Thumb Code     0  startup_lpc112x.o(.text)
    PIO0_0_IRQHandler                        0x000010e7   Thumb Code     0  startup_lpc112x.o(.text)
    PIO0_10_IRQHandler                       0x000010e7   Thumb Code     0  startup_lpc112x.o(.text)
    PIO0_11_IRQHandler                       0x000010e7   Thumb Code     0  startup_lpc112x.o(.text)
    PIO0_1_IRQHandler                        0x000010e7   Thumb Code     0  startup_lpc112x.o(.text)
    PIO0_2_IRQHandler                        0x000010e7   Thumb Code     0  startup_lpc112x.o(.text)
    PIO0_3_IRQHandler                        0x000010e7   Thumb Code     0  startup_lpc112x.o(.text)
    PIO0_4_IRQHandler                        0x000010e7   Thumb Code     0  startup_lpc112x.o(.text)
    PIO0_5_IRQHandler                        0x000010e7   Thumb Code     0  startup_lpc112x.o(.text)
    PIO0_6_IRQHandler                        0x000010e7   Thumb Code     0  startup_lpc112x.o(.text)
    PIO0_7_IRQHandler                        0x000010e7   Thumb Code     0  startup_lpc112x.o(.text)
    PIO0_8_IRQHandler                        0x000010e7   Thumb Code     0  startup_lpc112x.o(.text)
    PIO0_9_IRQHandler                        0x000010e7   Thumb Code     0  startup_lpc112x.o(.text)
    PIO1_0_IRQHandler                        0x000010e7   Thumb Code     0  startup_lpc112x.o(.text)
    SSP0_IRQHandler                          0x000010e7   Thumb Code     0  startup_lpc112x.o(.text)
    SSP1_IRQHandler                          0x000010e7   Thumb Code     0  startup_lpc112x.o(.text)
    WDT_IRQHandler                           0x000010e7   Thumb Code     0  startup_lpc112x.o(.text)
    __aeabi_uidiv                            0x000010f1   Thumb Code     0  uidiv.o(.text)
    __aeabi_uidivmod                         0x000010f1   Thumb Code    44  uidiv.o(.text)
    __aeabi_memcpy                           0x0000111d   Thumb Code    36  memcpya.o(.text)
    __aeabi_memcpy4                          0x0000111d   Thumb Code     0  memcpya.o(.text)
    __aeabi_memcpy8                          0x0000111d   Thumb Code     0  memcpya.o(.text)
    __aeabi_memset                           0x00001141   Thumb Code    14  memseta.o(.text)
    __aeabi_memset4                          0x00001141   Thumb Code     0  memseta.o(.text)
    __aeabi_memset8                          0x00001141   Thumb Code     0  memseta.o(.text)
    __aeabi_memclr                           0x0000114f   Thumb Code     4  memseta.o(.text)
    __aeabi_memclr4                          0x0000114f   Thumb Code     0  memseta.o(.text)
    __aeabi_memclr8                          0x0000114f   Thumb Code     0  memseta.o(.text)
    _memset$wrapper                          0x00001153   Thumb Code    18  memseta.o(.text)
    strcat                                   0x00001165   Thumb Code    24  strcat.o(.text)
    strstr                                   0x0000117d   Thumb Code    40  strstr.o(.text)
    strchr                                   0x000011a5   Thumb Code    20  strchr.o(.text)
    strlen                                   0x000011b9   Thumb Code    14  strlen.o(.text)
    strcmp                                   0x000011c7   Thumb Code    28  strcmp.o(.text)
    memcmp                                   0x000011e3   Thumb Code    26  memcmp.o(.text)
    strcpy                                   0x000011fd   Thumb Code    18  strcpy.o(.text)
    __aeabi_uread4                           0x0000120f   Thumb Code    20  uread4.o(.text)
    __rt_uread4                              0x0000120f   Thumb Code     0  uread4.o(.text)
    _uread4                                  0x0000120f   Thumb Code     0  uread4.o(.text)
    __aeabi_uwrite4                          0x00001223   Thumb Code    18  uwrite4.o(.text)
    __rt_uwrite4                             0x00001223   Thumb Code     0  uwrite4.o(.text)
    _uwrite4                                 0x00001223   Thumb Code     0  uwrite4.o(.text)
    __0sscanf                                0x00001235   Thumb Code    50  __0sscanf.o(.text)
    _scanf_int                               0x00001271   Thumb Code   330  _scanf_int.o(.text)
    atoi                                     0x000013bb   Thumb Code    26  atoi.o(.text)
    __aeabi_dadd                             0x000013d5   Thumb Code   328  dadd.o(.text)
    __aeabi_dsub                             0x0000151d   Thumb Code    12  dadd.o(.text)
    __aeabi_drsub                            0x00001529   Thumb Code    12  dadd.o(.text)
    __aeabi_dmul                             0x00001539   Thumb Code   202  dmul.o(.text)
    __aeabi_ddiv                             0x00001609   Thumb Code   234  ddiv.o(.text)
    __aeabi_i2d                              0x000016f9   Thumb Code    34  dflti.o(.text)
    __aeabi_ui2d                             0x00001721   Thumb Code    24  dfltui.o(.text)
    __aeabi_d2uiz                            0x0000173d   Thumb Code    50  dfixui.o(.text)
    __aeabi_cdcmpeq                          0x00001779   Thumb Code     0  cdcmple.o(.text)
    __aeabi_cdcmple                          0x00001779   Thumb Code    38  cdcmple.o(.text)
    __aeabi_cdrcmple                         0x000017a1   Thumb Code    38  cdrcmple.o(.text)
    __aeabi_uldivmod                         0x000017c9   Thumb Code    96  uldiv.o(.text)
    __aeabi_llsl                             0x00001829   Thumb Code    32  llshl.o(.text)
    _ll_shift_l                              0x00001829   Thumb Code     0  llshl.o(.text)
    __aeabi_llsr                             0x00001849   Thumb Code    34  llushr.o(.text)
    _ll_ushift_r                             0x00001849   Thumb Code     0  llushr.o(.text)
    __aeabi_lasr                             0x0000186b   Thumb Code    38  llsshr.o(.text)
    _ll_sshift_r                             0x0000186b   Thumb Code     0  llsshr.o(.text)
    _chval                                   0x00001891   Thumb Code    30  _chval.o(.text)
    __vfscanf_char                           0x000018bd   Thumb Code    24  scanf_char.o(.text)
    _sgetc                                   0x000018dd   Thumb Code    32  _sgetc.o(.text)
    _sbackspace                              0x000018fd   Thumb Code    36  _sgetc.o(.text)
    strtol                                   0x00001921   Thumb Code   108  strtol.o(.text)
    __I$use$fp                               0x00001991   Thumb Code     0  iusefp.o(.text)
    _double_round                            0x00001991   Thumb Code    26  depilogue.o(.text)
    _double_epilogue                         0x000019ab   Thumb Code   164  depilogue.o(.text)
    __aeabi_d2ulz                            0x00001a51   Thumb Code    54  dfixul.o(.text)
    __scatterload                            0x00001a91   Thumb Code    28  init.o(.text)
    __scatterload_rt2                        0x00001a91   Thumb Code     0  init.o(.text)
    __rt_ctype_table                         0x00001ab5   Thumb Code     4  ctype_o.o(.text)
    isspace                                  0x00001abd   Thumb Code    18  isspace_o.o(.text)
    __vfscanf                                0x00001ad1   Thumb Code   812  _scanf.o(.text)
    _strtoul                                 0x00001e09   Thumb Code   166  _strtoul.o(.text)
    BleMasterInit                            0x00001eb1   Thumb Code    36  blemaster.o(i.BleMasterInit)
    BleMasterRecv                            0x00001ed9   Thumb Code    88  blemaster.o(i.BleMasterRecv)
    BleMasterSend                            0x00001f4d   Thumb Code    24  blemaster.o(i.BleMasterSend)
    CT16B1_IRQHandler                        0x00001f65   Thumb Code    22  systimer.o(i.CT16B1_IRQHandler)
    DahuaDeleteDevice                        0x00002079   Thumb Code    62  dahua.o(i.DahuaDeleteDevice)
    DahuaInit                                0x000020b9   Thumb Code    78  dahua.o(i.DahuaInit)
    DahuaLock                                0x00002111   Thumb Code   110  dahua.o(i.DahuaLock)
    DahuaLockAssoc                           0x00002181   Thumb Code    44  dahua.o(i.DahuaLockAssoc)
    DahuaNetAllow                            0x000021b1   Thumb Code    64  dahua.o(i.DahuaNetAllow)
    DahuaRecv                                0x000021f1   Thumb Code   142  dahua.o(i.DahuaRecv)
    DahuaReset                               0x00002291   Thumb Code    34  dahua.o(i.DahuaReset)
    DahuaSend                                0x000022b5   Thumb Code   222  dahua.o(i.DahuaSend)
    DahuaUnlock                              0x000023b9   Thumb Code    60  dahua.o(i.DahuaUnlock)
    DahuaWatiResp                            0x000023f5   Thumb Code   140  dahua.o(i.DahuaWatiResp)
    HardFault_Handler                        0x00002489   Thumb Code    18  main.o(i.HardFault_Handler)
    KeyInit                                  0x000024b1   Thumb Code    34  key.o(i.KeyInit)
    KeyListened                              0x000024d9   Thumb Code    24  key.o(i.KeyListened)
    KeyScan                                  0x000024f1   Thumb Code    56  key.o(i.KeyScan)
    KeyStaSwitch                             0x00002529   Thumb Code   116  key.o(i.KeyStaSwitch)
    LEDClose                                 0x000025a9   Thumb Code    36  led.o(i.LEDClose)
    LEDHandler                               0x000025d5   Thumb Code   126  led.o(i.LEDHandler)
    LEDInit                                  0x00002661   Thumb Code    78  led.o(i.LEDInit)
    LEDOpen                                  0x000026bd   Thumb Code    96  led.o(i.LEDOpen)
    NetWorkCheckHeart                        0x0000280d   Thumb Code   118  network.o(i.NetWorkCheckHeart)
    NetWorkCloseLink                         0x0000288d   Thumb Code    40  network.o(i.NetWorkCloseLink)
    NetWorkClrRspType                        0x000028b5   Thumb Code    10  network.o(i.NetWorkClrRspType)
    NetWorkCreateLink                        0x000028c5   Thumb Code    50  network.o(i.NetWorkCreateLink)
    NetWorkCtlTypeParse                      0x0000290d   Thumb Code   150  network.o(i.NetWorkCtlTypeParse)
    NetWorkDataCreate                        0x000029b1   Thumb Code   174  network.o(i.NetWorkDataCreate)
    NetWorkDataParse                         0x00002a65   Thumb Code   118  network.o(i.NetWorkDataParse)
    NetWorkDealAppUpdate                     0x00002ae1   Thumb Code   480  network.o(i.NetWorkDealAppUpdate)
    NetWorkGetLinkInfo                       0x00002dc1   Thumb Code   158  network.o(i.NetWorkGetLinkInfo)
    NetWorkHandler                           0x00002e61   Thumb Code    64  network.o(i.NetWorkHandler)
    NetWorkInit                              0x00002ea5   Thumb Code   354  network.o(i.NetWorkInit)
    NetWorkIsRspSuccess                      0x00003081   Thumb Code    52  network.o(i.NetWorkIsRspSuccess)
    NetWorkLogin                             0x000030b9   Thumb Code    80  network.o(i.NetWorkLogin)
    NetWorkRecv                              0x00003231   Thumb Code    58  network.o(i.NetWorkRecv)
    NetWorkReportResetFlag                   0x00003335   Thumb Code    34  network.o(i.NetWorkReportResetFlag)
    NetWorkSend                              0x00003359   Thumb Code    54  network.o(i.NetWorkSend)
    NetWorkSendHeart                         0x00003399   Thumb Code   160  network.o(i.NetWorkSendHeart)
    NetWorkSendWarn                          0x00003455   Thumb Code   114  network.o(i.NetWorkSendWarn)
    NetWorkSetRspType                        0x000034cd   Thumb Code    10  network.o(i.NetWorkSetRspType)
    NetWorkSwapServerPort                    0x000034dd   Thumb Code    30  network.o(i.NetWorkSwapServerPort)
    PirCheck                                 0x0000368d   Thumb Code   138  pir.o(i.PirCheck)
    PirHandler                               0x00003725   Thumb Code    40  pir.o(i.PirHandler)
    PirInit                                  0x00003751   Thumb Code    60  pir.o(i.PirInit)
    ShellCmdParse                            0x00003869   Thumb Code   290  shell.o(i.ShellCmdParse)
    ShellCmdRecv                             0x000039d9   Thumb Code    38  shell.o(i.ShellCmdRecv)
    SysInfoBfSave                            0x00003a61   Thumb Code    28  sysinfo.o(i.SysInfoBfSave)
    SysInfoCheckDevID                        0x00003a81   Thumb Code    34  sysinfo.o(i.SysInfoCheckDevID)
    SysInfoClrResetFlag                      0x00003ab5   Thumb Code    32  sysinfo.o(i.SysInfoClrResetFlag)
    SysInfoDefault                           0x00003ad9   Thumb Code    98  sysinfo.o(i.SysInfoDefault)
    SysInfoGetResetFlag                      0x00003b55   Thumb Code     6  sysinfo.o(i.SysInfoGetResetFlag)
    SysInfoIDGet                             0x00003bc9   Thumb Code    26  sysinfo.o(i.SysInfoIDGet)
    SysInfoIDSave                            0x00003be9   Thumb Code    54  sysinfo.o(i.SysInfoIDSave)
    SysInfoInit                              0x00003c25   Thumb Code   174  sysinfo.o(i.SysInfoInit)
    SysInfoMcGet                             0x00003db9   Thumb Code    16  sysinfo.o(i.SysInfoMcGet)
    SysInfoMcSave                            0x00003dcd   Thumb Code    34  sysinfo.o(i.SysInfoMcSave)
    SysInfoPwdSave                           0x00003df5   Thumb Code    42  sysinfo.o(i.SysInfoPwdSave)
    SysInfoReset                             0x00003e25   Thumb Code    26  sysinfo.o(i.SysInfoReset)
    SysInfoWifiGet                           0x00003e45   Thumb Code    26  sysinfo.o(i.SysInfoWifiGet)
    SysInfoWifiIsNull                        0x00003e65   Thumb Code    22  sysinfo.o(i.SysInfoWifiIsNull)
    SysInfoWifiSave                          0x00003e85   Thumb Code    52  sysinfo.o(i.SysInfoWifiSave)
    SysTick_Handler                          0x00003ebd   Thumb Code    28  systimer.o(i.SysTick_Handler)
    SysTimerCalc                             0x00003edd   Thumb Code    12  systimer.o(i.SysTimerCalc)
    SysTimerGet                              0x00003ee9   Thumb Code     6  systimer.o(i.SysTimerGet)
    SysTimerInit                             0x00003ef5   Thumb Code    18  systimer.o(i.SysTimerInit)
    SystemCoreClockUpdate                    0x00003f0d   Thumb Code   216  system_lpc112x.o(i.SystemCoreClockUpdate)
    SystemInit                               0x0000402d   Thumb Code    80  system_lpc112x.o(i.SystemInit)
    SystemReset                              0x00004085   Thumb Code    48  sysinfo.o(i.SystemReset)
    SystemResetHandler                       0x000040bd   Thumb Code    16  sysinfo.o(i.SystemResetHandler)
    UART0_IRQHandler                         0x000040d1   Thumb Code    74  shell.o(i.UART0_IRQHandler)
    UART1_IRQHandler                         0x00004129   Thumb Code    84  blemaster.o(i.UART1_IRQHandler)
    UART2_IRQHandler                         0x00004189   Thumb Code    58  wifi.o(i.UART2_IRQHandler)
    UpdateInfoAppCodeErase                   0x000041cd   Thumb Code    26  updateinfo.o(i.UpdateInfoAppCodeErase)
    UpdateInfoAppCodeSave                    0x000041e7   Thumb Code     8  updateinfo.o(i.UpdateInfoAppCodeSave)
    UpdateInfoGet                            0x000041ef   Thumb Code    16  updateinfo.o(i.UpdateInfoGet)
    UpdateInfoSet                            0x000041ff   Thumb Code    24  updateinfo.o(i.UpdateInfoSet)
    UpdateInfoSetVersion                     0x00004217   Thumb Code    88  updateinfo.o(i.UpdateInfoSetVersion)
    W25qFlashEraseSector                     0x00004271   Thumb Code    80  w25qflash.o(i.W25qFlashEraseSector)
    W25qFlashInit                            0x000042c5   Thumb Code   122  w25qflash.o(i.W25qFlashInit)
    W25qFlashIsBusy                          0x00004351   Thumb Code    44  w25qflash.o(i.W25qFlashIsBusy)
    W25qFlashReadData                        0x000043d1   Thumb Code    94  w25qflash.o(i.W25qFlashReadData)
    W25qFlashReadID                          0x00004435   Thumb Code    70  w25qflash.o(i.W25qFlashReadID)
    W25qFlashWriteAPage                      0x000044a9   Thumb Code    98  w25qflash.o(i.W25qFlashWriteAPage)
    W25qFlashWriteData                       0x00004539   Thumb Code    54  w25qflash.o(i.W25qFlashWriteData)
    WT588DInit                               0x000045a1   Thumb Code    62  wt588d.o(i.WT588DInit)
    WT588DSendByte                           0x000045e9   Thumb Code   138  wt588d.o(i.WT588DSendByte)
    WT588DStartPlay                          0x0000467d   Thumb Code     8  wt588d.o(i.WT588DStartPlay)
    WT588DStopPlay                           0x00004685   Thumb Code    10  wt588d.o(i.WT588DStopPlay)
    WifiCloseTCPLink                         0x00004691   Thumb Code    56  wifi.o(i.WifiCloseTCPLink)
    WifiCreateTCPLink                        0x000046dd   Thumb Code   100  wifi.o(i.WifiCreateTCPLink)
    WifiGetAp                                0x0000477d   Thumb Code   124  wifi.o(i.WifiGetAp)
    WifiGetIP                                0x00004815   Thumb Code    92  wifi.o(i.WifiGetIP)
    WifiGetRssiAndMac                        0x00004885   Thumb Code   146  wifi.o(i.WifiGetRssiAndMac)
    WifiGetSmartLink                         0x0000492d   Thumb Code   150  wifi.o(i.WifiGetSmartLink)
    WifiGetTCPLinkStatus                     0x000049e5   Thumb Code    92  wifi.o(i.WifiGetTCPLinkStatus)
    WifiInit                                 0x00004aa5   Thumb Code    98  wifi.o(i.WifiInit)
    WifiIsMutexLink                          0x00004ca5   Thumb Code    82  wifi.o(i.WifiIsMutexLink)
    WifiJoinAp                               0x00004d0d   Thumb Code    98  wifi.o(i.WifiJoinAp)
    WifiOpenSmartLink                        0x00004d89   Thumb Code    64  wifi.o(i.WifiOpenSmartLink)
    WifiRectNetData                          0x00004de9   Thumb Code   144  wifi.o(i.WifiRectNetData)
    WifiRecv                                 0x00004e85   Thumb Code   110  wifi.o(i.WifiRecv)
    WifiResetModule                          0x00004f01   Thumb Code    80  wifi.o(i.WifiResetModule)
    WifiSend                                 0x00004f65   Thumb Code    20  wifi.o(i.WifiSend)
    WifiSendTCPData                          0x00004f81   Thumb Code   100  wifi.o(i.WifiSendTCPData)
    WifiSetMode                              0x00005009   Thumb Code    84  wifi.o(i.WifiSetMode)
    WifiSetMutexLink                         0x0000506d   Thumb Code    54  wifi.o(i.WifiSetMutexLink)
    WifiWaitResp                             0x000050b9   Thumb Code    66  wifi.o(i.WifiWaitResp)
    __0printf                                0x00005101   Thumb Code    24  printfa.o(i.__0printf)
    __1printf                                0x00005101   Thumb Code     0  printfa.o(i.__0printf)
    __2printf                                0x00005101   Thumb Code     0  printfa.o(i.__0printf)
    __c89printf                              0x00005101   Thumb Code     0  printfa.o(i.__0printf)
    printf                                   0x00005101   Thumb Code     0  printfa.o(i.__0printf)
    __0sprintf                               0x00005121   Thumb Code    36  printfa.o(i.__0sprintf)
    __1sprintf                               0x00005121   Thumb Code     0  printfa.o(i.__0sprintf)
    __2sprintf                               0x00005121   Thumb Code     0  printfa.o(i.__0sprintf)
    __c89sprintf                             0x00005121   Thumb Code     0  printfa.o(i.__0sprintf)
    sprintf                                  0x00005121   Thumb Code     0  printfa.o(i.__0sprintf)
    __ARM_clz                                0x00005149   Thumb Code    46  depilogue.o(i.__ARM_clz)
    __ARM_common_switch8                     0x00005177   Thumb Code    26  system_lpc112x.o(i.__ARM_common_switch8)
    __aeabi_errno_addr                       0x00005191   Thumb Code     4  errno.o(i.__aeabi_errno_addr)
    __rt_errno_addr                          0x00005191   Thumb Code     0  errno.o(i.__aeabi_errno_addr)
    __scatterload_copy                       0x00005199   Thumb Code    14  handlers.o(i.__scatterload_copy)
    __scatterload_null                       0x000051a7   Thumb Code     2  handlers.o(i.__scatterload_null)
    __scatterload_zeroinit                   0x000051a9   Thumb Code    14  handlers.o(i.__scatterload_zeroinit)
    cJSON_AddItemToArray                     0x00005a53   Thumb Code    30  json.o(i.cJSON_AddItemToArray)
    cJSON_AddItemToObject                    0x00005a71   Thumb Code    40  json.o(i.cJSON_AddItemToObject)
    cJSON_CreateObject                       0x00005a9d   Thumb Code    16  json.o(i.cJSON_CreateObject)
    cJSON_CreateString                       0x00005aad   Thumb Code    28  json.o(i.cJSON_CreateString)
    cJSON_Delete                             0x00005ac9   Thumb Code    66  json.o(i.cJSON_Delete)
    cJSON_PrintUnformatted                   0x00005b2d   Thumb Code    12  json.o(i.cJSON_PrintUnformatted)
    ct16b1_timer_init                        0x00005b61   Thumb Code    68  timer.o(i.ct16b1_timer_init)
    delay_ms                                 0x00005bad   Thumb Code    18  delay.o(i.delay_ms)
    floor                                    0x00005bc5   Thumb Code   180  floor.o(i.floor)
    fputc                                    0x00005c8d   Thumb Code    14  main.o(i.fputc)
    free                                     0x00005c9d   Thumb Code    80  malloc.o(i.free)
    gpio_get_bitval                          0x00005cf1   Thumb Code    20  gpio.o(i.gpio_get_bitval)
    gpio_set_bitval                          0x00005d05   Thumb Code    28  gpio.o(i.gpio_set_bitval)
    gpio_set_dir                             0x00005d21   Thumb Code    26  gpio.o(i.gpio_set_dir)
    main                                     0x00005d3d   Thumb Code   190  main.o(i.main)
    malloc                                   0x00005e7d   Thumb Code    92  malloc.o(i.malloc)
    syscon_ahb_enable                        0x000064b9   Thumb Code    14  syscon.o(i.syscon_ahb_enable)
    syscon_pd_on                             0x000064cd   Thumb Code    10  syscon.o(i.syscon_pd_on)
    syscon_uart0_div                         0x000064dd   Thumb Code     6  syscon.o(i.syscon_uart0_div)
    syscon_wdt_clk_update                    0x000064e9   Thumb Code    16  syscon.o(i.syscon_wdt_clk_update)
    syscon_wdt_div                           0x000064fd   Thumb Code     6  syscon.o(i.syscon_wdt_div)
    syscon_wdt_osc                           0x00006509   Thumb Code    10  syscon.o(i.syscon_wdt_osc)
    systick_init                             0x00006519   Thumb Code    48  systick.o(i.systick_init)
    uart0_init                               0x00006559   Thumb Code   110  uart.o(i.uart0_init)
    uart0_send_byte                          0x000065dd   Thumb Code    12  uart.o(i.uart0_send_byte)
    uart1_init                               0x000065ed   Thumb Code   108  uart.o(i.uart1_init)
    uart1_send_byte                          0x0000666d   Thumb Code    12  uart.o(i.uart1_send_byte)
    uart2_init                               0x0000667d   Thumb Code   120  uart.o(i.uart2_init)
    uart2_send                               0x0000670d   Thumb Code    36  uart.o(i.uart2_send)
    wdt_feed                                 0x00006735   Thumb Code    16  wdt.o(i.wdt_feed)
    wdt_init                                 0x00006749   Thumb Code    46  wdt.o(i.wdt_init)
    __ctype_table                            0x0000678c   Data         129  ctype_o.o(.constdata)
    Region$$Table$$Base                      0x00006930   Number         0  anon$$obj.o(Region$$Table)
    Region$$Table$$Limit                     0x00006950   Number         0  anon$$obj.o(Region$$Table)
    SystemCoreClock                          0x100000c0   Data           4  system_lpc112x.o(.data)
    __stdout                                 0x10000110   Data           4  stdout.o(.data)
    __microlib_freelist                      0x10000114   Data           4  mvars.o(.data)
    __microlib_freelist_initialised          0x10000118   Data           4  mvars.o(.data)
    __heap_base                              0x10000788   Data           0  startup_lpc112x.o(HEAP)
    __heap_limit                             0x10000f88   Data           0  startup_lpc112x.o(HEAP)
    __initial_sp                             0x10001788   Data           0  startup_lpc112x.o(STACK)



==============================================================================

Memory Map of the image

  Image Entry point : 0x000010c1

  Load Region LR_IROM1 (Base: 0x00001000, Size: 0x000059b0, Max: 0x0000f000, ABSOLUTE)

    Execution Region ER_IROM1 (Base: 0x00001000, Size: 0x00005950, Max: 0x0000f000, ABSOLUTE)

    Base Addr    Size         Type   Attr      Idx    E Section Name        Object

    0x00001000   0x000000c0   Data   RO          141    RESET               startup_lpc112x.o
    0x000010c0   0x00000000   Code   RO         2243  * .ARM.Collect$$$$00000000  mc_p.l(entry.o)
    0x000010c0   0x00000004   Code   RO         2618    .ARM.Collect$$$$00000001  mc_p.l(entry2.o)
    0x000010c4   0x00000004   Code   RO         2621    .ARM.Collect$$$$00000004  mc_p.l(entry5.o)
    0x000010c8   0x00000000   Code   RO         2623    .ARM.Collect$$$$00000008  mc_p.l(entry7b.o)
    0x000010c8   0x00000000   Code   RO         2625    .ARM.Collect$$$$0000000A  mc_p.l(entry8b.o)
    0x000010c8   0x00000008   Code   RO         2626    .ARM.Collect$$$$0000000B  mc_p.l(entry9a.o)
    0x000010d0   0x00000000   Code   RO         2628    .ARM.Collect$$$$0000000D  mc_p.l(entry10a.o)
    0x000010d0   0x00000000   Code   RO         2630    .ARM.Collect$$$$0000000F  mc_p.l(entry11a.o)
    0x000010d0   0x00000004   Code   RO         2619    .ARM.Collect$$$$00002712  mc_p.l(entry2.o)
    0x000010d4   0x0000001c   Code   RO          142    .text               startup_lpc112x.o
    0x000010f0   0x0000002c   Code   RO         2246    .text               mc_p.l(uidiv.o)
    0x0000111c   0x00000024   Code   RO         2250    .text               mc_p.l(memcpya.o)
    0x00001140   0x00000024   Code   RO         2252    .text               mc_p.l(memseta.o)
    0x00001164   0x00000018   Code   RO         2254    .text               mc_p.l(strcat.o)
    0x0000117c   0x00000028   Code   RO         2256    .text               mc_p.l(strstr.o)
    0x000011a4   0x00000014   Code   RO         2258    .text               mc_p.l(strchr.o)
    0x000011b8   0x0000000e   Code   RO         2260    .text               mc_p.l(strlen.o)
    0x000011c6   0x0000001c   Code   RO         2262    .text               mc_p.l(strcmp.o)
    0x000011e2   0x0000001a   Code   RO         2264    .text               mc_p.l(memcmp.o)
    0x000011fc   0x00000012   Code   RO         2266    .text               mc_p.l(strcpy.o)
    0x0000120e   0x00000014   Code   RO         2561    .text               mc_p.l(uread4.o)
    0x00001222   0x00000012   Code   RO         2563    .text               mc_p.l(uwrite4.o)
    0x00001234   0x0000003c   Code   RO         2565    .text               mc_p.l(__0sscanf.o)
    0x00001270   0x0000014a   Code   RO         2567    .text               mc_p.l(_scanf_int.o)
    0x000013ba   0x0000001a   Code   RO         2569    .text               mc_p.l(atoi.o)
    0x000013d4   0x00000164   Code   RO         2571    .text               mf_p.l(dadd.o)
    0x00001538   0x000000d0   Code   RO         2573    .text               mf_p.l(dmul.o)
    0x00001608   0x000000f0   Code   RO         2575    .text               mf_p.l(ddiv.o)
    0x000016f8   0x00000028   Code   RO         2577    .text               mf_p.l(dflti.o)
    0x00001720   0x0000001c   Code   RO         2579    .text               mf_p.l(dfltui.o)
    0x0000173c   0x0000003c   Code   RO         2583    .text               mf_p.l(dfixui.o)
    0x00001778   0x00000028   Code   RO         2587    .text               mf_p.l(cdcmple.o)
    0x000017a0   0x00000028   Code   RO         2589    .text               mf_p.l(cdrcmple.o)
    0x000017c8   0x00000060   Code   RO         2633    .text               mc_p.l(uldiv.o)
    0x00001828   0x00000020   Code   RO         2635    .text               mc_p.l(llshl.o)
    0x00001848   0x00000022   Code   RO         2637    .text               mc_p.l(llushr.o)
    0x0000186a   0x00000026   Code   RO         2639    .text               mc_p.l(llsshr.o)
    0x00001890   0x0000001e   Code   RO         2650    .text               mc_p.l(_chval.o)
    0x000018ae   0x00000002   PAD
    0x000018b0   0x0000002c   Code   RO         2652    .text               mc_p.l(scanf_char.o)
    0x000018dc   0x00000044   Code   RO         2654    .text               mc_p.l(_sgetc.o)
    0x00001920   0x00000070   Code   RO         2656    .text               mc_p.l(strtol.o)
    0x00001990   0x00000000   Code   RO         2658    .text               mc_p.l(iusefp.o)
    0x00001990   0x000000be   Code   RO         2659    .text               mf_p.l(depilogue.o)
    0x00001a4e   0x00000002   PAD
    0x00001a50   0x00000040   Code   RO         2665    .text               mf_p.l(dfixul.o)
    0x00001a90   0x00000024   Code   RO         2667    .text               mc_p.l(init.o)
    0x00001ab4   0x00000008   Code   RO         2671    .text               mc_p.l(ctype_o.o)
    0x00001abc   0x00000012   Code   RO         2693    .text               mc_p.l(isspace_o.o)
    0x00001ace   0x00000002   PAD
    0x00001ad0   0x00000338   Code   RO         2699    .text               mc_p.l(_scanf.o)
    0x00001e08   0x000000a6   Code   RO         2701    .text               mc_p.l(_strtoul.o)
    0x00001eae   0x00000002   PAD
    0x00001eb0   0x00000028   Code   RO         1736    i.BleMasterInit     blemaster.o
    0x00001ed8   0x00000074   Code   RO         1737    i.BleMasterRecv     blemaster.o
    0x00001f4c   0x00000018   Code   RO         1738    i.BleMasterSend     blemaster.o
    0x00001f64   0x00000020   Code   RO          968    i.CT16B1_IRQHandler  systimer.o
    0x00001f84   0x000000f4   Code   RO         1077    i.DahuaDealAlarmInfo  dahua.o
    0x00002078   0x0000003e   Code   RO         1078    i.DahuaDeleteDevice  dahua.o
    0x000020b6   0x00000002   PAD
    0x000020b8   0x00000058   Code   RO         1082    i.DahuaInit         dahua.o
    0x00002110   0x0000006e   Code   RO         1083    i.DahuaLock         dahua.o
    0x0000217e   0x00000002   PAD
    0x00002180   0x00000030   Code   RO         1084    i.DahuaLockAssoc    dahua.o
    0x000021b0   0x00000040   Code   RO         1085    i.DahuaNetAllow     dahua.o
    0x000021f0   0x000000a0   Code   RO         1088    i.DahuaRecv         dahua.o
    0x00002290   0x00000022   Code   RO         1091    i.DahuaReset        dahua.o
    0x000022b2   0x00000002   PAD
    0x000022b4   0x00000104   Code   RO         1092    i.DahuaSend         dahua.o
    0x000023b8   0x0000003c   Code   RO         1095    i.DahuaUnlock       dahua.o
    0x000023f4   0x00000094   Code   RO         1097    i.DahuaWatiResp     dahua.o
    0x00002488   0x00000028   Code   RO            3    i.HardFault_Handler  main.o
    0x000024b0   0x00000028   Code   RO         1230    i.KeyInit           key.o
    0x000024d8   0x00000018   Code   RO         1231    i.KeyListened       key.o
    0x000024f0   0x00000038   Code   RO         1232    i.KeyScan           key.o
    0x00002528   0x00000080   Code   RO         1233    i.KeyStaSwitch      key.o
    0x000025a8   0x0000002c   Code   RO         1270    i.LEDClose          led.o
    0x000025d4   0x0000008c   Code   RO         1271    i.LEDHandler        led.o
    0x00002660   0x0000005c   Code   RO         1272    i.LEDInit           led.o
    0x000026bc   0x0000006c   Code   RO         1273    i.LEDOpen           led.o
    0x00002728   0x00000014   Code   RO         1957    i.NVIC_EnableIRQ    timer.o
    0x0000273c   0x00000044   Code   RO         1958    i.NVIC_SetPriority  timer.o
    0x00002780   0x00000044   Code   RO         2109    i.NVIC_SetPriority  uart.o
    0x000027c4   0x00000018   Code   RO            4    i.NVIC_SystemReset  main.o
    0x000027dc   0x00000018   Code   RO          566    i.NVIC_SystemReset  network.o
    0x000027f4   0x00000018   Code   RO          752    i.NVIC_SystemReset  shell.o
    0x0000280c   0x00000080   Code   RO          567    i.NetWorkCheckHeart  network.o
    0x0000288c   0x00000028   Code   RO          568    i.NetWorkCloseLink  network.o
    0x000028b4   0x00000010   Code   RO          569    i.NetWorkClrRspType  network.o
    0x000028c4   0x00000048   Code   RO          570    i.NetWorkCreateLink  network.o
    0x0000290c   0x000000a4   Code   RO          571    i.NetWorkCtlTypeParse  network.o
    0x000029b0   0x000000b4   Code   RO          572    i.NetWorkDataCreate  network.o
    0x00002a64   0x0000007c   Code   RO          573    i.NetWorkDataParse  network.o
    0x00002ae0   0x000001fc   Code   RO          574    i.NetWorkDealAppUpdate  network.o
    0x00002cdc   0x000000e4   Code   RO          575    i.NetWorkDealHeartRspData  network.o
    0x00002dc0   0x0000009e   Code   RO          576    i.NetWorkGetLinkInfo  network.o
    0x00002e5e   0x00000002   PAD
    0x00002e60   0x00000044   Code   RO          577    i.NetWorkHandler    network.o
    0x00002ea4   0x000001dc   Code   RO          578    i.NetWorkInit       network.o
    0x00003080   0x00000038   Code   RO          579    i.NetWorkIsRspSuccess  network.o
    0x000030b8   0x00000054   Code   RO          580    i.NetWorkLogin      network.o
    0x0000310c   0x00000124   Code   RO          581    i.NetWorkLoginDataCreate  network.o
    0x00003230   0x0000003a   Code   RO          582    i.NetWorkRecv       network.o
    0x0000326a   0x00000002   PAD
    0x0000326c   0x000000c8   Code   RO          583    i.NetWorkReportNetInfo  network.o
    0x00003334   0x00000022   Code   RO          584    i.NetWorkReportResetFlag  network.o
    0x00003356   0x00000002   PAD
    0x00003358   0x00000040   Code   RO          585    i.NetWorkSend       network.o
    0x00003398   0x000000bc   Code   RO          586    i.NetWorkSendHeart  network.o
    0x00003454   0x00000078   Code   RO          588    i.NetWorkSendWarn   network.o
    0x000034cc   0x00000010   Code   RO          589    i.NetWorkSetRspType  network.o
    0x000034dc   0x00000028   Code   RO          590    i.NetWorkSwapServerPort  network.o
    0x00003504   0x00000094   Code   RO          591    i.NetWorkUpdateDataCreate  network.o
    0x00003598   0x00000064   Code   RO          592    i.NetWorkWaitWifiJoin  network.o
    0x000035fc   0x00000090   Code   RO          593    i.NetWorkWarnDataCreate  network.o
    0x0000368c   0x00000098   Code   RO         1310    i.PirCheck          pir.o
    0x00003724   0x0000002c   Code   RO         1311    i.PirHandler        pir.o
    0x00003750   0x0000004c   Code   RO         1312    i.PirInit           pir.o
    0x0000379c   0x000000cc   Code   RO          753    i.SheelDealID       shell.o
    0x00003868   0x00000170   Code   RO          754    i.ShellCmdParse     shell.o
    0x000039d8   0x00000030   Code   RO          755    i.ShellCmdRecv      shell.o
    0x00003a08   0x00000058   Code   RO          756    i.ShellShowHelp     shell.o
    0x00003a60   0x00000020   Code   RO          804    i.SysInfoBfSave     sysinfo.o
    0x00003a80   0x00000034   Code   RO          805    i.SysInfoCheckDevID  sysinfo.o
    0x00003ab4   0x00000024   Code   RO          806    i.SysInfoClrResetFlag  sysinfo.o
    0x00003ad8   0x0000007c   Code   RO          807    i.SysInfoDefault    sysinfo.o
    0x00003b54   0x0000000c   Code   RO          808    i.SysInfoGetResetFlag  sysinfo.o
    0x00003b60   0x00000068   Code   RO          810    i.SysInfoGetSystemID  sysinfo.o
    0x00003bc8   0x00000020   Code   RO          811    i.SysInfoIDGet      sysinfo.o
    0x00003be8   0x0000003c   Code   RO          812    i.SysInfoIDSave     sysinfo.o
    0x00003c24   0x00000174   Code   RO          813    i.SysInfoInit       sysinfo.o
    0x00003d98   0x00000020   Code   RO          814    i.SysInfoIsValidID  sysinfo.o
    0x00003db8   0x00000014   Code   RO          815    i.SysInfoMcGet      sysinfo.o
    0x00003dcc   0x00000028   Code   RO          816    i.SysInfoMcSave     sysinfo.o
    0x00003df4   0x00000030   Code   RO          818    i.SysInfoPwdSave    sysinfo.o
    0x00003e24   0x00000020   Code   RO          819    i.SysInfoReset      sysinfo.o
    0x00003e44   0x00000020   Code   RO          822    i.SysInfoWifiGet    sysinfo.o
    0x00003e64   0x00000020   Code   RO          823    i.SysInfoWifiIsNull  sysinfo.o
    0x00003e84   0x00000038   Code   RO          824    i.SysInfoWifiSave   sysinfo.o
    0x00003ebc   0x00000020   Code   RO          969    i.SysTick_Handler   systimer.o
    0x00003edc   0x0000000c   Code   RO          970    i.SysTimerCalc      systimer.o
    0x00003ee8   0x0000000c   Code   RO          971    i.SysTimerGet       systimer.o
    0x00003ef4   0x00000018   Code   RO          973    i.SysTimerInit      systimer.o
    0x00003f0c   0x00000120   Code   RO          148    i.SystemCoreClockUpdate  system_lpc112x.o
    0x0000402c   0x00000058   Code   RO          149    i.SystemInit        system_lpc112x.o
    0x00004084   0x00000038   Code   RO          825    i.SystemReset       sysinfo.o
    0x000040bc   0x00000014   Code   RO          826    i.SystemResetHandler  sysinfo.o
    0x000040d0   0x00000058   Code   RO          757    i.UART0_IRQHandler  shell.o
    0x00004128   0x00000060   Code   RO         1739    i.UART1_IRQHandler  blemaster.o
    0x00004188   0x00000044   Code   RO         1433    i.UART2_IRQHandler  wifi.o
    0x000041cc   0x0000001a   Code   RO         1020    i.UpdateInfoAppCodeErase  updateinfo.o
    0x000041e6   0x00000008   Code   RO         1021    i.UpdateInfoAppCodeSave  updateinfo.o
    0x000041ee   0x00000010   Code   RO         1022    i.UpdateInfoGet     updateinfo.o
    0x000041fe   0x00000018   Code   RO         1024    i.UpdateInfoSet     updateinfo.o
    0x00004216   0x00000058   Code   RO         1025    i.UpdateInfoSetVersion  updateinfo.o
    0x0000426e   0x00000002   PAD
    0x00004270   0x00000054   Code   RO         1346    i.W25qFlashEraseSector  w25qflash.o
    0x000042c4   0x0000008c   Code   RO         1347    i.W25qFlashInit     w25qflash.o
    0x00004350   0x00000030   Code   RO         1348    i.W25qFlashIsBusy   w25qflash.o
    0x00004380   0x00000050   Code   RO         1350    i.W25qFlashRWBytes  w25qflash.o
    0x000043d0   0x00000064   Code   RO         1351    i.W25qFlashReadData  w25qflash.o
    0x00004434   0x0000004c   Code   RO         1352    i.W25qFlashReadID   w25qflash.o
    0x00004480   0x00000028   Code   RO         1353    i.W25qFlashWaitIdle  w25qflash.o
    0x000044a8   0x00000068   Code   RO         1354    i.W25qFlashWriteAPage  w25qflash.o
    0x00004510   0x00000028   Code   RO         1355    i.W25qFlashWriteControl  w25qflash.o
    0x00004538   0x00000036   Code   RO         1356    i.W25qFlashWriteData  w25qflash.o
    0x0000456e   0x00000018   Code   RO         1677    i.WT588DDelay200us  wt588d.o
    0x00004586   0x0000001a   Code   RO         1678    i.WT588DDelay600us  wt588d.o
    0x000045a0   0x00000048   Code   RO         1679    i.WT588DInit        wt588d.o
    0x000045e8   0x00000094   Code   RO         1681    i.WT588DSendByte    wt588d.o
    0x0000467c   0x00000008   Code   RO         1682    i.WT588DStartPlay   wt588d.o
    0x00004684   0x0000000a   Code   RO         1683    i.WT588DStopPlay    wt588d.o
    0x0000468e   0x00000002   PAD
    0x00004690   0x0000004c   Code   RO         1434    i.WifiCloseTCPLink  wifi.o
    0x000046dc   0x000000a0   Code   RO         1435    i.WifiCreateTCPLink  wifi.o
    0x0000477c   0x00000098   Code   RO         1436    i.WifiGetAp         wifi.o
    0x00004814   0x00000070   Code   RO         1439    i.WifiGetIP         wifi.o
    0x00004884   0x000000a8   Code   RO         1442    i.WifiGetRssiAndMac  wifi.o
    0x0000492c   0x000000b8   Code   RO         1443    i.WifiGetSmartLink  wifi.o
    0x000049e4   0x00000078   Code   RO         1444    i.WifiGetTCPLinkStatus  wifi.o
    0x00004a5c   0x00000048   Code   RO          594    i.WifiInfoSplitNameAndPwd  network.o
    0x00004aa4   0x00000070   Code   RO         1448    i.WifiInit          wifi.o
    0x00004b14   0x00000090   Code   RO         1449    i.WifiIntDealAtRspData  wifi.o
    0x00004ba4   0x000000a8   Code   RO         1450    i.WifiIntDealNetData  wifi.o
    0x00004c4c   0x00000058   Code   RO         1451    i.WifiIntDealSmartLink  wifi.o
    0x00004ca4   0x00000068   Code   RO         1452    i.WifiIsMutexLink   wifi.o
    0x00004d0c   0x0000007c   Code   RO         1453    i.WifiJoinAp        wifi.o
    0x00004d88   0x00000060   Code   RO         1455    i.WifiOpenSmartLink  wifi.o
    0x00004de8   0x0000009c   Code   RO         1457    i.WifiRectNetData   wifi.o
    0x00004e84   0x0000007c   Code   RO         1458    i.WifiRecv          wifi.o
    0x00004f00   0x00000064   Code   RO         1459    i.WifiResetModule   wifi.o
    0x00004f64   0x0000001c   Code   RO         1460    i.WifiSend          wifi.o
    0x00004f80   0x00000088   Code   RO         1461    i.WifiSendTCPData   wifi.o
    0x00005008   0x00000064   Code   RO         1464    i.WifiSetMode       wifi.o
    0x0000506c   0x0000004c   Code   RO         1465    i.WifiSetMutexLink  wifi.o
    0x000050b8   0x00000048   Code   RO         1470    i.WifiWaitResp      wifi.o
    0x00005100   0x00000020   Code   RO         2505    i.__0printf         mc_p.l(printfa.o)
    0x00005120   0x00000028   Code   RO         2507    i.__0sprintf        mc_p.l(printfa.o)
    0x00005148   0x0000002e   Code   RO         2661    i.__ARM_clz         mf_p.l(depilogue.o)
    0x00005176   0x0000001a   Code   RO          172    i.__ARM_common_switch8  system_lpc112x.o
    0x00005190   0x00000008   Code   RO         2643    i.__aeabi_errno_addr  mc_p.l(errno.o)
    0x00005198   0x0000000e   Code   RO         2710    i.__scatterload_copy  mc_p.l(handlers.o)
    0x000051a6   0x00000002   Code   RO         2711    i.__scatterload_null  mc_p.l(handlers.o)
    0x000051a8   0x0000000e   Code   RO         2712    i.__scatterload_zeroinit  mc_p.l(handlers.o)
    0x000051b6   0x00000002   PAD
    0x000051b8   0x00000158   Code   RO         2512    i._fp_digits        mc_p.l(printfa.o)
    0x00005310   0x000006ec   Code   RO         2513    i._printf_core      mc_p.l(printfa.o)
    0x000059fc   0x00000020   Code   RO         2514    i._printf_post_padding  mc_p.l(printfa.o)
    0x00005a1c   0x0000002c   Code   RO         2515    i._printf_pre_padding  mc_p.l(printfa.o)
    0x00005a48   0x0000000a   Code   RO         2517    i._sputc            mc_p.l(printfa.o)
    0x00005a52   0x0000001e   Code   RO          203    i.cJSON_AddItemToArray  json.o
    0x00005a70   0x0000002c   Code   RO          204    i.cJSON_AddItemToObject  json.o
    0x00005a9c   0x00000010   Code   RO          213    i.cJSON_CreateObject  json.o
    0x00005aac   0x0000001c   Code   RO          214    i.cJSON_CreateString  json.o
    0x00005ac8   0x00000048   Code   RO          217    i.cJSON_Delete      json.o
    0x00005b10   0x0000001c   Code   RO          229    i.cJSON_New_Item    json.o
    0x00005b2c   0x0000000c   Code   RO          233    i.cJSON_PrintUnformatted  json.o
    0x00005b38   0x00000028   Code   RO          237    i.cJSON_strdup      json.o
    0x00005b60   0x0000004c   Code   RO         1969    i.ct16b1_timer_init  timer.o
    0x00005bac   0x00000018   Code   RO          183    i.delay_ms          delay.o
    0x00005bc4   0x000000c8   Code   RO         2230    i.floor             m_ps.l(floor.o)
    0x00005c8c   0x0000000e   Code   RO            5    i.fputc             main.o
    0x00005c9a   0x00000002   PAD
    0x00005c9c   0x00000054   Code   RO         2533    i.free              mc_p.l(malloc.o)
    0x00005cf0   0x00000014   Code   RO         1779    i.gpio_get_bitval   gpio.o
    0x00005d04   0x0000001c   Code   RO         1781    i.gpio_set_bitval   gpio.o
    0x00005d20   0x0000001a   Code   RO         1782    i.gpio_set_dir      gpio.o
    0x00005d3a   0x00000002   PAD
    0x00005d3c   0x00000140   Code   RO            6    i.main              main.o
    0x00005e7c   0x0000006c   Code   RO         2534    i.malloc            mc_p.l(malloc.o)
    0x00005ee8   0x00000138   Code   RO          245    i.print_array       json.o
    0x00006020   0x00000108   Code   RO          246    i.print_number      json.o
    0x00006128   0x0000024c   Code   RO          247    i.print_object      json.o
    0x00006374   0x000000dc   Code   RO          248    i.print_string_ptr  json.o
    0x00006450   0x00000068   Code   RO          249    i.print_value       json.o
    0x000064b8   0x00000014   Code   RO         1854    i.syscon_ahb_enable  syscon.o
    0x000064cc   0x00000010   Code   RO         1859    i.syscon_pd_on      syscon.o
    0x000064dc   0x0000000c   Code   RO         1864    i.syscon_uart0_div  syscon.o
    0x000064e8   0x00000014   Code   RO         1865    i.syscon_wdt_clk_update  syscon.o
    0x000064fc   0x0000000c   Code   RO         1866    i.syscon_wdt_div    syscon.o
    0x00006508   0x00000010   Code   RO         1867    i.syscon_wdt_osc    syscon.o
    0x00006518   0x00000040   Code   RO         2208    i.systick_init      systick.o
    0x00006558   0x00000084   Code   RO         2110    i.uart0_init        uart.o
    0x000065dc   0x00000010   Code   RO         2112    i.uart0_send_byte   uart.o
    0x000065ec   0x00000080   Code   RO         2113    i.uart1_init        uart.o
    0x0000666c   0x00000010   Code   RO         2115    i.uart1_send_byte   uart.o
    0x0000667c   0x00000090   Code   RO         2116    i.uart2_init        uart.o
    0x0000670c   0x00000028   Code   RO         2117    i.uart2_send        uart.o
    0x00006734   0x00000014   Code   RO         2182    i.wdt_feed          wdt.o
    0x00006748   0x00000038   Code   RO         2183    i.wdt_init          wdt.o
    0x00006780   0x00000007   Data   RO         1099    .constdata          dahua.o
    0x00006787   0x00000001   PAD
    0x00006788   0x00000004   Data   RO         1472    .constdata          wifi.o
    0x0000678c   0x00000081   Data   RO         2672    .constdata          mc_p.l(ctype_o.o)
    0x0000680d   0x00000003   PAD
    0x00006810   0x00000004   Data   RO         2673    .constdata          mc_p.l(ctype_o.o)
    0x00006814   0x0000011a   Data   RO          759    .conststring        shell.o
    0x0000692e   0x00000002   PAD
    0x00006930   0x00000020   Data   RO         2708    Region$$Table       anon$$obj.o


    Execution Region RW_IRAM1 (Base: 0x100000c0, Size: 0x000016c8, Max: 0x00001f40, ABSOLUTE)

    Base Addr    Size         Type   Attr      Idx    E Section Name        Object

    0x100000c0   0x00000004   Data   RW          150    .data               system_lpc112x.o
    0x100000c4   0x0000000c   Data   RW          252    .data               json.o
    0x100000d0   0x00000001   Data   RW          596    .data               network.o
    0x100000d1   0x00000001   PAD
    0x100000d2   0x00000004   Data   RW          760    .data               shell.o
    0x100000d6   0x00000002   PAD
    0x100000d8   0x00000004   Data   RW          829    .data               sysinfo.o
    0x100000dc   0x00000008   Data   RW          974    .data               systimer.o
    0x100000e4   0x00000008   Data   RW         1234    .data               key.o
    0x100000ec   0x00000004   Data   RW         1274    .data               led.o
    0x100000f0   0x00000010   Data   RW         1313    .data               pir.o
    0x10000100   0x0000000c   Data   RW         1473    .data               wifi.o
    0x1000010c   0x00000004   Data   RW         1741    .data               blemaster.o
    0x10000110   0x00000004   Data   RW         2632    .data               mc_p.l(stdout.o)
    0x10000114   0x00000004   Data   RW         2641    .data               mc_p.l(mvars.o)
    0x10000118   0x00000004   Data   RW         2642    .data               mc_p.l(mvars.o)
    0x1000011c   0x00000004   Data   RW         2646    .data               mc_p.l(errno.o)
    0x10000120   0x0000012d   Zero   RW          595    .bss                network.o
    0x1000024d   0x00000080   Zero   RW          758    .bss                shell.o
    0x100002cd   0x00000069   Zero   RW          827    .bss                sysinfo.o
    0x10000336   0x00000122   Zero   RW         1098    .bss                dahua.o
    0x10000458   0x00000200   Zero   RW         1471    .bss                wifi.o
    0x10000658   0x0000012c   Zero   RW         1740    .bss                blemaster.o
    0x10000784   0x00000004   PAD
    0x10000788   0x00000800   Zero   RW          140    HEAP                startup_lpc112x.o
    0x10000f88   0x00000800   Zero   RW          139    STACK               startup_lpc112x.o


==============================================================================

Image component sizes


      Code (inc. data)   RO Data    RW Data    ZI Data      Debug   Object Name

       276         44          0          4        300       2919   blemaster.o
      1278        182          7          0        290      11664   dahua.o
        24          6          0          0          0        419   delay.o
        74          0          0          0          0       1619   gpio.o
      1758        154          0         12          0      10918   json.o
       248         26          0          8          0       2085   key.o
       384         68          0          4          0       2596   led.o
       398        160          0          0          0      32754   main.o
      3802        592          0          1        301      18924   network.o
       272         34          0         16          0       1594   pir.o
       820        266        282          4        128       3902   shell.o
        28          8        192          0       4096        616   startup_lpc112x.o
        96         34          0          0          0       2408   syscon.o
      1192        342          0          4        105      10515   sysinfo.o
       402         98          0          4          0       2663   system_lpc112x.o
        64         16          0          0          0       6239   systick.o
       112         26          0          8          0       2298   systimer.o
       164         22          0          0          0       7474   timer.o
       544         86          0          0          0       3428   uart.o
       162          0          0          0          0       3464   updateinfo.o
       766         62          0          0          0       5766   w25qflash.o
        76         14          0          0          0       1050   wdt.o
      2668        478          4         12        512      15062   wifi.o
       288         20          0          0          0       3382   wt588d.o

    ----------------------------------------------------------------------
     15916       2738        520         80       5736     153759   Object Totals
         0          0         32          0          0          0   (incl. Generated)
        20          0          3          3          4          0   (incl. Padding)

    ----------------------------------------------------------------------

      Code (inc. data)   RO Data    RW Data    ZI Data      Debug   Library Member Name

       200         20          0          0          0         76   floor.o
        60         10          0          0          0         84   __0sscanf.o
        30          0          0          0          0         60   _chval.o
       824         12          0          0          0         84   _scanf.o
       330          0          0          0          0         84   _scanf_int.o
        68          0          0          0          0         76   _sgetc.o
       166          0          0          0          0         84   _strtoul.o
        26          0          0          0          0         72   atoi.o
         8          4        133          0          0         60   ctype_o.o
         0          0          0          0          0          0   entry.o
         0          0          0          0          0          0   entry10a.o
         0          0          0          0          0          0   entry11a.o
         8          4          0          0          0          0   entry2.o
         4          0          0          0          0          0   entry5.o
         0          0          0          0          0          0   entry7b.o
         0          0          0          0          0          0   entry8b.o
         8          4          0          0          0          0   entry9a.o
         8          4          0          4          0         60   errno.o
        30          0          0          0          0          0   handlers.o
        36          8          0          0          0         68   init.o
        18          0          0          0          0         68   isspace_o.o
         0          0          0          0          0          0   iusefp.o
        32          0          0          0          0         68   llshl.o
        38          0          0          0          0         68   llsshr.o
        34          0          0          0          0         68   llushr.o
       192         20          0          0          0        144   malloc.o
        26          0          0          0          0         72   memcmp.o
        36          0          0          0          0         60   memcpya.o
        36          0          0          0          0        100   memseta.o
         0          0          0          8          0          0   mvars.o
      2274        102          0          0          0        556   printfa.o
        44          8          0          0          0         84   scanf_char.o
         0          0          0          4          0          0   stdout.o
        24          0          0          0          0         60   strcat.o
        20          0          0          0          0         60   strchr.o
        28          0          0          0          0         68   strcmp.o
        18          0          0          0          0         60   strcpy.o
        14          0          0          0          0         60   strlen.o
        40          0          0          0          0         72   strstr.o
       112          4          0          0          0         76   strtol.o
        44          0          0          0          0         72   uidiv.o
        96          0          0          0          0         84   uldiv.o
        20          0          0          0          0         60   uread4.o
        18          0          0          0          0         60   uwrite4.o
        40          2          0          0          0         68   cdcmple.o
        40          2          0          0          0         68   cdrcmple.o
       356          4          0          0          0        140   dadd.o
       240          6          0          0          0         84   ddiv.o
       236          0          0          0          0        216   depilogue.o
        60         10          0          0          0         68   dfixui.o
        64         10          0          0          0         68   dfixul.o
        40          6          0          0          0         68   dflti.o
        28          4          0          0          0         68   dfltui.o
       208          6          0          0          0         88   dmul.o

    ----------------------------------------------------------------------
      6292        250        136         16          0       3764   Library Totals
        10          0          3          0          0          0   (incl. Padding)

    ----------------------------------------------------------------------

      Code (inc. data)   RO Data    RW Data    ZI Data      Debug   Library Name

       200         20          0          0          0         76   m_ps.l
      4770        180        133         16          0       2752   mc_p.l
      1312         50          0          0          0        936   mf_p.l

    ----------------------------------------------------------------------
      6292        250        136         16          0       3764   Library Totals

    ----------------------------------------------------------------------

==============================================================================


      Code (inc. data)   RO Data    RW Data    ZI Data      Debug   

     22208       2988        656         96       5736     148155   Grand Totals
     22208       2988        656         96       5736     148155   ELF Image Totals
     22208       2988        656         96          0          0   ROM Totals

==============================================================================

    Total RO  Size (Code + RO Data)                22864 (  22.33kB)
    Total RW  Size (RW Data + ZI Data)              5832 (   5.70kB)
    Total ROM Size (Code + RO Data + RW Data)      22960 (  22.42kB)

==============================================================================

