<html>
<body>
<pre>
<h1>礦ision Build Log</h1>
<h2>Tool Versions:</h2>
IDE-Version: μVision V5.13.0.0
Copyright (C) 2014 ARM Ltd and ARM Germany GmbH. All rights reserved.
License Information: hzw 微软用户, 微软中国, LIC=7YKY8-34WVR-YD5K5-GIT39-J5CII-WXT56
 
Tool Versions:
Toolchain:       MDK-ARM Professional  Version: 5.13.0.0
Toolchain Path:  d:\Keil_v5\ARM\ARMCC\Bin
C Compiler:      Armcc.exe V5.05 update 1 (build 106)
Assembler:       Armasm.exe V5.05 update 1 (build 106)
Linker/Locator:  ArmLink.exe V5.05 update 1 (build 106)
Library Manager: ArmAr.exe V5.05 update 1 (build 106)
Hex Converter:   FromElf.exe V5.05 update 1 (build 106)
CPU DLL:         SARMCM3.DLL V5.13.0.0
Dialog DLL:      DARMCM1.DLL V1.12.0.0
Target DLL:      UL2CM3.DLL V1.154.12.0
Dialog DLL:      TARMCM1.DLL V1.9.0.0
 
<h2>Project:</h2>
E:\GSDProduct\Hotel\Hotel_RC\IDE\HotelRC.uvprojx
Project File Date:  03/14/2016

<h2>Output:</h2>
Build target 'HotelRC'
linking...
Program Size: Code=13208 RO-data=224 RW-data=180 ZI-data=1308  
FromELF: creating hex file...
".\Objects\GHK-RM-HK.axf" - 0 Error(s), 0 Warning(s).

<h2>Collection of Component include folders:</h2>
  E:\GSDProduct\Hotel\Hotel_RC\IDE\RTE
  d:\Keil_v5\ARM\PACK\Keil\LPC1100_DFP\1.3.0\Device\Include\LPC112x

<h2>Collection of Component Files used:</h2>
</pre>
</body>
</html>
