<!doctype html public "-//w3c//dtd html 4.0 transitional//en">
<html><head>
<title>Static Call Graph - [.\Objects\BootLoad.axf]</title></head>
<body><HR>
<H1>Static Call Graph for image .\Objects\BootLoad.axf</H1><HR>
<BR><P>#&#060CALLGRAPH&#062# ARM Linker, 5050106: Last Updated: Wed Jul 06 15:37:10 2016
<BR><P>
<H3>Maximum Stack Usage =        800 bytes + Unknown(Cycles, Untraceable Function Pointers)</H3><H3>
Call chain for Maximum Stack Depth:</H3>
main &rArr; UpdateInfoAppCodeUpdate &rArr; UpdateInfoSet &rArr; W25qFlashWriteData &rArr; W25qFlashWriteAPage &rArr; W25qFlashWaitIdle &rArr; W25qFlashIsBusy &rArr; W25qFlashRWBytes &rArr; gpio_set_bitval
<P>
<H3>
Mutually Recursive functions
</H3> <LI><a href="#[1]">NMI_Handler</a>&nbsp;&nbsp;&nbsp;&rArr;&nbsp;&nbsp;&nbsp;<a href="#[1]">NMI_Handler</a><BR>
 <LI><a href="#[2]">HardFault_Handler</a>&nbsp;&nbsp;&nbsp;&rArr;&nbsp;&nbsp;&nbsp;<a href="#[2]">HardFault_Handler</a><BR>
 <LI><a href="#[3]">SVC_Handler</a>&nbsp;&nbsp;&nbsp;&rArr;&nbsp;&nbsp;&nbsp;<a href="#[3]">SVC_Handler</a><BR>
 <LI><a href="#[4]">PendSV_Handler</a>&nbsp;&nbsp;&nbsp;&rArr;&nbsp;&nbsp;&nbsp;<a href="#[4]">PendSV_Handler</a><BR>
 <LI><a href="#[5]">SysTick_Handler</a>&nbsp;&nbsp;&nbsp;&rArr;&nbsp;&nbsp;&nbsp;<a href="#[5]">SysTick_Handler</a><BR>
 <LI><a href="#[1e]">ADC_A_IRQHandler</a>&nbsp;&nbsp;&nbsp;&rArr;&nbsp;&nbsp;&nbsp;<a href="#[1e]">ADC_A_IRQHandler</a><BR>
</UL>
<P>
<H3>
Function Pointers
</H3><UL>
 <LI><a href="#[1e]">ADC_A_IRQHandler</a> from startup_lpc112x.o(.text) referenced from startup_lpc112x.o(RESET)
 <LI><a href="#[13]">ADC_B_IRQHandler</a> from startup_lpc112x.o(.text) referenced from startup_lpc112x.o(RESET)
 <LI><a href="#[20]">BOD_IRQHandler</a> from startup_lpc112x.o(.text) referenced from startup_lpc112x.o(RESET)
 <LI><a href="#[16]">CT16B0_IRQHandler</a> from startup_lpc112x.o(.text) referenced from startup_lpc112x.o(RESET)
 <LI><a href="#[17]">CT16B1_IRQHandler</a> from startup_lpc112x.o(.text) referenced from startup_lpc112x.o(RESET)
 <LI><a href="#[18]">CT32B0_IRQHandler</a> from startup_lpc112x.o(.text) referenced from startup_lpc112x.o(RESET)
 <LI><a href="#[19]">CT32B1_IRQHandler</a> from startup_lpc112x.o(.text) referenced from startup_lpc112x.o(RESET)
 <LI><a href="#[21]">FLASH_IRQHandler</a> from startup_lpc112x.o(.text) referenced from startup_lpc112x.o(RESET)
 <LI><a href="#[25]">GPIO0_IRQHandler</a> from startup_lpc112x.o(.text) referenced from startup_lpc112x.o(RESET)
 <LI><a href="#[24]">GPIO1_IRQHandler</a> from startup_lpc112x.o(.text) referenced from startup_lpc112x.o(RESET)
 <LI><a href="#[23]">GPIO2_IRQHandler</a> from startup_lpc112x.o(.text) referenced from startup_lpc112x.o(RESET)
 <LI><a href="#[22]">GPIO3_IRQHandler</a> from startup_lpc112x.o(.text) referenced from startup_lpc112x.o(RESET)
 <LI><a href="#[2]">HardFault_Handler</a> from startup_lpc112x.o(.text) referenced from startup_lpc112x.o(RESET)
 <LI><a href="#[15]">I2C_IRQHandler</a> from startup_lpc112x.o(.text) referenced from startup_lpc112x.o(RESET)
 <LI><a href="#[1]">NMI_Handler</a> from startup_lpc112x.o(.text) referenced from startup_lpc112x.o(RESET)
 <LI><a href="#[6]">PIO0_0_IRQHandler</a> from startup_lpc112x.o(.text) referenced from startup_lpc112x.o(RESET)
 <LI><a href="#[10]">PIO0_10_IRQHandler</a> from startup_lpc112x.o(.text) referenced from startup_lpc112x.o(RESET)
 <LI><a href="#[11]">PIO0_11_IRQHandler</a> from startup_lpc112x.o(.text) referenced from startup_lpc112x.o(RESET)
 <LI><a href="#[7]">PIO0_1_IRQHandler</a> from startup_lpc112x.o(.text) referenced from startup_lpc112x.o(RESET)
 <LI><a href="#[8]">PIO0_2_IRQHandler</a> from startup_lpc112x.o(.text) referenced from startup_lpc112x.o(RESET)
 <LI><a href="#[9]">PIO0_3_IRQHandler</a> from startup_lpc112x.o(.text) referenced from startup_lpc112x.o(RESET)
 <LI><a href="#[a]">PIO0_4_IRQHandler</a> from startup_lpc112x.o(.text) referenced from startup_lpc112x.o(RESET)
 <LI><a href="#[b]">PIO0_5_IRQHandler</a> from startup_lpc112x.o(.text) referenced from startup_lpc112x.o(RESET)
 <LI><a href="#[c]">PIO0_6_IRQHandler</a> from startup_lpc112x.o(.text) referenced from startup_lpc112x.o(RESET)
 <LI><a href="#[d]">PIO0_7_IRQHandler</a> from startup_lpc112x.o(.text) referenced from startup_lpc112x.o(RESET)
 <LI><a href="#[e]">PIO0_8_IRQHandler</a> from startup_lpc112x.o(.text) referenced from startup_lpc112x.o(RESET)
 <LI><a href="#[f]">PIO0_9_IRQHandler</a> from startup_lpc112x.o(.text) referenced from startup_lpc112x.o(RESET)
 <LI><a href="#[12]">PIO1_0_IRQHandler</a> from startup_lpc112x.o(.text) referenced from startup_lpc112x.o(RESET)
 <LI><a href="#[4]">PendSV_Handler</a> from startup_lpc112x.o(.text) referenced from startup_lpc112x.o(RESET)
 <LI><a href="#[0]">Reset_Handler</a> from startup_lpc112x.o(.text) referenced from startup_lpc112x.o(RESET)
 <LI><a href="#[1a]">SSP0_IRQHandler</a> from startup_lpc112x.o(.text) referenced from startup_lpc112x.o(RESET)
 <LI><a href="#[14]">SSP1_IRQHandler</a> from startup_lpc112x.o(.text) referenced from startup_lpc112x.o(RESET)
 <LI><a href="#[3]">SVC_Handler</a> from startup_lpc112x.o(.text) referenced from startup_lpc112x.o(RESET)
 <LI><a href="#[5]">SysTick_Handler</a> from startup_lpc112x.o(.text) referenced from startup_lpc112x.o(RESET)
 <LI><a href="#[27]">SystemInit</a> from system_lpc112x.o(i.SystemInit) referenced from startup_lpc112x.o(.text)
 <LI><a href="#[1b]">UART0_IRQHandler</a> from startup_lpc112x.o(.text) referenced from startup_lpc112x.o(RESET)
 <LI><a href="#[1c]">UART1_IRQHandler</a> from startup_lpc112x.o(.text) referenced from startup_lpc112x.o(RESET)
 <LI><a href="#[1d]">UART2_IRQHandler</a> from startup_lpc112x.o(.text) referenced from startup_lpc112x.o(RESET)
 <LI><a href="#[1f]">WDT_IRQHandler</a> from startup_lpc112x.o(.text) referenced from startup_lpc112x.o(RESET)
 <LI><a href="#[28]">__main</a> from entry.o(.ARM.Collect$$$$00000000) referenced from startup_lpc112x.o(.text)
 <LI><a href="#[29]">fputc</a> from main.o(i.fputc) referenced from printf3.o(i.__0printf$3)
 <LI><a href="#[26]">main</a> from main.o(i.main) referenced from entry9a.o(.ARM.Collect$$$$0000000B)
</UL>
<P>
<H3>
Global Symbols
</H3>
<P><STRONG><a name="[28]"></a>__main</STRONG> (Thumb, 0 bytes, Stack size unknown bytes, entry.o(.ARM.Collect$$$$00000000))
<BR>[Address Reference Count : 1]<UL><LI> startup_lpc112x.o(.text)
</UL>
<P><STRONG><a name="[5a]"></a>_main_stk</STRONG> (Thumb, 0 bytes, Stack size unknown bytes, entry2.o(.ARM.Collect$$$$00000001))

<P><STRONG><a name="[2a]"></a>_main_scatterload</STRONG> (Thumb, 0 bytes, Stack size unknown bytes, entry5.o(.ARM.Collect$$$$00000004))
<BR><BR>[Calls]<UL><LI><a href="#[2b]">&gt;&gt;</a>&nbsp;&nbsp;&nbsp;__scatterload
</UL>

<P><STRONG><a name="[34]"></a>__main_after_scatterload</STRONG> (Thumb, 0 bytes, Stack size unknown bytes, entry5.o(.ARM.Collect$$$$00000004))
<BR><BR>[Called By]<UL><LI><a href="#[2b]">&gt;&gt;</a>&nbsp;&nbsp;&nbsp;__scatterload
</UL>

<P><STRONG><a name="[5b]"></a>_main_clock</STRONG> (Thumb, 0 bytes, Stack size unknown bytes, entry7b.o(.ARM.Collect$$$$00000008))

<P><STRONG><a name="[5c]"></a>_main_cpp_init</STRONG> (Thumb, 0 bytes, Stack size unknown bytes, entry8b.o(.ARM.Collect$$$$0000000A))

<P><STRONG><a name="[5d]"></a>_main_init</STRONG> (Thumb, 0 bytes, Stack size unknown bytes, entry9a.o(.ARM.Collect$$$$0000000B))

<P><STRONG><a name="[5e]"></a>__rt_final_cpp</STRONG> (Thumb, 0 bytes, Stack size unknown bytes, entry10a.o(.ARM.Collect$$$$0000000D))

<P><STRONG><a name="[5f]"></a>__rt_final_exit</STRONG> (Thumb, 0 bytes, Stack size unknown bytes, entry11a.o(.ARM.Collect$$$$0000000F))

<P><STRONG><a name="[0]"></a>Reset_Handler</STRONG> (Thumb, 8 bytes, Stack size 0 bytes, startup_lpc112x.o(.text))
<BR>[Address Reference Count : 1]<UL><LI> startup_lpc112x.o(RESET)
</UL>
<P><STRONG><a name="[1]"></a>NMI_Handler</STRONG> (Thumb, 2 bytes, Stack size 0 bytes, startup_lpc112x.o(.text))
<BR><BR>[Calls]<UL><LI><a href="#[1]">&gt;&gt;</a>&nbsp;&nbsp;&nbsp;NMI_Handler
</UL>
<BR>[Called By]<UL><LI><a href="#[1]">&gt;&gt;</a>&nbsp;&nbsp;&nbsp;NMI_Handler
</UL>
<BR>[Address Reference Count : 1]<UL><LI> startup_lpc112x.o(RESET)
</UL>
<P><STRONG><a name="[2]"></a>HardFault_Handler</STRONG> (Thumb, 2 bytes, Stack size 0 bytes, startup_lpc112x.o(.text))
<BR><BR>[Calls]<UL><LI><a href="#[2]">&gt;&gt;</a>&nbsp;&nbsp;&nbsp;HardFault_Handler
</UL>
<BR>[Called By]<UL><LI><a href="#[2]">&gt;&gt;</a>&nbsp;&nbsp;&nbsp;HardFault_Handler
</UL>
<BR>[Address Reference Count : 1]<UL><LI> startup_lpc112x.o(RESET)
</UL>
<P><STRONG><a name="[3]"></a>SVC_Handler</STRONG> (Thumb, 2 bytes, Stack size 0 bytes, startup_lpc112x.o(.text))
<BR><BR>[Calls]<UL><LI><a href="#[3]">&gt;&gt;</a>&nbsp;&nbsp;&nbsp;SVC_Handler
</UL>
<BR>[Called By]<UL><LI><a href="#[3]">&gt;&gt;</a>&nbsp;&nbsp;&nbsp;SVC_Handler
</UL>
<BR>[Address Reference Count : 1]<UL><LI> startup_lpc112x.o(RESET)
</UL>
<P><STRONG><a name="[4]"></a>PendSV_Handler</STRONG> (Thumb, 2 bytes, Stack size 0 bytes, startup_lpc112x.o(.text))
<BR><BR>[Calls]<UL><LI><a href="#[4]">&gt;&gt;</a>&nbsp;&nbsp;&nbsp;PendSV_Handler
</UL>
<BR>[Called By]<UL><LI><a href="#[4]">&gt;&gt;</a>&nbsp;&nbsp;&nbsp;PendSV_Handler
</UL>
<BR>[Address Reference Count : 1]<UL><LI> startup_lpc112x.o(RESET)
</UL>
<P><STRONG><a name="[5]"></a>SysTick_Handler</STRONG> (Thumb, 2 bytes, Stack size 0 bytes, startup_lpc112x.o(.text))
<BR><BR>[Calls]<UL><LI><a href="#[5]">&gt;&gt;</a>&nbsp;&nbsp;&nbsp;SysTick_Handler
</UL>
<BR>[Called By]<UL><LI><a href="#[5]">&gt;&gt;</a>&nbsp;&nbsp;&nbsp;SysTick_Handler
</UL>
<BR>[Address Reference Count : 1]<UL><LI> startup_lpc112x.o(RESET)
</UL>
<P><STRONG><a name="[1e]"></a>ADC_A_IRQHandler</STRONG> (Thumb, 0 bytes, Stack size 0 bytes, startup_lpc112x.o(.text))
<BR><BR>[Calls]<UL><LI><a href="#[1e]">&gt;&gt;</a>&nbsp;&nbsp;&nbsp;ADC_A_IRQHandler
</UL>
<BR>[Called By]<UL><LI><a href="#[1e]">&gt;&gt;</a>&nbsp;&nbsp;&nbsp;ADC_A_IRQHandler
</UL>
<BR>[Address Reference Count : 1]<UL><LI> startup_lpc112x.o(RESET)
</UL>
<P><STRONG><a name="[13]"></a>ADC_B_IRQHandler</STRONG> (Thumb, 0 bytes, Stack size 0 bytes, startup_lpc112x.o(.text))
<BR>[Address Reference Count : 1]<UL><LI> startup_lpc112x.o(RESET)
</UL>
<P><STRONG><a name="[20]"></a>BOD_IRQHandler</STRONG> (Thumb, 0 bytes, Stack size 0 bytes, startup_lpc112x.o(.text))
<BR>[Address Reference Count : 1]<UL><LI> startup_lpc112x.o(RESET)
</UL>
<P><STRONG><a name="[16]"></a>CT16B0_IRQHandler</STRONG> (Thumb, 0 bytes, Stack size 0 bytes, startup_lpc112x.o(.text))
<BR>[Address Reference Count : 1]<UL><LI> startup_lpc112x.o(RESET)
</UL>
<P><STRONG><a name="[17]"></a>CT16B1_IRQHandler</STRONG> (Thumb, 0 bytes, Stack size 0 bytes, startup_lpc112x.o(.text))
<BR>[Address Reference Count : 1]<UL><LI> startup_lpc112x.o(RESET)
</UL>
<P><STRONG><a name="[18]"></a>CT32B0_IRQHandler</STRONG> (Thumb, 0 bytes, Stack size 0 bytes, startup_lpc112x.o(.text))
<BR>[Address Reference Count : 1]<UL><LI> startup_lpc112x.o(RESET)
</UL>
<P><STRONG><a name="[19]"></a>CT32B1_IRQHandler</STRONG> (Thumb, 0 bytes, Stack size 0 bytes, startup_lpc112x.o(.text))
<BR>[Address Reference Count : 1]<UL><LI> startup_lpc112x.o(RESET)
</UL>
<P><STRONG><a name="[21]"></a>FLASH_IRQHandler</STRONG> (Thumb, 0 bytes, Stack size 0 bytes, startup_lpc112x.o(.text))
<BR>[Address Reference Count : 1]<UL><LI> startup_lpc112x.o(RESET)
</UL>
<P><STRONG><a name="[25]"></a>GPIO0_IRQHandler</STRONG> (Thumb, 0 bytes, Stack size 0 bytes, startup_lpc112x.o(.text))
<BR>[Address Reference Count : 1]<UL><LI> startup_lpc112x.o(RESET)
</UL>
<P><STRONG><a name="[24]"></a>GPIO1_IRQHandler</STRONG> (Thumb, 0 bytes, Stack size 0 bytes, startup_lpc112x.o(.text))
<BR>[Address Reference Count : 1]<UL><LI> startup_lpc112x.o(RESET)
</UL>
<P><STRONG><a name="[23]"></a>GPIO2_IRQHandler</STRONG> (Thumb, 0 bytes, Stack size 0 bytes, startup_lpc112x.o(.text))
<BR>[Address Reference Count : 1]<UL><LI> startup_lpc112x.o(RESET)
</UL>
<P><STRONG><a name="[22]"></a>GPIO3_IRQHandler</STRONG> (Thumb, 0 bytes, Stack size 0 bytes, startup_lpc112x.o(.text))
<BR>[Address Reference Count : 1]<UL><LI> startup_lpc112x.o(RESET)
</UL>
<P><STRONG><a name="[15]"></a>I2C_IRQHandler</STRONG> (Thumb, 0 bytes, Stack size 0 bytes, startup_lpc112x.o(.text))
<BR>[Address Reference Count : 1]<UL><LI> startup_lpc112x.o(RESET)
</UL>
<P><STRONG><a name="[6]"></a>PIO0_0_IRQHandler</STRONG> (Thumb, 0 bytes, Stack size 0 bytes, startup_lpc112x.o(.text))
<BR>[Address Reference Count : 1]<UL><LI> startup_lpc112x.o(RESET)
</UL>
<P><STRONG><a name="[10]"></a>PIO0_10_IRQHandler</STRONG> (Thumb, 0 bytes, Stack size 0 bytes, startup_lpc112x.o(.text))
<BR>[Address Reference Count : 1]<UL><LI> startup_lpc112x.o(RESET)
</UL>
<P><STRONG><a name="[11]"></a>PIO0_11_IRQHandler</STRONG> (Thumb, 0 bytes, Stack size 0 bytes, startup_lpc112x.o(.text))
<BR>[Address Reference Count : 1]<UL><LI> startup_lpc112x.o(RESET)
</UL>
<P><STRONG><a name="[7]"></a>PIO0_1_IRQHandler</STRONG> (Thumb, 0 bytes, Stack size 0 bytes, startup_lpc112x.o(.text))
<BR>[Address Reference Count : 1]<UL><LI> startup_lpc112x.o(RESET)
</UL>
<P><STRONG><a name="[8]"></a>PIO0_2_IRQHandler</STRONG> (Thumb, 0 bytes, Stack size 0 bytes, startup_lpc112x.o(.text))
<BR>[Address Reference Count : 1]<UL><LI> startup_lpc112x.o(RESET)
</UL>
<P><STRONG><a name="[9]"></a>PIO0_3_IRQHandler</STRONG> (Thumb, 0 bytes, Stack size 0 bytes, startup_lpc112x.o(.text))
<BR>[Address Reference Count : 1]<UL><LI> startup_lpc112x.o(RESET)
</UL>
<P><STRONG><a name="[a]"></a>PIO0_4_IRQHandler</STRONG> (Thumb, 0 bytes, Stack size 0 bytes, startup_lpc112x.o(.text))
<BR>[Address Reference Count : 1]<UL><LI> startup_lpc112x.o(RESET)
</UL>
<P><STRONG><a name="[b]"></a>PIO0_5_IRQHandler</STRONG> (Thumb, 0 bytes, Stack size 0 bytes, startup_lpc112x.o(.text))
<BR>[Address Reference Count : 1]<UL><LI> startup_lpc112x.o(RESET)
</UL>
<P><STRONG><a name="[c]"></a>PIO0_6_IRQHandler</STRONG> (Thumb, 0 bytes, Stack size 0 bytes, startup_lpc112x.o(.text))
<BR>[Address Reference Count : 1]<UL><LI> startup_lpc112x.o(RESET)
</UL>
<P><STRONG><a name="[d]"></a>PIO0_7_IRQHandler</STRONG> (Thumb, 0 bytes, Stack size 0 bytes, startup_lpc112x.o(.text))
<BR>[Address Reference Count : 1]<UL><LI> startup_lpc112x.o(RESET)
</UL>
<P><STRONG><a name="[e]"></a>PIO0_8_IRQHandler</STRONG> (Thumb, 0 bytes, Stack size 0 bytes, startup_lpc112x.o(.text))
<BR>[Address Reference Count : 1]<UL><LI> startup_lpc112x.o(RESET)
</UL>
<P><STRONG><a name="[f]"></a>PIO0_9_IRQHandler</STRONG> (Thumb, 0 bytes, Stack size 0 bytes, startup_lpc112x.o(.text))
<BR>[Address Reference Count : 1]<UL><LI> startup_lpc112x.o(RESET)
</UL>
<P><STRONG><a name="[12]"></a>PIO1_0_IRQHandler</STRONG> (Thumb, 0 bytes, Stack size 0 bytes, startup_lpc112x.o(.text))
<BR>[Address Reference Count : 1]<UL><LI> startup_lpc112x.o(RESET)
</UL>
<P><STRONG><a name="[1a]"></a>SSP0_IRQHandler</STRONG> (Thumb, 0 bytes, Stack size 0 bytes, startup_lpc112x.o(.text))
<BR>[Address Reference Count : 1]<UL><LI> startup_lpc112x.o(RESET)
</UL>
<P><STRONG><a name="[14]"></a>SSP1_IRQHandler</STRONG> (Thumb, 0 bytes, Stack size 0 bytes, startup_lpc112x.o(.text))
<BR>[Address Reference Count : 1]<UL><LI> startup_lpc112x.o(RESET)
</UL>
<P><STRONG><a name="[1b]"></a>UART0_IRQHandler</STRONG> (Thumb, 0 bytes, Stack size 0 bytes, startup_lpc112x.o(.text))
<BR>[Address Reference Count : 1]<UL><LI> startup_lpc112x.o(RESET)
</UL>
<P><STRONG><a name="[1c]"></a>UART1_IRQHandler</STRONG> (Thumb, 0 bytes, Stack size 0 bytes, startup_lpc112x.o(.text))
<BR>[Address Reference Count : 1]<UL><LI> startup_lpc112x.o(RESET)
</UL>
<P><STRONG><a name="[1d]"></a>UART2_IRQHandler</STRONG> (Thumb, 0 bytes, Stack size 0 bytes, startup_lpc112x.o(.text))
<BR>[Address Reference Count : 1]<UL><LI> startup_lpc112x.o(RESET)
</UL>
<P><STRONG><a name="[1f]"></a>WDT_IRQHandler</STRONG> (Thumb, 0 bytes, Stack size 0 bytes, startup_lpc112x.o(.text))
<BR>[Address Reference Count : 1]<UL><LI> startup_lpc112x.o(RESET)
</UL>
<P><STRONG><a name="[60]"></a>__aeabi_uidiv</STRONG> (Thumb, 0 bytes, Stack size 12 bytes, uidiv.o(.text), UNUSED)

<P><STRONG><a name="[55]"></a>__aeabi_uidivmod</STRONG> (Thumb, 44 bytes, Stack size 12 bytes, uidiv.o(.text))
<BR><BR>[Stack]<UL><LI>Max Depth = 12<LI>Call Chain = __aeabi_uidivmod
</UL>
<BR>[Called By]<UL><LI><a href="#[57]">&gt;&gt;</a>&nbsp;&nbsp;&nbsp;uart0_init
<LI><a href="#[54]">&gt;&gt;</a>&nbsp;&nbsp;&nbsp;_printf_core
</UL>

<P><STRONG><a name="[2d]"></a>__aeabi_memset</STRONG> (Thumb, 14 bytes, Stack size 0 bytes, memseta.o(.text), UNUSED)
<BR><BR>[Called By]<UL><LI><a href="#[2e]">&gt;&gt;</a>&nbsp;&nbsp;&nbsp;_memset$wrapper
<LI><a href="#[2c]">&gt;&gt;</a>&nbsp;&nbsp;&nbsp;__aeabi_memclr
</UL>

<P><STRONG><a name="[61]"></a>__aeabi_memset4</STRONG> (Thumb, 0 bytes, Stack size 0 bytes, memseta.o(.text), UNUSED)

<P><STRONG><a name="[62]"></a>__aeabi_memset8</STRONG> (Thumb, 0 bytes, Stack size 0 bytes, memseta.o(.text), UNUSED)

<P><STRONG><a name="[2c]"></a>__aeabi_memclr</STRONG> (Thumb, 4 bytes, Stack size 0 bytes, memseta.o(.text), UNUSED)
<BR><BR>[Calls]<UL><LI><a href="#[2d]">&gt;&gt;</a>&nbsp;&nbsp;&nbsp;__aeabi_memset
</UL>

<P><STRONG><a name="[3a]"></a>__aeabi_memclr4</STRONG> (Thumb, 0 bytes, Stack size 0 bytes, memseta.o(.text))
<BR><BR>[Called By]<UL><LI><a href="#[44]">&gt;&gt;</a>&nbsp;&nbsp;&nbsp;UpdateInfoInit
<LI><a href="#[39]">&gt;&gt;</a>&nbsp;&nbsp;&nbsp;UpdateInfoAppCodeUpdate
</UL>

<P><STRONG><a name="[63]"></a>__aeabi_memclr8</STRONG> (Thumb, 0 bytes, Stack size 0 bytes, memseta.o(.text), UNUSED)

<P><STRONG><a name="[2e]"></a>_memset$wrapper</STRONG> (Thumb, 18 bytes, Stack size 8 bytes, memseta.o(.text), UNUSED)
<BR><BR>[Calls]<UL><LI><a href="#[2d]">&gt;&gt;</a>&nbsp;&nbsp;&nbsp;__aeabi_memset
</UL>

<P><STRONG><a name="[47]"></a>strcpy</STRONG> (Thumb, 18 bytes, Stack size 0 bytes, strcpy.o(.text))
<BR><BR>[Called By]<UL><LI><a href="#[44]">&gt;&gt;</a>&nbsp;&nbsp;&nbsp;UpdateInfoInit
</UL>

<P><STRONG><a name="[3c]"></a>__aeabi_uread4</STRONG> (Thumb, 20 bytes, Stack size 0 bytes, uread4.o(.text))
<BR><BR>[Called By]<UL><LI><a href="#[44]">&gt;&gt;</a>&nbsp;&nbsp;&nbsp;UpdateInfoInit
<LI><a href="#[39]">&gt;&gt;</a>&nbsp;&nbsp;&nbsp;UpdateInfoAppCodeUpdate
</UL>

<P><STRONG><a name="[64]"></a>__rt_uread4</STRONG> (Thumb, 0 bytes, Stack size 0 bytes, uread4.o(.text), UNUSED)

<P><STRONG><a name="[65]"></a>_uread4</STRONG> (Thumb, 0 bytes, Stack size 0 bytes, uread4.o(.text), UNUSED)

<P><STRONG><a name="[40]"></a>__aeabi_uwrite4</STRONG> (Thumb, 18 bytes, Stack size 0 bytes, uwrite4.o(.text))
<BR><BR>[Called By]<UL><LI><a href="#[39]">&gt;&gt;</a>&nbsp;&nbsp;&nbsp;UpdateInfoAppCodeUpdate
</UL>

<P><STRONG><a name="[66]"></a>__rt_uwrite4</STRONG> (Thumb, 0 bytes, Stack size 0 bytes, uwrite4.o(.text), UNUSED)

<P><STRONG><a name="[67]"></a>_uwrite4</STRONG> (Thumb, 0 bytes, Stack size 0 bytes, uwrite4.o(.text), UNUSED)

<P><STRONG><a name="[2f]"></a>__aeabi_dmul</STRONG> (Thumb, 202 bytes, Stack size 72 bytes, dmul.o(.text))
<BR><BR>[Stack]<UL><LI>Max Depth = 128<LI>Call Chain = __aeabi_dmul &rArr; _double_epilogue &rArr; __aeabi_llsl
</UL>
<BR>[Calls]<UL><LI><a href="#[30]">&gt;&gt;</a>&nbsp;&nbsp;&nbsp;_double_epilogue
</UL>
<BR>[Called By]<UL><LI><a href="#[57]">&gt;&gt;</a>&nbsp;&nbsp;&nbsp;uart0_init
</UL>

<P><STRONG><a name="[31]"></a>__aeabi_ui2d</STRONG> (Thumb, 24 bytes, Stack size 16 bytes, dfltui.o(.text))
<BR><BR>[Stack]<UL><LI>Max Depth = 72<LI>Call Chain = __aeabi_ui2d &rArr; _double_epilogue &rArr; __aeabi_llsl
</UL>
<BR>[Calls]<UL><LI><a href="#[30]">&gt;&gt;</a>&nbsp;&nbsp;&nbsp;_double_epilogue
</UL>
<BR>[Called By]<UL><LI><a href="#[57]">&gt;&gt;</a>&nbsp;&nbsp;&nbsp;uart0_init
</UL>

<P><STRONG><a name="[32]"></a>__aeabi_d2uiz</STRONG> (Thumb, 50 bytes, Stack size 8 bytes, dfixui.o(.text))
<BR><BR>[Stack]<UL><LI>Max Depth = 16<LI>Call Chain = __aeabi_d2uiz &rArr; __aeabi_llsr
</UL>
<BR>[Calls]<UL><LI><a href="#[33]">&gt;&gt;</a>&nbsp;&nbsp;&nbsp;__aeabi_llsr
</UL>
<BR>[Called By]<UL><LI><a href="#[57]">&gt;&gt;</a>&nbsp;&nbsp;&nbsp;uart0_init
</UL>

<P><STRONG><a name="[33]"></a>__aeabi_llsr</STRONG> (Thumb, 34 bytes, Stack size 8 bytes, llushr.o(.text))
<BR><BR>[Stack]<UL><LI>Max Depth = 8<LI>Call Chain = __aeabi_llsr
</UL>
<BR>[Called By]<UL><LI><a href="#[32]">&gt;&gt;</a>&nbsp;&nbsp;&nbsp;__aeabi_d2uiz
<LI><a href="#[30]">&gt;&gt;</a>&nbsp;&nbsp;&nbsp;_double_epilogue
</UL>

<P><STRONG><a name="[68]"></a>_ll_ushift_r</STRONG> (Thumb, 0 bytes, Stack size 8 bytes, llushr.o(.text), UNUSED)

<P><STRONG><a name="[69]"></a>__I$use$fp</STRONG> (Thumb, 0 bytes, Stack size unknown bytes, iusefp.o(.text), UNUSED)

<P><STRONG><a name="[2b]"></a>__scatterload</STRONG> (Thumb, 28 bytes, Stack size 0 bytes, init.o(.text))
<BR><BR>[Calls]<UL><LI><a href="#[34]">&gt;&gt;</a>&nbsp;&nbsp;&nbsp;__main_after_scatterload
</UL>
<BR>[Called By]<UL><LI><a href="#[2a]">&gt;&gt;</a>&nbsp;&nbsp;&nbsp;_main_scatterload
</UL>

<P><STRONG><a name="[6a]"></a>__scatterload_rt2</STRONG> (Thumb, 0 bytes, Stack size 0 bytes, init.o(.text), UNUSED)

<P><STRONG><a name="[6b]"></a>__scatterload_copy</STRONG> (Thumb, 14 bytes, Stack size unknown bytes, handlers.o(i.__scatterload_copy), UNUSED)

<P><STRONG><a name="[6c]"></a>__scatterload_null</STRONG> (Thumb, 2 bytes, Stack size unknown bytes, handlers.o(i.__scatterload_null), UNUSED)

<P><STRONG><a name="[35]"></a>__aeabi_ddiv</STRONG> (Thumb, 234 bytes, Stack size 40 bytes, ddiv.o(.text))
<BR><BR>[Stack]<UL><LI>Max Depth = 48<LI>Call Chain = __aeabi_ddiv &rArr; _double_round
</UL>
<BR>[Calls]<UL><LI><a href="#[36]">&gt;&gt;</a>&nbsp;&nbsp;&nbsp;_double_round
</UL>
<BR>[Called By]<UL><LI><a href="#[57]">&gt;&gt;</a>&nbsp;&nbsp;&nbsp;uart0_init
</UL>

<P><STRONG><a name="[36]"></a>_double_round</STRONG> (Thumb, 26 bytes, Stack size 8 bytes, depilogue.o(.text))
<BR><BR>[Stack]<UL><LI>Max Depth = 8<LI>Call Chain = _double_round
</UL>
<BR>[Called By]<UL><LI><a href="#[35]">&gt;&gt;</a>&nbsp;&nbsp;&nbsp;__aeabi_ddiv
<LI><a href="#[30]">&gt;&gt;</a>&nbsp;&nbsp;&nbsp;_double_epilogue
</UL>

<P><STRONG><a name="[30]"></a>_double_epilogue</STRONG> (Thumb, 164 bytes, Stack size 48 bytes, depilogue.o(.text))
<BR><BR>[Stack]<UL><LI>Max Depth = 56<LI>Call Chain = _double_epilogue &rArr; __aeabi_llsl
</UL>
<BR>[Calls]<UL><LI><a href="#[38]">&gt;&gt;</a>&nbsp;&nbsp;&nbsp;__aeabi_llsl
<LI><a href="#[37]">&gt;&gt;</a>&nbsp;&nbsp;&nbsp;__ARM_clz
<LI><a href="#[33]">&gt;&gt;</a>&nbsp;&nbsp;&nbsp;__aeabi_llsr
<LI><a href="#[36]">&gt;&gt;</a>&nbsp;&nbsp;&nbsp;_double_round
</UL>
<BR>[Called By]<UL><LI><a href="#[31]">&gt;&gt;</a>&nbsp;&nbsp;&nbsp;__aeabi_ui2d
<LI><a href="#[2f]">&gt;&gt;</a>&nbsp;&nbsp;&nbsp;__aeabi_dmul
</UL>

<P><STRONG><a name="[38]"></a>__aeabi_llsl</STRONG> (Thumb, 32 bytes, Stack size 8 bytes, llshl.o(.text))
<BR><BR>[Stack]<UL><LI>Max Depth = 8<LI>Call Chain = __aeabi_llsl
</UL>
<BR>[Called By]<UL><LI><a href="#[30]">&gt;&gt;</a>&nbsp;&nbsp;&nbsp;_double_epilogue
</UL>

<P><STRONG><a name="[6d]"></a>_ll_shift_l</STRONG> (Thumb, 0 bytes, Stack size 8 bytes, llshl.o(.text), UNUSED)

<P><STRONG><a name="[27]"></a>SystemInit</STRONG> (Thumb, 80 bytes, Stack size 16 bytes, system_lpc112x.o(i.SystemInit))
<BR><BR>[Stack]<UL><LI>Max Depth = 16<LI>Call Chain = SystemInit
</UL>
<BR>[Address Reference Count : 1]<UL><LI> startup_lpc112x.o(.text)
</UL>
<P><STRONG><a name="[39]"></a>UpdateInfoAppCodeUpdate</STRONG> (Thumb, 240 bytes, Stack size 680 bytes, updateinfo.o(i.UpdateInfoAppCodeUpdate))
<BR><BR>[Stack]<UL><LI>Max Depth = 792<LI>Call Chain = UpdateInfoAppCodeUpdate &rArr; UpdateInfoSet &rArr; W25qFlashWriteData &rArr; W25qFlashWriteAPage &rArr; W25qFlashWaitIdle &rArr; W25qFlashIsBusy &rArr; W25qFlashRWBytes &rArr; gpio_set_bitval
</UL>
<BR>[Calls]<UL><LI><a href="#[3a]">&gt;&gt;</a>&nbsp;&nbsp;&nbsp;__aeabi_memclr4
<LI><a href="#[3b]">&gt;&gt;</a>&nbsp;&nbsp;&nbsp;W25qFlashReadData
<LI><a href="#[42]">&gt;&gt;</a>&nbsp;&nbsp;&nbsp;UpdateInfoSet
<LI><a href="#[3d]">&gt;&gt;</a>&nbsp;&nbsp;&nbsp;sectorPrepare
<LI><a href="#[3e]">&gt;&gt;</a>&nbsp;&nbsp;&nbsp;sectorErase
<LI><a href="#[3f]">&gt;&gt;</a>&nbsp;&nbsp;&nbsp;ramCopy
<LI><a href="#[40]">&gt;&gt;</a>&nbsp;&nbsp;&nbsp;__aeabi_uwrite4
<LI><a href="#[3c]">&gt;&gt;</a>&nbsp;&nbsp;&nbsp;__aeabi_uread4
<LI><a href="#[41]">&gt;&gt;</a>&nbsp;&nbsp;&nbsp;free
<LI><a href="#[43]">&gt;&gt;</a>&nbsp;&nbsp;&nbsp;__2printf
</UL>
<BR>[Called By]<UL><LI><a href="#[26]">&gt;&gt;</a>&nbsp;&nbsp;&nbsp;main
</UL>

<P><STRONG><a name="[44]"></a>UpdateInfoInit</STRONG> (Thumb, 150 bytes, Stack size 152 bytes, updateinfo.o(i.UpdateInfoInit))
<BR><BR>[Stack]<UL><LI>Max Depth = 256<LI>Call Chain = UpdateInfoInit &rArr; W25qFlashWriteData &rArr; W25qFlashWriteAPage &rArr; W25qFlashWaitIdle &rArr; W25qFlashIsBusy &rArr; W25qFlashRWBytes &rArr; gpio_set_bitval
</UL>
<BR>[Calls]<UL><LI><a href="#[47]">&gt;&gt;</a>&nbsp;&nbsp;&nbsp;strcpy
<LI><a href="#[3a]">&gt;&gt;</a>&nbsp;&nbsp;&nbsp;__aeabi_memclr4
<LI><a href="#[48]">&gt;&gt;</a>&nbsp;&nbsp;&nbsp;W25qFlashWriteData
<LI><a href="#[3b]">&gt;&gt;</a>&nbsp;&nbsp;&nbsp;W25qFlashReadData
<LI><a href="#[45]">&gt;&gt;</a>&nbsp;&nbsp;&nbsp;W25qFlashInit
<LI><a href="#[46]">&gt;&gt;</a>&nbsp;&nbsp;&nbsp;W25qFlashEraseSector
<LI><a href="#[3c]">&gt;&gt;</a>&nbsp;&nbsp;&nbsp;__aeabi_uread4
<LI><a href="#[43]">&gt;&gt;</a>&nbsp;&nbsp;&nbsp;__2printf
</UL>
<BR>[Called By]<UL><LI><a href="#[26]">&gt;&gt;</a>&nbsp;&nbsp;&nbsp;main
</UL>

<P><STRONG><a name="[42]"></a>UpdateInfoSet</STRONG> (Thumb, 24 bytes, Stack size 8 bytes, updateinfo.o(i.UpdateInfoSet))
<BR><BR>[Stack]<UL><LI>Max Depth = 112<LI>Call Chain = UpdateInfoSet &rArr; W25qFlashWriteData &rArr; W25qFlashWriteAPage &rArr; W25qFlashWaitIdle &rArr; W25qFlashIsBusy &rArr; W25qFlashRWBytes &rArr; gpio_set_bitval
</UL>
<BR>[Calls]<UL><LI><a href="#[48]">&gt;&gt;</a>&nbsp;&nbsp;&nbsp;W25qFlashWriteData
<LI><a href="#[46]">&gt;&gt;</a>&nbsp;&nbsp;&nbsp;W25qFlashEraseSector
</UL>
<BR>[Called By]<UL><LI><a href="#[39]">&gt;&gt;</a>&nbsp;&nbsp;&nbsp;UpdateInfoAppCodeUpdate
</UL>

<P><STRONG><a name="[46]"></a>W25qFlashEraseSector</STRONG> (Thumb, 80 bytes, Stack size 16 bytes, w25qflash.o(i.W25qFlashEraseSector))
<BR><BR>[Stack]<UL><LI>Max Depth = 72<LI>Call Chain = W25qFlashEraseSector &rArr; W25qFlashWaitIdle &rArr; W25qFlashIsBusy &rArr; W25qFlashRWBytes &rArr; gpio_set_bitval
</UL>
<BR>[Calls]<UL><LI><a href="#[4b]">&gt;&gt;</a>&nbsp;&nbsp;&nbsp;gpio_set_bitval
<LI><a href="#[4a]">&gt;&gt;</a>&nbsp;&nbsp;&nbsp;W25qFlashWriteControl
<LI><a href="#[49]">&gt;&gt;</a>&nbsp;&nbsp;&nbsp;W25qFlashWaitIdle
<LI><a href="#[4c]">&gt;&gt;</a>&nbsp;&nbsp;&nbsp;W25qFlashRWBytes
</UL>
<BR>[Called By]<UL><LI><a href="#[42]">&gt;&gt;</a>&nbsp;&nbsp;&nbsp;UpdateInfoSet
<LI><a href="#[44]">&gt;&gt;</a>&nbsp;&nbsp;&nbsp;UpdateInfoInit
</UL>

<P><STRONG><a name="[45]"></a>W25qFlashInit</STRONG> (Thumb, 122 bytes, Stack size 16 bytes, w25qflash.o(i.W25qFlashInit))
<BR><BR>[Stack]<UL><LI>Max Depth = 64<LI>Call Chain = W25qFlashInit &rArr; W25qFlashReadID &rArr; W25qFlashRWBytes &rArr; gpio_set_bitval
</UL>
<BR>[Calls]<UL><LI><a href="#[4e]">&gt;&gt;</a>&nbsp;&nbsp;&nbsp;gpio_set_dir
<LI><a href="#[4b]">&gt;&gt;</a>&nbsp;&nbsp;&nbsp;gpio_set_bitval
<LI><a href="#[4f]">&gt;&gt;</a>&nbsp;&nbsp;&nbsp;W25qFlashReadID
<LI><a href="#[4d]">&gt;&gt;</a>&nbsp;&nbsp;&nbsp;syscon_ahb_enable
</UL>
<BR>[Called By]<UL><LI><a href="#[44]">&gt;&gt;</a>&nbsp;&nbsp;&nbsp;UpdateInfoInit
</UL>

<P><STRONG><a name="[50]"></a>W25qFlashIsBusy</STRONG> (Thumb, 44 bytes, Stack size 16 bytes, w25qflash.o(i.W25qFlashIsBusy))
<BR><BR>[Stack]<UL><LI>Max Depth = 48<LI>Call Chain = W25qFlashIsBusy &rArr; W25qFlashRWBytes &rArr; gpio_set_bitval
</UL>
<BR>[Calls]<UL><LI><a href="#[4b]">&gt;&gt;</a>&nbsp;&nbsp;&nbsp;gpio_set_bitval
<LI><a href="#[4c]">&gt;&gt;</a>&nbsp;&nbsp;&nbsp;W25qFlashRWBytes
</UL>
<BR>[Called By]<UL><LI><a href="#[49]">&gt;&gt;</a>&nbsp;&nbsp;&nbsp;W25qFlashWaitIdle
</UL>

<P><STRONG><a name="[3b]"></a>W25qFlashReadData</STRONG> (Thumb, 94 bytes, Stack size 24 bytes, w25qflash.o(i.W25qFlashReadData))
<BR><BR>[Stack]<UL><LI>Max Depth = 80<LI>Call Chain = W25qFlashReadData &rArr; W25qFlashWaitIdle &rArr; W25qFlashIsBusy &rArr; W25qFlashRWBytes &rArr; gpio_set_bitval
</UL>
<BR>[Calls]<UL><LI><a href="#[4b]">&gt;&gt;</a>&nbsp;&nbsp;&nbsp;gpio_set_bitval
<LI><a href="#[49]">&gt;&gt;</a>&nbsp;&nbsp;&nbsp;W25qFlashWaitIdle
<LI><a href="#[4c]">&gt;&gt;</a>&nbsp;&nbsp;&nbsp;W25qFlashRWBytes
</UL>
<BR>[Called By]<UL><LI><a href="#[44]">&gt;&gt;</a>&nbsp;&nbsp;&nbsp;UpdateInfoInit
<LI><a href="#[39]">&gt;&gt;</a>&nbsp;&nbsp;&nbsp;UpdateInfoAppCodeUpdate
</UL>

<P><STRONG><a name="[4f]"></a>W25qFlashReadID</STRONG> (Thumb, 70 bytes, Stack size 16 bytes, w25qflash.o(i.W25qFlashReadID))
<BR><BR>[Stack]<UL><LI>Max Depth = 48<LI>Call Chain = W25qFlashReadID &rArr; W25qFlashRWBytes &rArr; gpio_set_bitval
</UL>
<BR>[Calls]<UL><LI><a href="#[4b]">&gt;&gt;</a>&nbsp;&nbsp;&nbsp;gpio_set_bitval
<LI><a href="#[4c]">&gt;&gt;</a>&nbsp;&nbsp;&nbsp;W25qFlashRWBytes
</UL>
<BR>[Called By]<UL><LI><a href="#[45]">&gt;&gt;</a>&nbsp;&nbsp;&nbsp;W25qFlashInit
</UL>

<P><STRONG><a name="[52]"></a>W25qFlashWriteAPage</STRONG> (Thumb, 98 bytes, Stack size 24 bytes, w25qflash.o(i.W25qFlashWriteAPage))
<BR><BR>[Stack]<UL><LI>Max Depth = 80<LI>Call Chain = W25qFlashWriteAPage &rArr; W25qFlashWaitIdle &rArr; W25qFlashIsBusy &rArr; W25qFlashRWBytes &rArr; gpio_set_bitval
</UL>
<BR>[Calls]<UL><LI><a href="#[4b]">&gt;&gt;</a>&nbsp;&nbsp;&nbsp;gpio_set_bitval
<LI><a href="#[4a]">&gt;&gt;</a>&nbsp;&nbsp;&nbsp;W25qFlashWriteControl
<LI><a href="#[49]">&gt;&gt;</a>&nbsp;&nbsp;&nbsp;W25qFlashWaitIdle
<LI><a href="#[4c]">&gt;&gt;</a>&nbsp;&nbsp;&nbsp;W25qFlashRWBytes
</UL>
<BR>[Called By]<UL><LI><a href="#[48]">&gt;&gt;</a>&nbsp;&nbsp;&nbsp;W25qFlashWriteData
</UL>

<P><STRONG><a name="[48]"></a>W25qFlashWriteData</STRONG> (Thumb, 54 bytes, Stack size 24 bytes, w25qflash.o(i.W25qFlashWriteData))
<BR><BR>[Stack]<UL><LI>Max Depth = 104<LI>Call Chain = W25qFlashWriteData &rArr; W25qFlashWriteAPage &rArr; W25qFlashWaitIdle &rArr; W25qFlashIsBusy &rArr; W25qFlashRWBytes &rArr; gpio_set_bitval
</UL>
<BR>[Calls]<UL><LI><a href="#[52]">&gt;&gt;</a>&nbsp;&nbsp;&nbsp;W25qFlashWriteAPage
</UL>
<BR>[Called By]<UL><LI><a href="#[42]">&gt;&gt;</a>&nbsp;&nbsp;&nbsp;UpdateInfoSet
<LI><a href="#[44]">&gt;&gt;</a>&nbsp;&nbsp;&nbsp;UpdateInfoInit
</UL>

<P><STRONG><a name="[53]"></a>__0printf$3</STRONG> (Thumb, 24 bytes, Stack size 24 bytes, printf3.o(i.__0printf$3), UNUSED)
<BR><BR>[Calls]<UL><LI><a href="#[54]">&gt;&gt;</a>&nbsp;&nbsp;&nbsp;_printf_core
</UL>

<P><STRONG><a name="[6e]"></a>__1printf$3</STRONG> (Thumb, 0 bytes, Stack size 24 bytes, printf3.o(i.__0printf$3), UNUSED)

<P><STRONG><a name="[43]"></a>__2printf</STRONG> (Thumb, 0 bytes, Stack size 24 bytes, printf3.o(i.__0printf$3))
<BR><BR>[Stack]<UL><LI>Max Depth = 24<LI>Call Chain = __2printf
</UL>
<BR>[Called By]<UL><LI><a href="#[26]">&gt;&gt;</a>&nbsp;&nbsp;&nbsp;main
<LI><a href="#[44]">&gt;&gt;</a>&nbsp;&nbsp;&nbsp;UpdateInfoInit
<LI><a href="#[39]">&gt;&gt;</a>&nbsp;&nbsp;&nbsp;UpdateInfoAppCodeUpdate
</UL>

<P><STRONG><a name="[37]"></a>__ARM_clz</STRONG> (Thumb, 46 bytes, Stack size 0 bytes, depilogue.o(i.__ARM_clz))
<BR><BR>[Called By]<UL><LI><a href="#[30]">&gt;&gt;</a>&nbsp;&nbsp;&nbsp;_double_epilogue
</UL>

<P><STRONG><a name="[6f]"></a>__scatterload_zeroinit</STRONG> (Thumb, 14 bytes, Stack size unknown bytes, handlers.o(i.__scatterload_zeroinit), UNUSED)

<P><STRONG><a name="[29]"></a>fputc</STRONG> (Thumb, 14 bytes, Stack size 8 bytes, main.o(i.fputc))
<BR><BR>[Stack]<UL><LI>Max Depth = 8<LI>Call Chain = fputc
</UL>
<BR>[Calls]<UL><LI><a href="#[56]">&gt;&gt;</a>&nbsp;&nbsp;&nbsp;uart0_send_byte
</UL>
<BR>[Address Reference Count : 1]<UL><LI> printf3.o(i.__0printf$3)
</UL>
<P><STRONG><a name="[41]"></a>free</STRONG> (Thumb, 80 bytes, Stack size 8 bytes, malloc.o(i.free))
<BR><BR>[Stack]<UL><LI>Max Depth = 8<LI>Call Chain = free
</UL>
<BR>[Called By]<UL><LI><a href="#[39]">&gt;&gt;</a>&nbsp;&nbsp;&nbsp;UpdateInfoAppCodeUpdate
</UL>

<P><STRONG><a name="[51]"></a>gpio_get_bitval</STRONG> (Thumb, 20 bytes, Stack size 0 bytes, gpio.o(i.gpio_get_bitval))
<BR><BR>[Called By]<UL><LI><a href="#[4c]">&gt;&gt;</a>&nbsp;&nbsp;&nbsp;W25qFlashRWBytes
</UL>

<P><STRONG><a name="[4b]"></a>gpio_set_bitval</STRONG> (Thumb, 28 bytes, Stack size 8 bytes, gpio.o(i.gpio_set_bitval))
<BR><BR>[Stack]<UL><LI>Max Depth = 8<LI>Call Chain = gpio_set_bitval
</UL>
<BR>[Called By]<UL><LI><a href="#[52]">&gt;&gt;</a>&nbsp;&nbsp;&nbsp;W25qFlashWriteAPage
<LI><a href="#[4f]">&gt;&gt;</a>&nbsp;&nbsp;&nbsp;W25qFlashReadID
<LI><a href="#[50]">&gt;&gt;</a>&nbsp;&nbsp;&nbsp;W25qFlashIsBusy
<LI><a href="#[4a]">&gt;&gt;</a>&nbsp;&nbsp;&nbsp;W25qFlashWriteControl
<LI><a href="#[4c]">&gt;&gt;</a>&nbsp;&nbsp;&nbsp;W25qFlashRWBytes
<LI><a href="#[3b]">&gt;&gt;</a>&nbsp;&nbsp;&nbsp;W25qFlashReadData
<LI><a href="#[45]">&gt;&gt;</a>&nbsp;&nbsp;&nbsp;W25qFlashInit
<LI><a href="#[46]">&gt;&gt;</a>&nbsp;&nbsp;&nbsp;W25qFlashEraseSector
</UL>

<P><STRONG><a name="[4e]"></a>gpio_set_dir</STRONG> (Thumb, 26 bytes, Stack size 8 bytes, gpio.o(i.gpio_set_dir))
<BR><BR>[Stack]<UL><LI>Max Depth = 8<LI>Call Chain = gpio_set_dir
</UL>
<BR>[Called By]<UL><LI><a href="#[45]">&gt;&gt;</a>&nbsp;&nbsp;&nbsp;W25qFlashInit
</UL>

<P><STRONG><a name="[26]"></a>main</STRONG> (Thumb, 54 bytes, Stack size 8 bytes, main.o(i.main))
<BR><BR>[Stack]<UL><LI>Max Depth = 800<LI>Call Chain = main &rArr; UpdateInfoAppCodeUpdate &rArr; UpdateInfoSet &rArr; W25qFlashWriteData &rArr; W25qFlashWriteAPage &rArr; W25qFlashWaitIdle &rArr; W25qFlashIsBusy &rArr; W25qFlashRWBytes &rArr; gpio_set_bitval
</UL>
<BR>[Calls]<UL><LI><a href="#[57]">&gt;&gt;</a>&nbsp;&nbsp;&nbsp;uart0_init
<LI><a href="#[4d]">&gt;&gt;</a>&nbsp;&nbsp;&nbsp;syscon_ahb_enable
<LI><a href="#[44]">&gt;&gt;</a>&nbsp;&nbsp;&nbsp;UpdateInfoInit
<LI><a href="#[39]">&gt;&gt;</a>&nbsp;&nbsp;&nbsp;UpdateInfoAppCodeUpdate
<LI><a href="#[43]">&gt;&gt;</a>&nbsp;&nbsp;&nbsp;__2printf
</UL>
<BR>[Address Reference Count : 1]<UL><LI> entry9a.o(.ARM.Collect$$$$0000000B)
</UL>
<P><STRONG><a name="[3f]"></a>ramCopy</STRONG> (Thumb, 34 bytes, Stack size 8 bytes, iap.o(i.ramCopy))
<BR><BR>[Stack]<UL><LI>Max Depth = 8<LI>Call Chain = ramCopy
</UL>
<BR>[Called By]<UL><LI><a href="#[39]">&gt;&gt;</a>&nbsp;&nbsp;&nbsp;UpdateInfoAppCodeUpdate
</UL>

<P><STRONG><a name="[3e]"></a>sectorErase</STRONG> (Thumb, 36 bytes, Stack size 8 bytes, iap.o(i.sectorErase))
<BR><BR>[Stack]<UL><LI>Max Depth = 8<LI>Call Chain = sectorErase
</UL>
<BR>[Called By]<UL><LI><a href="#[39]">&gt;&gt;</a>&nbsp;&nbsp;&nbsp;UpdateInfoAppCodeUpdate
</UL>

<P><STRONG><a name="[3d]"></a>sectorPrepare</STRONG> (Thumb, 32 bytes, Stack size 8 bytes, iap.o(i.sectorPrepare))
<BR><BR>[Stack]<UL><LI>Max Depth = 8<LI>Call Chain = sectorPrepare
</UL>
<BR>[Called By]<UL><LI><a href="#[39]">&gt;&gt;</a>&nbsp;&nbsp;&nbsp;UpdateInfoAppCodeUpdate
</UL>

<P><STRONG><a name="[4d]"></a>syscon_ahb_enable</STRONG> (Thumb, 14 bytes, Stack size 0 bytes, syscon.o(i.syscon_ahb_enable))
<BR><BR>[Called By]<UL><LI><a href="#[57]">&gt;&gt;</a>&nbsp;&nbsp;&nbsp;uart0_init
<LI><a href="#[26]">&gt;&gt;</a>&nbsp;&nbsp;&nbsp;main
<LI><a href="#[45]">&gt;&gt;</a>&nbsp;&nbsp;&nbsp;W25qFlashInit
</UL>

<P><STRONG><a name="[58]"></a>syscon_uart0_div</STRONG> (Thumb, 6 bytes, Stack size 0 bytes, syscon.o(i.syscon_uart0_div))
<BR><BR>[Called By]<UL><LI><a href="#[57]">&gt;&gt;</a>&nbsp;&nbsp;&nbsp;uart0_init
</UL>

<P><STRONG><a name="[57]"></a>uart0_init</STRONG> (Thumb, 110 bytes, Stack size 16 bytes, uart.o(i.uart0_init))
<BR><BR>[Stack]<UL><LI>Max Depth = 144<LI>Call Chain = uart0_init &rArr; __aeabi_dmul &rArr; _double_epilogue &rArr; __aeabi_llsl
</UL>
<BR>[Calls]<UL><LI><a href="#[55]">&gt;&gt;</a>&nbsp;&nbsp;&nbsp;__aeabi_uidivmod
<LI><a href="#[31]">&gt;&gt;</a>&nbsp;&nbsp;&nbsp;__aeabi_ui2d
<LI><a href="#[2f]">&gt;&gt;</a>&nbsp;&nbsp;&nbsp;__aeabi_dmul
<LI><a href="#[35]">&gt;&gt;</a>&nbsp;&nbsp;&nbsp;__aeabi_ddiv
<LI><a href="#[32]">&gt;&gt;</a>&nbsp;&nbsp;&nbsp;__aeabi_d2uiz
<LI><a href="#[59]">&gt;&gt;</a>&nbsp;&nbsp;&nbsp;NVIC_SetPriority
<LI><a href="#[58]">&gt;&gt;</a>&nbsp;&nbsp;&nbsp;syscon_uart0_div
<LI><a href="#[4d]">&gt;&gt;</a>&nbsp;&nbsp;&nbsp;syscon_ahb_enable
</UL>
<BR>[Called By]<UL><LI><a href="#[26]">&gt;&gt;</a>&nbsp;&nbsp;&nbsp;main
</UL>

<P><STRONG><a name="[56]"></a>uart0_send_byte</STRONG> (Thumb, 12 bytes, Stack size 0 bytes, uart.o(i.uart0_send_byte))
<BR><BR>[Called By]<UL><LI><a href="#[29]">&gt;&gt;</a>&nbsp;&nbsp;&nbsp;fputc
</UL>
<P>
<H3>
Local Symbols
</H3>
<P><STRONG><a name="[4c]"></a>W25qFlashRWBytes</STRONG> (Thumb, 74 bytes, Stack size 24 bytes, w25qflash.o(i.W25qFlashRWBytes))
<BR><BR>[Stack]<UL><LI>Max Depth = 32<LI>Call Chain = W25qFlashRWBytes &rArr; gpio_set_bitval
</UL>
<BR>[Calls]<UL><LI><a href="#[4b]">&gt;&gt;</a>&nbsp;&nbsp;&nbsp;gpio_set_bitval
<LI><a href="#[51]">&gt;&gt;</a>&nbsp;&nbsp;&nbsp;gpio_get_bitval
</UL>
<BR>[Called By]<UL><LI><a href="#[52]">&gt;&gt;</a>&nbsp;&nbsp;&nbsp;W25qFlashWriteAPage
<LI><a href="#[4f]">&gt;&gt;</a>&nbsp;&nbsp;&nbsp;W25qFlashReadID
<LI><a href="#[50]">&gt;&gt;</a>&nbsp;&nbsp;&nbsp;W25qFlashIsBusy
<LI><a href="#[4a]">&gt;&gt;</a>&nbsp;&nbsp;&nbsp;W25qFlashWriteControl
<LI><a href="#[3b]">&gt;&gt;</a>&nbsp;&nbsp;&nbsp;W25qFlashReadData
<LI><a href="#[46]">&gt;&gt;</a>&nbsp;&nbsp;&nbsp;W25qFlashEraseSector
</UL>

<P><STRONG><a name="[49]"></a>W25qFlashWaitIdle</STRONG> (Thumb, 34 bytes, Stack size 8 bytes, w25qflash.o(i.W25qFlashWaitIdle))
<BR><BR>[Stack]<UL><LI>Max Depth = 56<LI>Call Chain = W25qFlashWaitIdle &rArr; W25qFlashIsBusy &rArr; W25qFlashRWBytes &rArr; gpio_set_bitval
</UL>
<BR>[Calls]<UL><LI><a href="#[50]">&gt;&gt;</a>&nbsp;&nbsp;&nbsp;W25qFlashIsBusy
</UL>
<BR>[Called By]<UL><LI><a href="#[52]">&gt;&gt;</a>&nbsp;&nbsp;&nbsp;W25qFlashWriteAPage
<LI><a href="#[3b]">&gt;&gt;</a>&nbsp;&nbsp;&nbsp;W25qFlashReadData
<LI><a href="#[46]">&gt;&gt;</a>&nbsp;&nbsp;&nbsp;W25qFlashEraseSector
</UL>

<P><STRONG><a name="[4a]"></a>W25qFlashWriteControl</STRONG> (Thumb, 34 bytes, Stack size 16 bytes, w25qflash.o(i.W25qFlashWriteControl))
<BR><BR>[Stack]<UL><LI>Max Depth = 48<LI>Call Chain = W25qFlashWriteControl &rArr; W25qFlashRWBytes &rArr; gpio_set_bitval
</UL>
<BR>[Calls]<UL><LI><a href="#[4b]">&gt;&gt;</a>&nbsp;&nbsp;&nbsp;gpio_set_bitval
<LI><a href="#[4c]">&gt;&gt;</a>&nbsp;&nbsp;&nbsp;W25qFlashRWBytes
</UL>
<BR>[Called By]<UL><LI><a href="#[52]">&gt;&gt;</a>&nbsp;&nbsp;&nbsp;W25qFlashWriteAPage
<LI><a href="#[46]">&gt;&gt;</a>&nbsp;&nbsp;&nbsp;W25qFlashEraseSector
</UL>

<P><STRONG><a name="[59]"></a>NVIC_SetPriority</STRONG> (Thumb, 60 bytes, Stack size 0 bytes, uart.o(i.NVIC_SetPriority))
<BR><BR>[Called By]<UL><LI><a href="#[57]">&gt;&gt;</a>&nbsp;&nbsp;&nbsp;uart0_init
</UL>

<P><STRONG><a name="[54]"></a>_printf_core</STRONG> (Thumb, 456 bytes, Stack size 88 bytes, printf3.o(i._printf_core), UNUSED)
<BR><BR>[Calls]<UL><LI><a href="#[55]">&gt;&gt;</a>&nbsp;&nbsp;&nbsp;__aeabi_uidivmod
</UL>
<BR>[Called By]<UL><LI><a href="#[53]">&gt;&gt;</a>&nbsp;&nbsp;&nbsp;__0printf$3
</UL>
<P>
<H3>
Undefined Global Symbols
</H3><HR></body></html>
