Component: ARM Compiler 5.05 update 1 (build 106) Tool: armlink [4d0efa]

==============================================================================

Section Cross References

    main.o(i.main) refers to system_lpc112x.o(i.SystemCoreClockUpdate) for SystemCoreClockUpdate
    main.o(i.main) refers to rs485.o(i.RS485Init) for RS485Init
    main.o(i.main) refers to printfa.o(i.__0printf) for __2printf
    main.o(i.main) refers to systimer.o(i.SysTimerInit) for SysTimerInit
    main.o(i.main) refers to keymgr.o(i.KeyMgrInit) for KeyMgrInit
    main.o(i.main) refers to beep.o(i.BeepInit) for BeepInit
    main.o(i.main) refers to w25qflash.o(i.W25qFlashInit) for W25qFlashInit
    main.o(i.main) refers to bles02.o(i.BleS02Init) for BleS02Init
    main.o(i.main) refers to wdt.o(i.wdt_init) for wdt_init
    main.o(i.main) refers to sysinfo.o(i.SysInfoInit) for SysInfoInit
    main.o(i.main) refers to jwlock.o(i.JwLockInit) for JwLockInit
    main.o(i.main) refers to wdt.o(i.wdt_feed) for wdt_feed
    main.o(i.main) refers to shell.o(i.ShellCmdRecv) for ShellCmdRecv
    main.o(i.main) refers to frame.o(i.FrameRecv) for FrameRecv
    main.o(i.main) refers to jwlock.o(i.JwLockRecv) for JwLockRecv
    main.o(i.main) refers to keymgr.o(i.KeyMgrListened) for KeyMgrListened
    system_lpc112x.o(i.SystemCoreClockUpdate) refers to system_lpc112x.o(i.__ARM_common_switch8) for __ARM_common_switch8
    system_lpc112x.o(i.SystemCoreClockUpdate) refers to uidiv.o(.text) for __aeabi_uidivmod
    system_lpc112x.o(i.SystemCoreClockUpdate) refers to system_lpc112x.o(.data) for .data
    startup_lpc112x.o(RESET) refers to startup_lpc112x.o(STACK) for __initial_sp
    startup_lpc112x.o(RESET) refers to startup_lpc112x.o(.text) for Reset_Handler
    startup_lpc112x.o(RESET) refers to systimer.o(i.SysTick_Handler) for SysTick_Handler
    startup_lpc112x.o(RESET) refers to systimer.o(i.CT16B1_IRQHandler) for CT16B1_IRQHandler
    startup_lpc112x.o(RESET) refers to rs485.o(i.UART0_IRQHandler) for UART0_IRQHandler
    startup_lpc112x.o(RESET) refers to bles02.o(i.UART1_IRQHandler) for UART1_IRQHandler
    startup_lpc112x.o(.text) refers to system_lpc112x.o(i.SystemInit) for SystemInit
    startup_lpc112x.o(.text) refers to entry.o(.ARM.Collect$$$$00000000) for __main
    shell.o(i.ShellCmdParse) refers to _scanf_int.o(.text) for _scanf_int
    shell.o(i.ShellCmdParse) refers to shell.o(i.ShellShowHelp) for ShellShowHelp
    shell.o(i.ShellCmdParse) refers to system_lpc112x.o(i.__ARM_common_switch8) for __ARM_common_switch8
    shell.o(i.ShellCmdParse) refers to __0sscanf.o(.text) for __0sscanf
    shell.o(i.ShellCmdParse) refers to sysinfo.o(i.SysInfoIDSet) for SysInfoIDSet
    shell.o(i.ShellCmdParse) refers to sysinfo.o(i.SysInfoRoomNumSet) for SysInfoRoomNumSet
    shell.o(i.ShellCmdParse) refers to bles02.o(i.BleS02GlobalScan) for BleS02GlobalScan
    shell.o(i.ShellCmdParse) refers to bles02.o(i.BleS02LinkWithIndex) for BleS02LinkWithIndex
    shell.o(i.ShellCmdParse) refers to bles02.o(i.BleS02Standby) for BleS02Standby
    shell.o(i.ShellCmdParse) refers to jwlock.o(i.JwLockOpen) for JwLockOpen
    shell.o(i.ShellCmdParse) refers to jwlock.o(i.JwLockClose) for JwLockClose
    shell.o(i.ShellCmdParse) refers to jwlock.o(i.JwLockGetSta) for JwLockGetSta
    shell.o(i.ShellCmdParse) refers to jwlock.o(i.JwLockSetTime) for JwLockSetTime
    shell.o(i.ShellCmdParse) refers to jwlock.o(i.JwLockGetOpenRecord) for JwLockGetOpenRecord
    shell.o(i.ShellCmdParse) refers to printfa.o(i.__0printf) for __2printf
    shell.o(i.ShellCmdParse) refers to shell.o(.constdata) for .constdata
    shell.o(i.ShellCmdRecv) refers to shell.o(i.ShellCmdParse) for ShellCmdParse
    shell.o(i.ShellCmdRecv) refers to memseta.o(.text) for __aeabi_memclr
    shell.o(i.ShellCmdRecv) refers to rs485.o(.data) for UsartLen
    shell.o(i.ShellCmdRecv) refers to rs485.o(.bss) for UsartBuf
    shell.o(i.ShellShowHelp) refers to printfa.o(i.__0printf) for __2printf
    shell.o(i.ShellShowHelp) refers to shell.o(.conststring) for .conststring
    systimer.o(i.SysTick_Handler) refers to beep.o(i.BeepHandler) for BeepHandler
    systimer.o(i.SysTick_Handler) refers to bles02.o(i.BleS02Handler) for BleS02Handler
    systimer.o(i.SysTick_Handler) refers to jwlock.o(i.JwLockHandler) for JwLockHandler
    systimer.o(i.SysTick_Handler) refers to systimer.o(.data) for .data
    systimer.o(i.SysTimerGet) refers to systimer.o(.data) for .data
    systimer.o(i.SysTimerInit) refers to systick.o(i.systick_init) for systick_init
    systimer.o(i.SysTimerInit) refers to timer.o(i.ct16b1_timer_init) for ct16b1_timer_init
    sysinfo.o(i.SysInfoBleInfoGet) refers to strlen.o(.text) for strlen
    sysinfo.o(i.SysInfoBleInfoGet) refers to memcpya.o(.text) for __aeabi_memcpy
    sysinfo.o(i.SysInfoBleInfoGet) refers to sysinfo.o(.bss) for .bss
    sysinfo.o(i.SysInfoBleInfoSet) refers to memseta.o(.text) for __aeabi_memclr
[...]
    printf5.o(i.__0sprintf$5) refers to printf5.o(i._sputc) for _sputc
    printf5.o(i.__0vfprintf$5) refers to printf5.o(i._printf_core) for _printf_core
    printf5.o(i.__0vfprintf$5) refers to rs485.o(i.fputc) for fputc
    printf5.o(i.__0vprintf$5) refers to printf5.o(i._printf_core) for _printf_core
    printf5.o(i.__0vprintf$5) refers to rs485.o(i.fputc) for fputc
    printf5.o(i.__0vprintf$5) refers to stdout.o(.data) for __stdout
    printf5.o(i.__0vsnprintf$5) refers to printf5.o(i._printf_core) for _printf_core
    printf5.o(i.__0vsnprintf$5) refers to printf5.o(i._snputc) for _snputc
    printf5.o(i.__0vsprintf$5) refers to printf5.o(i._printf_core) for _printf_core
    printf5.o(i.__0vsprintf$5) refers to printf5.o(i._sputc) for _sputc
    printf5.o(i._printf_core) refers to uldiv.o(.text) for __aeabi_uldivmod
    printf6.o(i.__0fprintf$6) refers to printf6.o(i._printf_core) for _printf_core
    printf6.o(i.__0fprintf$6) refers to rs485.o(i.fputc) for fputc
    printf6.o(i.__0printf$6) refers to printf6.o(i._printf_core) for _printf_core
    printf6.o(i.__0printf$6) refers to rs485.o(i.fputc) for fputc
    printf6.o(i.__0printf$6) refers to stdout.o(.data) for __stdout
    printf6.o(i.__0snprintf$6) refers to printf6.o(i._printf_core) for _printf_core
    printf6.o(i.__0snprintf$6) refers to printf6.o(i._snputc) for _snputc
    printf6.o(i.__0sprintf$6) refers to printf6.o(i._printf_core) for _printf_core
    printf6.o(i.__0sprintf$6) refers to printf6.o(i._sputc) for _sputc
    printf6.o(i.__0vfprintf$6) refers to printf6.o(i._printf_core) for _printf_core
    printf6.o(i.__0vfprintf$6) refers to rs485.o(i.fputc) for fputc
    printf6.o(i.__0vprintf$6) refers to printf6.o(i._printf_core) for _printf_core
    printf6.o(i.__0vprintf$6) refers to rs485.o(i.fputc) for fputc
    printf6.o(i.__0vprintf$6) refers to stdout.o(.data) for __stdout
    printf6.o(i.__0vsnprintf$6) refers to printf6.o(i._printf_core) for _printf_core
    printf6.o(i.__0vsnprintf$6) refers to printf6.o(i._snputc) for _snputc
    printf6.o(i.__0vsprintf$6) refers to printf6.o(i._printf_core) for _printf_core
    printf6.o(i.__0vsprintf$6) refers to printf6.o(i._sputc) for _sputc
    printf6.o(i._printf_core) refers to printf6.o(i._printf_pre_padding) for _printf_pre_padding
    printf6.o(i._printf_core) refers to printf6.o(i._printf_post_padding) for _printf_post_padding
    printf6.o(i._printf_core) refers to uidiv.o(.text) for __aeabi_uidivmod
    printf7.o(i.__0fprintf$7) refers to printf7.o(i._printf_core) for _printf_core
    printf7.o(i.__0fprintf$7) refers to rs485.o(i.fputc) for fputc
    printf7.o(i.__0printf$7) refers to printf7.o(i._printf_core) for _printf_core
    printf7.o(i.__0printf$7) refers to rs485.o(i.fputc) for fputc
    printf7.o(i.__0printf$7) refers to stdout.o(.data) for __stdout
    printf7.o(i.__0snprintf$7) refers to printf7.o(i._printf_core) for _printf_core
    printf7.o(i.__0snprintf$7) refers to printf7.o(i._snputc) for _snputc
    printf7.o(i.__0sprintf$7) refers to printf7.o(i._printf_core) for _printf_core
    printf7.o(i.__0sprintf$7) refers to printf7.o(i._sputc) for _sputc
    printf7.o(i.__0vfprintf$7) refers to printf7.o(i._printf_core) for _printf_core
    printf7.o(i.__0vfprintf$7) refers to rs485.o(i.fputc) for fputc
    printf7.o(i.__0vprintf$7) refers to printf7.o(i._printf_core) for _printf_core
    printf7.o(i.__0vprintf$7) refers to rs485.o(i.fputc) for fputc
    printf7.o(i.__0vprintf$7) refers to stdout.o(.data) for __stdout
    printf7.o(i.__0vsnprintf$7) refers to printf7.o(i._printf_core) for _printf_core
    printf7.o(i.__0vsnprintf$7) refers to printf7.o(i._snputc) for _snputc
    printf7.o(i.__0vsprintf$7) refers to printf7.o(i._printf_core) for _printf_core
    printf7.o(i.__0vsprintf$7) refers to printf7.o(i._sputc) for _sputc
    printf7.o(i._printf_core) refers to printf7.o(i._printf_pre_padding) for _printf_pre_padding
    printf7.o(i._printf_core) refers to printf7.o(i._printf_post_padding) for _printf_post_padding
    printf7.o(i._printf_core) refers to uldiv.o(.text) for __aeabi_uldivmod
    printf8.o(i.__0fprintf$8) refers to printf8.o(i._printf_core) for _printf_core
    printf8.o(i.__0fprintf$8) refers to rs485.o(i.fputc) for fputc
    printf8.o(i.__0printf$8) refers to printf8.o(i._printf_core) for _printf_core
    printf8.o(i.__0printf$8) refers to rs485.o(i.fputc) for fputc
    printf8.o(i.__0printf$8) refers to stdout.o(.data) for __stdout
    printf8.o(i.__0snprintf$8) refers to printf8.o(i._printf_core) for _printf_core
    printf8.o(i.__0snprintf$8) refers to printf8.o(i._snputc) for _snputc
    printf8.o(i.__0sprintf$8) refers to printf8.o(i._printf_core) for _printf_core
    printf8.o(i.__0sprintf$8) refers to printf8.o(i._sputc) for _sputc
    printf8.o(i.__0vfprintf$8) refers to printf8.o(i._printf_core) for _printf_core
    printf8.o(i.__0vfprintf$8) refers to rs485.o(i.fputc) for fputc
    printf8.o(i.__0vprintf$8) refers to printf8.o(i._printf_core) for _printf_core
    printf8.o(i.__0vprintf$8) refers to rs485.o(i.fputc) for fputc
    printf8.o(i.__0vprintf$8) refers to stdout.o(.data) for __stdout
    printf8.o(i.__0vsnprintf$8) refers to printf8.o(i._printf_core) for _printf_core
    printf8.o(i.__0vsnprintf$8) refers to printf8.o(i._snputc) for _snputc
    printf8.o(i.__0vsprintf$8) refers to printf8.o(i._printf_core) for _printf_core
    printf8.o(i.__0vsprintf$8) refers to printf8.o(i._sputc) for _sputc
    printf8.o(i._printf_core) refers to printf8.o(i._printf_pre_padding) for _printf_pre_padding
    printf8.o(i._printf_core) refers to printf8.o(i._printf_post_padding) for _printf_post_padding
    printf8.o(i._printf_core) refers to uldiv.o(.text) for __aeabi_uldivmod
    printfa.o(i.__0fprintf) refers (Special) to iusefp.o(.text) for __I$use$fp
    printfa.o(i.__0fprintf) refers to printfa.o(i._printf_core) for _printf_core
    printfa.o(i.__0fprintf) refers to rs485.o(i.fputc) for fputc
    printfa.o(i.__0printf) refers (Special) to iusefp.o(.text) for __I$use$fp
    printfa.o(i.__0printf) refers to printfa.o(i._printf_core) for _printf_core
    printfa.o(i.__0printf) refers to rs485.o(i.fputc) for fputc
    printfa.o(i.__0printf) refers to stdout.o(.data) for __stdout
    printfa.o(i.__0snprintf) refers (Special) to iusefp.o(.text) for __I$use$fp
    printfa.o(i.__0snprintf) refers to printfa.o(i._printf_core) for _printf_core
    printfa.o(i.__0snprintf) refers to printfa.o(i._snputc) for _snputc
    printfa.o(i.__0sprintf) refers (Special) to iusefp.o(.text) for __I$use$fp
    printfa.o(i.__0sprintf) refers to printfa.o(i._printf_core) for _printf_core
    printfa.o(i.__0sprintf) refers to printfa.o(i._sputc) for _sputc
    printfa.o(i.__0vfprintf) refers (Special) to iusefp.o(.text) for __I$use$fp
    printfa.o(i.__0vfprintf) refers to printfa.o(i._printf_core) for _printf_core
    printfa.o(i.__0vfprintf) refers to rs485.o(i.fputc) for fputc
    printfa.o(i.__0vprintf) refers (Special) to iusefp.o(.text) for __I$use$fp
    printfa.o(i.__0vprintf) refers to printfa.o(i._printf_core) for _printf_core
    printfa.o(i.__0vprintf) refers to rs485.o(i.fputc) for fputc
    printfa.o(i.__0vprintf) refers to stdout.o(.data) for __stdout
    printfa.o(i.__0vsnprintf) refers (Special) to iusefp.o(.text) for __I$use$fp
    printfa.o(i.__0vsnprintf) refers to printfa.o(i._printf_core) for _printf_core
    printfa.o(i.__0vsnprintf) refers to printfa.o(i._snputc) for _snputc
    printfa.o(i.__0vsprintf) refers (Special) to iusefp.o(.text) for __I$use$fp
    printfa.o(i.__0vsprintf) refers to printfa.o(i._printf_core) for _printf_core
    printfa.o(i.__0vsprintf) refers to printfa.o(i._sputc) for _sputc
    printfa.o(i._fp_digits) refers (Special) to iusefp.o(.text) for __I$use$fp
    printfa.o(i._fp_digits) refers to dmul.o(.text) for __aeabi_dmul
    printfa.o(i._fp_digits) refers to ddiv.o(.text) for __aeabi_ddiv
    printfa.o(i._fp_digits) refers to cdrcmple.o(.text) for __aeabi_cdrcmple
    printfa.o(i._fp_digits) refers to dadd.o(.text) for __aeabi_dadd
    printfa.o(i._fp_digits) refers to dfixul.o(.text) for __aeabi_d2ulz
    printfa.o(i._fp_digits) refers to uldiv.o(.text) for __aeabi_uldivmod
    printfa.o(i._printf_core) refers (Special) to iusefp.o(.text) for __I$use$fp
    printfa.o(i._printf_core) refers to printfa.o(i._printf_pre_padding) for _printf_pre_padding
    printfa.o(i._printf_core) refers to uldiv.o(.text) for __aeabi_uldivmod
    printfa.o(i._printf_core) refers to printfa.o(i._printf_post_padding) for _printf_post_padding
    printfa.o(i._printf_core) refers to printfa.o(i._fp_digits) for _fp_digits
    printfa.o(i._printf_core) refers to uidiv.o(.text) for __aeabi_uidivmod
    printfa.o(i._printf_post_padding) refers (Special) to iusefp.o(.text) for __I$use$fp
    printfa.o(i._printf_pre_padding) refers (Special) to iusefp.o(.text) for __I$use$fp
    printfa.o(i._snputc) refers (Special) to iusefp.o(.text) for __I$use$fp
    printfa.o(i._sputc) refers (Special) to iusefp.o(.text) for __I$use$fp
    __0sscanf.o(.text) refers to scanf_char.o(.text) for __vfscanf_char
    __0sscanf.o(.text) refers to _sgetc.o(.text) for _sgetc
    _scanf_int.o(.text) refers to _chval.o(.text) for _chval
    dmul.o(.text) refers (Special) to iusefp.o(.text) for __I$use$fp
    dmul.o(.text) refers to depilogue.o(.text) for _double_epilogue
    ddiv.o(.text) refers (Special) to iusefp.o(.text) for __I$use$fp
    ddiv.o(.text) refers to depilogue.o(.text) for _double_round
    dfltui.o(.text) refers (Special) to iusefp.o(.text) for __I$use$fp
    dfltui.o(.text) refers to depilogue.o(.text) for _double_epilogue
    dfixui.o(.text) refers (Special) to iusefp.o(.text) for __I$use$fp
    dfixui.o(.text) refers to llushr.o(.text) for __aeabi_llsr
    entry2.o(.ARM.Collect$$$$00000001) refers to entry2.o(.ARM.Collect$$$$00002712) for __lit__00000000
    entry2.o(.ARM.Collect$$$$00002712) refers to startup_lpc112x.o(STACK) for __initial_sp
    entry2.o(__vectab_stack_and_reset_area) refers to startup_lpc112x.o(STACK) for __initial_sp
    entry2.o(__vectab_stack_and_reset_area) refers to entry.o(.ARM.Collect$$$$00000000) for __main
    entry5.o(.ARM.Collect$$$$00000004) refers to init.o(.text) for __scatterload
    entry9a.o(.ARM.Collect$$$$0000000B) refers to main.o(i.main) for main
    entry9b.o(.ARM.Collect$$$$0000000C) refers to main.o(i.main) for main
    uldiv.o(.text) refers to llushr.o(.text) for __aeabi_llsr
    uldiv.o(.text) refers to llshl.o(.text) for __aeabi_llsl
    scanf_char.o(.text) refers to _scanf.o(.text) for __vfscanf
    scanf_char.o(.text) refers to isspace_c.o(.text) for isspace
    depilogue.o(.text) refers to depilogue.o(i.__ARM_clz) for __ARM_clz
    depilogue.o(.text) refers to llshl.o(.text) for __aeabi_llsl
    depilogue.o(.text) refers to llushr.o(.text) for __aeabi_llsr
    dadd.o(.text) refers to llshl.o(.text) for __aeabi_llsl
    dadd.o(.text) refers to llsshr.o(.text) for __aeabi_lasr
    dadd.o(.text) refers to depilogue.o(.text) for _double_epilogue
    dfixul.o(.text) refers to llushr.o(.text) for __aeabi_llsr
    dfixul.o(.text) refers to llshl.o(.text) for __aeabi_llsl
    init.o(.text) refers to entry5.o(.ARM.Collect$$$$00000004) for __main_after_scatterload
    isspace_c.o(.text) refers to ctype_c.o(.text) for __ctype_lookup
    _scanf.o(.text) refers (Weak) to _scanf_int.o(.text) for _scanf_int
    ctype_c.o(.text) refers to ctype_c.o(.constdata) for .constdata


==============================================================================

Removing Unused input sections from the image.

    Removing main.o(.rev16_text), (4 bytes).
    Removing main.o(.revsh_text), (4 bytes).
    Removing system_lpc112x.o(.rev16_text), (4 bytes).
    Removing system_lpc112x.o(.revsh_text), (4 bytes).
    Removing startup_lpc112x.o(HEAP), (1024 bytes).
    Removing delay.o(i.delay_us), (6 bytes).
    Removing shell.o(.rev16_text), (4 bytes).
    Removing shell.o(.revsh_text), (4 bytes).
    Removing systimer.o(.rev16_text), (4 bytes).
    Removing systimer.o(.revsh_text), (4 bytes).
    Removing systimer.o(i.SysTimerCalc), (12 bytes).
    Removing sysinfo.o(.rev16_text), (4 bytes).
    Removing sysinfo.o(.revsh_text), (4 bytes).
    Removing sysinfo.o(i.SysInfoBleInfoGet), (56 bytes).
    Removing sysinfo.o(i.SysInfoIDGet), (20 bytes).
    Removing jwlock.o(.rev16_text), (4 bytes).
    Removing jwlock.o(.revsh_text), (4 bytes).
    Removing frame.o(.rev16_text), (4 bytes).
    Removing frame.o(.revsh_text), (4 bytes).
    Removing updateinfo.o(.rev16_text), (4 bytes).
    Removing updateinfo.o(.revsh_text), (4 bytes).
    Removing updateinfo.o(i.UpdateInfoGet), (16 bytes).
    Removing updateinfo.o(i.UpdateInfoIsUpdate), (22 bytes).
    Removing updateinfo.o(i.UpdateInfoSetVersion), (88 bytes).
    Removing updateinfo.o(.data), (4 bytes).
    Removing beep.o(.rev16_text), (4 bytes).
    Removing beep.o(.revsh_text), (4 bytes).
    Removing bles02.o(.rev16_text), (4 bytes).
    Removing bles02.o(.revsh_text), (4 bytes).
    Removing key.o(.rev16_text), (4 bytes).
    Removing key.o(.revsh_text), (4 bytes).
    Removing w25qflash.o(.rev16_text), (4 bytes).
    Removing w25qflash.o(.revsh_text), (4 bytes).
    Removing w25qflash.o(i.W25qFlashCopy), (86 bytes).
    Removing w25qflash.o(i.W25qFlashEraseChip), (60 bytes).
    Removing w25qflash.o(i.W25qFlashPowerControl), (40 bytes).
    Removing rs485.o(.rev16_text), (4 bytes).
    Removing rs485.o(.revsh_text), (4 bytes).
    Removing uart.o(.rev16_text), (4 bytes).
    Removing uart.o(.revsh_text), (4 bytes).
    Removing uart.o(i.uart0_recv_byte), (12 bytes).
    Removing uart.o(i.uart1_recv_byte), (12 bytes).
    Removing uart.o(i.uart2_init), (144 bytes).
    Removing uart.o(i.uart2_send), (40 bytes).
    Removing uart.o(i.uart2_send_byte), (16 bytes).
    Removing timer.o(.rev16_text), (4 bytes).
    Removing timer.o(.revsh_text), (4 bytes).
    Removing timer.o(i.ct16b0_disable), (12 bytes).
    Removing timer.o(i.ct16b0_enable), (12 bytes).
    Removing timer.o(i.ct16b0_pwn_init), (64 bytes).
    Removing timer.o(i.ct16b0_reset), (12 bytes).
    Removing timer.o(i.ct16b0_set_match), (64 bytes).
    Removing timer.o(i.ct16b0_timer_init), (76 bytes).
    Removing timer.o(i.ct16b1_disable), (12 bytes).
    Removing timer.o(i.ct16b1_enable), (12 bytes).
    Removing timer.o(i.ct16b1_pwm_init), (24 bytes).
    Removing timer.o(i.ct16b1_reset), (12 bytes).
    Removing timer.o(i.ct32b0_disable), (12 bytes).
    Removing timer.o(i.ct32b0_enable), (12 bytes).
    Removing timer.o(i.ct32b0_pwm_init), (104 bytes).
    Removing timer.o(i.ct32b0_reset), (12 bytes).
    Removing timer.o(i.ct32b0_set_match), (64 bytes).
    Removing timer.o(i.ct32b0_timer_init), (68 bytes).
    Removing timer.o(i.ct32b1_disable), (12 bytes).
    Removing timer.o(i.ct32b1_enable), (12 bytes).
    Removing timer.o(i.ct32b1_pwm_init), (24 bytes).
    Removing timer.o(i.ct32b1_reset), (12 bytes).
    Removing timer.o(i.ct32b1_timer_init), (32 bytes).
    Removing systick.o(.rev16_text), (4 bytes).
    Removing systick.o(.revsh_text), (4 bytes).
    Removing syscon.o(.rev16_text), (4 bytes).
    Removing syscon.o(.revsh_text), (4 bytes).
    Removing syscon.o(i.syscon_ahb_div), (12 bytes).
    Removing syscon.o(i.syscon_clkout_cs), (12 bytes).
    Removing syscon.o(i.syscon_clkout_cs_update), (20 bytes).
    Removing syscon.o(i.syscon_clkout_div), (12 bytes).
    Removing syscon.o(i.syscon_pd_off), (16 bytes).
    Removing syscon.o(i.syscon_ppp_reset_dis), (16 bytes).
    Removing syscon.o(i.syscon_ppp_reset_en), (16 bytes).
    Removing syscon.o(i.syscon_restart), (16 bytes).
    Removing syscon.o(i.syscon_spi0_div), (12 bytes).
    Removing syscon.o(i.syscon_spi1_div), (12 bytes).
    Removing gpio.o(.rev16_text), (4 bytes).
    Removing gpio.o(.revsh_text), (4 bytes).
    Removing gpio.o(i.gpio_clear_interrupt), (18 bytes).
    Removing gpio.o(i.gpio_enable_interrupt), (18 bytes).
    Removing gpio.o(i.gpio_get_intstatus), (20 bytes).
    Removing gpio.o(i.gpio_set_interrupt), (88 bytes).
    Removing iocon.o(.rev16_text), (4 bytes).
    Removing iocon.o(.revsh_text), (4 bytes).
    Removing iocon.o(i.iocon_u0_rxd_loc), (12 bytes).
    Removing wdt.o(.rev16_text), (4 bytes).
    Removing wdt.o(.revsh_text), (4 bytes).

93 unused section(s) (total 2782 bytes) removed from the image.

==============================================================================

Image Symbol Table

    Local Symbols

    Symbol Name                              Value     Ov Type        Size  Object(Section)

    ../clib/microlib/ctype/ctype.c           0x00000000   Number         0  isspace_c.o ABSOLUTE
    ../clib/microlib/ctype/ctype.c           0x00000000   Number         0  ctype_c.o ABSOLUTE
    ../clib/microlib/division.c              0x00000000   Number         0  uldiv.o ABSOLUTE
    ../clib/microlib/division.c              0x00000000   Number         0  uidiv.o ABSOLUTE
    ../clib/microlib/init/entry.s            0x00000000   Number         0  entry10a.o ABSOLUTE
    ../clib/microlib/init/entry.s            0x00000000   Number         0  entry11a.o ABSOLUTE
    ../clib/microlib/init/entry.s            0x00000000   Number         0  entry8b.o ABSOLUTE
    ../clib/microlib/init/entry.s            0x00000000   Number         0  entry8a.o ABSOLUTE
    ../clib/microlib/init/entry.s            0x00000000   Number         0  entry10b.o ABSOLUTE
    ../clib/microlib/init/entry.s            0x00000000   Number         0  entry2.o ABSOLUTE
    ../clib/microlib/init/entry.s            0x00000000   Number         0  entry9a.o ABSOLUTE
    ../clib/microlib/init/entry.s            0x00000000   Number         0  entry9b.o ABSOLUTE
    ../clib/microlib/init/entry.s            0x00000000   Number         0  entry7b.o ABSOLUTE
    ../clib/microlib/init/entry.s            0x00000000   Number         0  entry7a.o ABSOLUTE
    ../clib/microlib/init/entry.s            0x00000000   Number         0  entry.o ABSOLUTE
    ../clib/microlib/init/entry.s            0x00000000   Number         0  entry5.o ABSOLUTE
    ../clib/microlib/init/entry.s            0x00000000   Number         0  entry11b.o ABSOLUTE
    ../clib/microlib/longlong.c              0x00000000   Number         0  llushr.o ABSOLUTE
    ../clib/microlib/longlong.c              0x00000000   Number         0  llshl.o ABSOLUTE
    ../clib/microlib/longlong.c              0x00000000   Number         0  llsshr.o ABSOLUTE
    ../clib/microlib/printf/printf.c         0x00000000   Number         0  printf2.o ABSOLUTE
    ../clib/microlib/printf/printf.c         0x00000000   Number         0  printf7.o ABSOLUTE
    ../clib/microlib/printf/printf.c         0x00000000   Number         0  printf8.o ABSOLUTE
    ../clib/microlib/printf/printf.c         0x00000000   Number         0  printf5.o ABSOLUTE
    ../clib/microlib/printf/printf.c         0x00000000   Number         0  printfa.o ABSOLUTE
    ../clib/microlib/printf/printf.c         0x00000000   Number         0  printf3.o ABSOLUTE
    ../clib/microlib/printf/printf.c         0x00000000   Number         0  printf1.o ABSOLUTE
    ../clib/microlib/printf/printf.c         0x00000000   Number         0  printf4.o ABSOLUTE
    ../clib/microlib/printf/printf.c         0x00000000   Number         0  printfb.o ABSOLUTE
    ../clib/microlib/printf/printf.c         0x00000000   Number         0  printf0.o ABSOLUTE
    ../clib/microlib/printf/printf.c         0x00000000   Number         0  printf6.o ABSOLUTE
    ../clib/microlib/printf/stubs.s          0x00000000   Number         0  stubs.o ABSOLUTE
    ../clib/microlib/stdio/streams.c         0x00000000   Number         0  stdout.o ABSOLUTE
    ../clib/microlib/string/memcmp.c         0x00000000   Number         0  memcmp.o ABSOLUTE
    ../clib/microlib/string/memcpy.c         0x00000000   Number         0  memcpyb.o ABSOLUTE
    ../clib/microlib/string/memcpy.c         0x00000000   Number         0  memcpya.o ABSOLUTE
    ../clib/microlib/string/memset.c         0x00000000   Number         0  memseta.o ABSOLUTE
    ../clib/microlib/string/strchr.c         0x00000000   Number         0  strchr.o ABSOLUTE
    ../clib/microlib/string/strcpy.c         0x00000000   Number         0  strcpy.o ABSOLUTE
    ../clib/microlib/string/strlen.c         0x00000000   Number         0  strlen.o ABSOLUTE
    ../clib/microlib/string/strstr.c         0x00000000   Number         0  strstr.o ABSOLUTE
    ../clib/microlib/stubs.s                 0x00000000   Number         0  iusefp.o ABSOLUTE
    ../clib/microlib/unhosted.c              0x00000000   Number         0  uwrite4.o ABSOLUTE
    ../clib/microlib/unhosted.c              0x00000000   Number         0  uread4.o ABSOLUTE
    ../clib/scanf.c                          0x00000000   Number         0  scanf_char.o ABSOLUTE
    ../clib/scanf.c                          0x00000000   Number         0  __0sscanf.o ABSOLUTE
    ../clib/scanf.c                          0x00000000   Number         0  _sgetc.o ABSOLUTE
    ../clib/scanf.c                          0x00000000   Number         0  _scanf_int.o ABSOLUTE
    ../clib/scanf.c                          0x00000000   Number         0  _scanf.o ABSOLUTE
    ../clib/scanf.c                          0x00000000   Number         0  _chval.o ABSOLUTE
    ../fplib/microlib/fpadd.c                0x00000000   Number         0  dadd.o ABSOLUTE
    ../fplib/microlib/fpdiv.c                0x00000000   Number         0  ddiv.o ABSOLUTE
    ../fplib/microlib/fpepilogue.c           0x00000000   Number         0  depilogue.o ABSOLUTE
    ../fplib/microlib/fpfix.c                0x00000000   Number         0  dfixul.o ABSOLUTE
    ../fplib/microlib/fpfix.c                0x00000000   Number         0  dfixui.o ABSOLUTE
    ../fplib/microlib/fpflt.c                0x00000000   Number         0  dfltui.o ABSOLUTE
    ../fplib/microlib/fpmul.c                0x00000000   Number         0  dmul.o ABSOLUTE
    ..\Code\App\JwLock.c                     0x00000000   Number         0  jwlock.o ABSOLUTE
    ..\Code\App\KeyMgr.c                     0x00000000   Number         0  keymgr.o ABSOLUTE
    ..\Code\App\SysInfo.c                    0x00000000   Number         0  sysinfo.o ABSOLUTE
    ..\Code\App\SysTimer.c                   0x00000000   Number         0  systimer.o ABSOLUTE
    ..\Code\App\UpdateInfo.c                 0x00000000   Number         0  updateinfo.o ABSOLUTE
    ..\Code\App\delay.c                      0x00000000   Number         0  delay.o ABSOLUTE
    ..\Code\App\frame.c                      0x00000000   Number         0  frame.o ABSOLUTE
    ..\Code\App\shell.c                      0x00000000   Number         0  shell.o ABSOLUTE
    ..\Code\Driver\BleS02.c                  0x00000000   Number         0  bles02.o ABSOLUTE
    ..\Code\Driver\W25qFlash.c               0x00000000   Number         0  w25qflash.o ABSOLUTE
    ..\Code\Driver\beep.c                    0x00000000   Number         0  beep.o ABSOLUTE
    ..\Code\Driver\key.c                     0x00000000   Number         0  key.o ABSOLUTE
    ..\Code\Driver\rs485.c                   0x00000000   Number         0  rs485.o ABSOLUTE
    ..\Code\Main\main.c                      0x00000000   Number         0  main.o ABSOLUTE
    ..\Code\NXPLib\CMSIS\lpc112x\startup_LPC112x.s 0x00000000   Number         0  startup_lpc112x.o ABSOLUTE
    ..\Code\NXPLib\CMSIS\lpc112x\system_LPC112x.c 0x00000000   Number         0  system_lpc112x.o ABSOLUTE
    ..\Code\NXPLib\gpio.c                    0x00000000   Number         0  gpio.o ABSOLUTE
    ..\Code\NXPLib\iocon.c                   0x00000000   Number         0  iocon.o ABSOLUTE
    ..\Code\NXPLib\syscon.c                  0x00000000   Number         0  syscon.o ABSOLUTE
    ..\Code\NXPLib\systick.c                 0x00000000   Number         0  systick.o ABSOLUTE
    ..\Code\NXPLib\timer.c                   0x00000000   Number         0  timer.o ABSOLUTE
    ..\Code\NXPLib\uart.c                    0x00000000   Number         0  uart.o ABSOLUTE
    ..\Code\NXPLib\wdt.c                     0x00000000   Number         0  wdt.o ABSOLUTE
    ..\\Code\\App\\JwLock.c                  0x00000000   Number         0  jwlock.o ABSOLUTE
    ..\\Code\\App\\SysInfo.c                 0x00000000   Number         0  sysinfo.o ABSOLUTE
    ..\\Code\\App\\SysTimer.c                0x00000000   Number         0  systimer.o ABSOLUTE
    ..\\Code\\App\\UpdateInfo.c              0x00000000   Number         0  updateinfo.o ABSOLUTE
    ..\\Code\\App\\frame.c                   0x00000000   Number         0  frame.o ABSOLUTE
    ..\\Code\\App\\shell.c                   0x00000000   Number         0  shell.o ABSOLUTE
    ..\\Code\\Driver\\BleS02.c               0x00000000   Number         0  bles02.o ABSOLUTE
    ..\\Code\\Driver\\W25qFlash.c            0x00000000   Number         0  w25qflash.o ABSOLUTE
    ..\\Code\\Driver\\beep.c                 0x00000000   Number         0  beep.o ABSOLUTE
    ..\\Code\\Driver\\key.c                  0x00000000   Number         0  key.o ABSOLUTE
    ..\\Code\\Driver\\rs485.c                0x00000000   Number         0  rs485.o ABSOLUTE
    ..\\Code\\Main\\main.c                   0x00000000   Number         0  main.o ABSOLUTE
    ..\\Code\\NXPLib\\CMSIS\\lpc112x\\system_LPC112x.c 0x00000000   Number         0  system_lpc112x.o ABSOLUTE
    ..\\Code\\NXPLib\\gpio.c                 0x00000000   Number         0  gpio.o ABSOLUTE
    ..\\Code\\NXPLib\\iocon.c                0x00000000   Number         0  iocon.o ABSOLUTE
    ..\\Code\\NXPLib\\syscon.c               0x00000000   Number         0  syscon.o ABSOLUTE
    ..\\Code\\NXPLib\\systick.c              0x00000000   Number         0  systick.o ABSOLUTE
    ..\\Code\\NXPLib\\timer.c                0x00000000   Number         0  timer.o ABSOLUTE
    ..\\Code\\NXPLib\\uart.c                 0x00000000   Number         0  uart.o ABSOLUTE
    ..\\Code\\NXPLib\\wdt.c                  0x00000000   Number         0  wdt.o ABSOLUTE
    cdrcmple.s                               0x00000000   Number         0  cdrcmple.o ABSOLUTE
    dc.s                                     0x00000000   Number         0  dc.o ABSOLUTE
    handlers.s                               0x00000000   Number         0  handlers.o ABSOLUTE
    init.s                                   0x00000000   Number         0  init.o ABSOLUTE
    RESET                                    0x00001000   Section      192  startup_lpc112x.o(RESET)
    .ARM.Collect$$$$00000000                 0x000010c0   Section        0  entry.o(.ARM.Collect$$$$00000000)
    .ARM.Collect$$$$00000001                 0x000010c0   Section        4  entry2.o(.ARM.Collect$$$$00000001)
    .ARM.Collect$$$$00000004                 0x000010c4   Section        4  entry5.o(.ARM.Collect$$$$00000004)
    .ARM.Collect$$$$00000008                 0x000010c8   Section        0  entry7b.o(.ARM.Collect$$$$00000008)
    .ARM.Collect$$$$0000000A                 0x000010c8   Section        0  entry8b.o(.ARM.Collect$$$$0000000A)
    .ARM.Collect$$$$0000000B                 0x000010c8   Section        8  entry9a.o(.ARM.Collect$$$$0000000B)
    .ARM.Collect$$$$0000000D                 0x000010d0   Section        0  entry10a.o(.ARM.Collect$$$$0000000D)
    .ARM.Collect$$$$0000000F                 0x000010d0   Section        0  entry11a.o(.ARM.Collect$$$$0000000F)
    .ARM.Collect$$$$00002712                 0x000010d0   Section        4  entry2.o(.ARM.Collect$$$$00002712)
    __lit__00000000                          0x000010d0   Data           4  entry2.o(.ARM.Collect$$$$00002712)
    .text                                    0x000010d4   Section       28  startup_lpc112x.o(.text)
    .text                                    0x000010f0   Section        0  uidiv.o(.text)
    .text                                    0x0000111c   Section        0  memcpya.o(.text)
    .text                                    0x00001140   Section        0  memseta.o(.text)
    .text                                    0x00001164   Section        0  strstr.o(.text)
    .text                                    0x0000118c   Section        0  strchr.o(.text)
    .text                                    0x000011a0   Section        0  strlen.o(.text)
    .text                                    0x000011ae   Section        0  memcmp.o(.text)
    .text                                    0x000011c8   Section        0  strcpy.o(.text)
    .text                                    0x000011da   Section        0  uread4.o(.text)
    .text                                    0x000011ee   Section        0  uwrite4.o(.text)
    .text                                    0x00001200   Section        0  __0sscanf.o(.text)
    .text                                    0x0000123c   Section        0  _scanf_int.o(.text)
    .text                                    0x00001388   Section        0  dmul.o(.text)
    .text                                    0x00001458   Section        0  ddiv.o(.text)
    .text                                    0x00001548   Section        0  dfltui.o(.text)
    .text                                    0x00001564   Section        0  dfixui.o(.text)
    .text                                    0x000015a0   Section        0  uldiv.o(.text)
    .text                                    0x00001600   Section        0  llushr.o(.text)
    .text                                    0x00001622   Section        0  _chval.o(.text)
    .text                                    0x00001640   Section        0  scanf_char.o(.text)
    _scanf_char_input                        0x00001641   Thumb Code    12  scanf_char.o(.text)
    .text                                    0x0000166c   Section        0  _sgetc.o(.text)
    .text                                    0x000016b0   Section        0  iusefp.o(.text)
    .text                                    0x000016b0   Section        0  depilogue.o(.text)
    .text                                    0x00001770   Section        0  dadd.o(.text)
    .text                                    0x000018d4   Section        0  dfixul.o(.text)
    .text                                    0x00001914   Section       40  cdrcmple.o(.text)
    .text                                    0x0000193c   Section       36  init.o(.text)
    .text                                    0x00001960   Section        0  llshl.o(.text)
    .text                                    0x00001980   Section        0  llsshr.o(.text)
    .text                                    0x000019a6   Section        0  isspace_c.o(.text)
    .text                                    0x000019b4   Section        0  _scanf.o(.text)
    .text                                    0x00001cec   Section        0  ctype_c.o(.text)
    i.BeepHandler                            0x00001d10   Section        0  beep.o(i.BeepHandler)
    i.BeepInit                               0x00001d40   Section        0  beep.o(i.BeepInit)
    i.BeepLongRing                           0x00001d6c   Section        0  beep.o(i.BeepLongRing)
    i.BeepThreeRing                          0x00001d8c   Section        0  beep.o(i.BeepThreeRing)
    i.BleS02GlobalScan                       0x00001dc8   Section        0  bles02.o(i.BleS02GlobalScan)
    i.BleS02Handler                          0x00001ee4   Section        0  bles02.o(i.BleS02Handler)
    i.BleS02Init                             0x00001ef8   Section        0  bles02.o(i.BleS02Init)
    i.BleS02IntDealGS                        0x00001f20   Section        0  bles02.o(i.BleS02IntDealGS)
    BleS02IntDealGS                          0x00001f21   Thumb Code    82  bles02.o(i.BleS02IntDealGS)
    i.BleS02IntDealLink                      0x00001f7c   Section        0  bles02.o(i.BleS02IntDealLink)
    BleS02IntDealLink                        0x00001f7d   Thumb Code    82  bles02.o(i.BleS02IntDealLink)
    i.BleS02IntDealStandby                   0x00001fd8   Section        0  bles02.o(i.BleS02IntDealStandby)
    BleS02IntDealStandby                     0x00001fd9   Thumb Code    82  bles02.o(i.BleS02IntDealStandby)
    i.BleS02LinkWithIndex                    0x00002034   Section        0  bles02.o(i.BleS02LinkWithIndex)
    i.BleS02LinkWithMac                      0x00002098   Section        0  bles02.o(i.BleS02LinkWithMac)
    i.BleS02Recv                             0x00002104   Section        0  bles02.o(i.BleS02Recv)
    i.BleS02Send                             0x0000214c   Section        0  bles02.o(i.BleS02Send)
    i.BleS02Standby                          0x0000217c   Section        0  bles02.o(i.BleS02Standby)
    i.BleS02WaitResp                         0x000021dc   Section        0  bles02.o(i.BleS02WaitResp)
    i.CT16B1_IRQHandler                      0x00002264   Section        0  systimer.o(i.CT16B1_IRQHandler)
    i.FrameDataCreate                        0x00002278   Section        0  frame.o(i.FrameDataCreate)
    i.FrameDataParse                         0x000022e2   Section        0  frame.o(i.FrameDataParse)
    i.FrameDealFirmwareUpdate                0x00002368   Section        0  frame.o(i.FrameDealFirmwareUpdate)
    FrameDealFirmwareUpdate                  0x00002369   Thumb Code   408  frame.o(i.FrameDealFirmwareUpdate)
    i.FrameRecv                              0x0000257c   Section        0  frame.o(i.FrameRecv)
    i.FrameSend                              0x00002680   Section        0  frame.o(i.FrameSend)
    i.JwLockClose                            0x0000270c   Section        0  jwlock.o(i.JwLockClose)
    i.JwLockDealLockStaInfo                  0x00002748   Section        0  jwlock.o(i.JwLockDealLockStaInfo)
    JwLockDealLockStaInfo                    0x00002749   Thumb Code   134  jwlock.o(i.JwLockDealLockStaInfo)
    i.JwLockDealOpenRecord                   0x0000286c   Section        0  jwlock.o(i.JwLockDealOpenRecord)
    JwLockDealOpenRecord                     0x0000286d   Thumb Code   154  jwlock.o(i.JwLockDealOpenRecord)
    i.JwLockGetOpenRecord                    0x00002970   Section        0  jwlock.o(i.JwLockGetOpenRecord)
    i.JwLockGetSta                           0x000029cc   Section        0  jwlock.o(i.JwLockGetSta)
    i.JwLockHandler                          0x00002a08   Section        0  jwlock.o(i.JwLockHandler)
    i.JwLockInit                             0x00002a30   Section        0  jwlock.o(i.JwLockInit)
    i.JwLockOpen                             0x00002ba8   Section        0  jwlock.o(i.JwLockOpen)
    i.JwLockRecv                             0x00002bec   Section        0  jwlock.o(i.JwLockRecv)
    i.JwLockSetTime                          0x00002c60   Section        0  jwlock.o(i.JwLockSetTime)
    i.KeyInit                                0x00002cac   Section        0  key.o(i.KeyInit)
    i.KeyMgrInit                             0x00002cd4   Section        0  keymgr.o(i.KeyMgrInit)
    i.KeyMgrListened                         0x00002cdc   Section        0  keymgr.o(i.KeyMgrListened)
    i.KeyScan                                0x00002cf0   Section        0  key.o(i.KeyScan)
    i.KeyStaSwitch                           0x00002d28   Section        0  key.o(i.KeyStaSwitch)
    i.NVIC_EnableIRQ                         0x00002d88   Section        0  timer.o(i.NVIC_EnableIRQ)
    NVIC_EnableIRQ                           0x00002d89   Thumb Code    14  timer.o(i.NVIC_EnableIRQ)
    i.NVIC_SetPriority                       0x00002d9c   Section        0  uart.o(i.NVIC_SetPriority)
    NVIC_SetPriority                         0x00002d9d   Thumb Code    60  uart.o(i.NVIC_SetPriority)
    i.NVIC_SetPriority                       0x00002de0   Section        0  timer.o(i.NVIC_SetPriority)
    NVIC_SetPriority                         0x00002de1   Thumb Code    60  timer.o(i.NVIC_SetPriority)
    i.RS485Init                              0x00002e24   Section        0  rs485.o(i.RS485Init)
    i.RS485Recv                              0x00002e7c   Section        0  rs485.o(i.RS485Recv)
    i.RS485Send                              0x00002ecc   Section        0  rs485.o(i.RS485Send)
    i.ShellCmdParse                          0x00002f00   Section        0  shell.o(i.ShellCmdParse)
    i.ShellCmdRecv                           0x00003064   Section        0  shell.o(i.ShellCmdRecv)
    i.ShellShowHelp                          0x000030a0   Section        0  shell.o(i.ShellShowHelp)
    ShellShowHelp                            0x000030a1   Thumb Code    16  shell.o(i.ShellShowHelp)
    i.SysInfoBleInfoSet                      0x000030b8   Section        0  sysinfo.o(i.SysInfoBleInfoSet)
    i.SysInfoBleIsNull                       0x00003114   Section        0  sysinfo.o(i.SysInfoBleIsNull)
    i.SysInfoDefault                         0x00003148   Section        0  sysinfo.o(i.SysInfoDefault)
    SysInfoDefault                           0x00003149   Thumb Code    40  sysinfo.o(i.SysInfoDefault)
    i.SysInfoIDSet                           0x0000317c   Section        0  sysinfo.o(i.SysInfoIDSet)
    i.SysInfoInit                            0x000031a4   Section        0  sysinfo.o(i.SysInfoInit)
    i.SysInfoReset                           0x000032b4   Section        0  sysinfo.o(i.SysInfoReset)
    i.SysInfoRoomNumGet                      0x0000331c   Section        0  sysinfo.o(i.SysInfoRoomNumGet)
    i.SysInfoRoomNumSet                      0x00003330   Section        0  sysinfo.o(i.SysInfoRoomNumSet)
    i.SysTick_Handler                        0x0000335c   Section        0  systimer.o(i.SysTick_Handler)
    i.SysTimerGet                            0x00003378   Section        0  systimer.o(i.SysTimerGet)
    i.SysTimerInit                           0x00003384   Section        0  systimer.o(i.SysTimerInit)
    i.SystemCoreClockUpdate                  0x0000339c   Section        0  system_lpc112x.o(i.SystemCoreClockUpdate)
    i.SystemInit                             0x000034bc   Section        0  system_lpc112x.o(i.SystemInit)
    i.UART0_IRQHandler                       0x00003514   Section        0  rs485.o(i.UART0_IRQHandler)
    i.UART1_IRQHandler                       0x00003554   Section        0  bles02.o(i.UART1_IRQHandler)
    i.UpdateInfoAppCodeErase                 0x000035c4   Section        0  updateinfo.o(i.UpdateInfoAppCodeErase)
    i.UpdateInfoAppCodeSave                  0x000035de   Section        0  updateinfo.o(i.UpdateInfoAppCodeSave)
    i.UpdateInfoSet                          0x000035e6   Section        0  updateinfo.o(i.UpdateInfoSet)
    i.UsartIntDealRs485                      0x00003600   Section        0  rs485.o(i.UsartIntDealRs485)
    UsartIntDealRs485                        0x00003601   Thumb Code    30  rs485.o(i.UsartIntDealRs485)
    i.UsartIntDealShell                      0x00003628   Section        0  rs485.o(i.UsartIntDealShell)
    UsartIntDealShell                        0x00003629   Thumb Code    34  rs485.o(i.UsartIntDealShell)
    i.W25qFlashEraseSector                   0x00003654   Section        0  w25qflash.o(i.W25qFlashEraseSector)
    i.W25qFlashInit                          0x000036a8   Section        0  w25qflash.o(i.W25qFlashInit)
    i.W25qFlashIsBusy                        0x00003734   Section        0  w25qflash.o(i.W25qFlashIsBusy)
    i.W25qFlashRWBytes                       0x00003764   Section        0  w25qflash.o(i.W25qFlashRWBytes)
    W25qFlashRWBytes                         0x00003765   Thumb Code    74  w25qflash.o(i.W25qFlashRWBytes)
    i.W25qFlashReadData                      0x000037b4   Section        0  w25qflash.o(i.W25qFlashReadData)
    i.W25qFlashReadID                        0x00003818   Section        0  w25qflash.o(i.W25qFlashReadID)
    i.W25qFlashWaitIdle                      0x00003864   Section        0  w25qflash.o(i.W25qFlashWaitIdle)
    W25qFlashWaitIdle                        0x00003865   Thumb Code    34  w25qflash.o(i.W25qFlashWaitIdle)
    i.W25qFlashWriteAPage                    0x0000388c   Section        0  w25qflash.o(i.W25qFlashWriteAPage)
    i.W25qFlashWriteControl                  0x000038f4   Section        0  w25qflash.o(i.W25qFlashWriteControl)
    W25qFlashWriteControl                    0x000038f5   Thumb Code    34  w25qflash.o(i.W25qFlashWriteControl)
    i.W25qFlashWriteData                     0x0000391c   Section        0  w25qflash.o(i.W25qFlashWriteData)
    i.__0printf                              0x00003954   Section        0  printfa.o(i.__0printf)
    i.__0sprintf                             0x00003974   Section        0  printfa.o(i.__0sprintf)
    i.__ARM_clz                              0x0000399c   Section        0  depilogue.o(i.__ARM_clz)
    i.__ARM_common_switch8                   0x000039ca   Section        0  system_lpc112x.o(i.__ARM_common_switch8)
    i.__scatterload_copy                     0x000039e4   Section       14  handlers.o(i.__scatterload_copy)
    i.__scatterload_null                     0x000039f2   Section        2  handlers.o(i.__scatterload_null)
    i.__scatterload_zeroinit                 0x000039f4   Section       14  handlers.o(i.__scatterload_zeroinit)
    i._fp_digits                             0x00003a04   Section        0  printfa.o(i._fp_digits)
    _fp_digits                               0x00003a05   Thumb Code   316  printfa.o(i._fp_digits)
    i._printf_core                           0x00003b5c   Section        0  printfa.o(i._printf_core)
    _printf_core                             0x00003b5d   Thumb Code  1754  printfa.o(i._printf_core)
    i._printf_post_padding                   0x00004248   Section        0  printfa.o(i._printf_post_padding)
    _printf_post_padding                     0x00004249   Thumb Code    32  printfa.o(i._printf_post_padding)
    i._printf_pre_padding                    0x00004268   Section        0  printfa.o(i._printf_pre_padding)
    _printf_pre_padding                      0x00004269   Thumb Code    44  printfa.o(i._printf_pre_padding)
    i._sputc                                 0x00004294   Section        0  printfa.o(i._sputc)
    _sputc                                   0x00004295   Thumb Code    10  printfa.o(i._sputc)
    i.ct16b1_timer_init                      0x000042a0   Section        0  timer.o(i.ct16b1_timer_init)
    i.delay_ms                               0x000042ec   Section        0  delay.o(i.delay_ms)
    i.fputc                                  0x00004300   Section        0  rs485.o(i.fputc)
    i.gpio_get_bitval                        0x00004324   Section        0  gpio.o(i.gpio_get_bitval)
    i.gpio_set_bitval                        0x00004338   Section        0  gpio.o(i.gpio_set_bitval)
    i.gpio_set_dir                           0x00004354   Section        0  gpio.o(i.gpio_set_dir)
    i.main                                   0x00004370   Section        0  main.o(i.main)
    i.syscon_ahb_enable                      0x00004450   Section        0  syscon.o(i.syscon_ahb_enable)
    i.syscon_pd_on                           0x00004464   Section        0  syscon.o(i.syscon_pd_on)
    i.syscon_uart0_div                       0x00004474   Section        0  syscon.o(i.syscon_uart0_div)
    i.syscon_wdt_clk_update                  0x00004480   Section        0  syscon.o(i.syscon_wdt_clk_update)
    i.syscon_wdt_div                         0x00004494   Section        0  syscon.o(i.syscon_wdt_div)
    i.syscon_wdt_osc                         0x000044a0   Section        0  syscon.o(i.syscon_wdt_osc)
    i.systick_init                           0x000044b0   Section        0  systick.o(i.systick_init)
    i.uart0_init                             0x000044f0   Section        0  uart.o(i.uart0_init)
    i.uart0_send_byte                        0x00004574   Section        0  uart.o(i.uart0_send_byte)
    i.uart1_init                             0x00004584   Section        0  uart.o(i.uart1_init)
    i.uart1_send_byte                        0x00004604   Section        0  uart.o(i.uart1_send_byte)
    i.wdt_feed                               0x00004614   Section        0  wdt.o(i.wdt_feed)
    i.wdt_init                               0x00004628   Section        0  wdt.o(i.wdt_init)
    .constdata                               0x00004660   Section        7  shell.o(.constdata)
    .constdata                               0x00004668   Section       80  jwlock.o(.constdata)
    .constdata                               0x000046b8   Section       64  ctype_c.o(.constdata)
    .conststring                             0x000046f8   Section      278  shell.o(.conststring)
    .data                                    0x100000c0   Section        4  system_lpc112x.o(.data)
    .data                                    0x100000c4   Section        4  systimer.o(.data)
    SysTimeTick                              0x100000c4   Data           4  systimer.o(.data)
    .data                                    0x100000c8   Section        8  jwlock.o(.data)
    JwLockWaitRsp                            0x100000c8   Data           1  jwlock.o(.data)
    JwLockOpenFlag                           0x100000c9   Data           1  jwlock.o(.data)
    JwLockTick                               0x100000cc   Data           4  jwlock.o(.data)
    .data                                    0x100000d0   Section        8  beep.o(.data)
    BeepFlag                                 0x100000d0   Data           1  beep.o(.data)
    BeepTick                                 0x100000d4   Data           4  beep.o(.data)
    .data                                    0x100000d8   Section        8  bles02.o(.data)
    BleS02WaitFlag                           0x100000d8   Data           1  bles02.o(.data)
    BleS02IsTTM                              0x100000d9   Data           1  bles02.o(.data)
    BleS02RLen                               0x100000da   Data           2  bles02.o(.data)
    BleS02RecvTTMTimeout                     0x100000dc   Data           4  bles02.o(.data)
    .data                                    0x100000e0   Section        8  key.o(.data)
    KeySta                                   0x100000e0   Data           1  key.o(.data)
    KeyTime                                  0x100000e4   Data           4  key.o(.data)
    .data                                    0x100000e8   Section        4  rs485.o(.data)
    .data                                    0x100000ec   Section        4  stdout.o(.data)
    .bss                                     0x100000f0   Section       39  sysinfo.o(.bss)
    g_sys_info                               0x100000f0   Data          39  sysinfo.o(.bss)
    .bss                                     0x10000117   Section      256  bles02.o(.bss)
    BleS02RBuf                               0x10000117   Data         256  bles02.o(.bss)
    .bss                                     0x10000217   Section      256  rs485.o(.bss)
    STACK                                    0x10000318   Section     2048  startup_lpc112x.o(STACK)

    Global Symbols

    Symbol Name                              Value     Ov Type        Size  Object(Section)

    BuildAttributes$$THM_ISAv3M$S$PE$A:L22$X:L11$S22$IEEE1$IW$USESV6$~STKCKD$USESV7$~SHL$OSPACE$ROPI$EBA8$MICROLIB$REQ8$PRES8$EABIv2 0x00000000   Number         0  anon$$obj.o ABSOLUTE
    __ARM_use_no_argv                        0x00000000   Number         0  main.o ABSOLUTE
    _printf_a                                0x00000000   Number         0  stubs.o ABSOLUTE
    _printf_c                                0x00000000   Number         0  stubs.o ABSOLUTE
    _printf_charcount                        0x00000000   Number         0  stubs.o ABSOLUTE
    _printf_d                                0x00000000   Number         0  stubs.o ABSOLUTE
    _printf_e                                0x00000000   Number         0  stubs.o ABSOLUTE
    _printf_f                                0x00000000   Number         0  stubs.o ABSOLUTE
    _printf_flags                            0x00000000   Number         0  stubs.o ABSOLUTE
    _printf_fp_dec                           0x00000000   Number         0  stubs.o ABSOLUTE
    _printf_fp_hex                           0x00000000   Number         0  stubs.o ABSOLUTE
    _printf_g                                0x00000000   Number         0  stubs.o ABSOLUTE
    _printf_i                                0x00000000   Number         0  stubs.o ABSOLUTE
    _printf_int_dec                          0x00000000   Number         0  stubs.o ABSOLUTE
    _printf_l                                0x00000000   Number         0  stubs.o ABSOLUTE
    _printf_lc                               0x00000000   Number         0  stubs.o ABSOLUTE
    _printf_ll                               0x00000000   Number         0  stubs.o ABSOLUTE
    _printf_lld                              0x00000000   Number         0  stubs.o ABSOLUTE
    _printf_lli                              0x00000000   Number         0  stubs.o ABSOLUTE
    _printf_llo                              0x00000000   Number         0  stubs.o ABSOLUTE
    _printf_llu                              0x00000000   Number         0  stubs.o ABSOLUTE
    _printf_llx                              0x00000000   Number         0  stubs.o ABSOLUTE
    _printf_longlong_dec                     0x00000000   Number         0  stubs.o ABSOLUTE
    _printf_longlong_hex                     0x00000000   Number         0  stubs.o ABSOLUTE
    _printf_longlong_oct                     0x00000000   Number         0  stubs.o ABSOLUTE
    _printf_ls                               0x00000000   Number         0  stubs.o ABSOLUTE
    _printf_mbtowc                           0x00000000   Number         0  stubs.o ABSOLUTE
    _printf_n                                0x00000000   Number         0  stubs.o ABSOLUTE
    _printf_o                                0x00000000   Number         0  stubs.o ABSOLUTE
    _printf_p                                0x00000000   Number         0  stubs.o ABSOLUTE
    _printf_percent                          0x00000000   Number         0  stubs.o ABSOLUTE
    _printf_pre_padding                      0x00000000   Number         0  stubs.o ABSOLUTE
    _printf_return_value                     0x00000000   Number         0  stubs.o ABSOLUTE
    _printf_s                                0x00000000   Number         0  stubs.o ABSOLUTE
    _printf_sizespec                         0x00000000   Number         0  stubs.o ABSOLUTE
    _printf_str                              0x00000000   Number         0  stubs.o ABSOLUTE
    _printf_truncate_signed                  0x00000000   Number         0  stubs.o ABSOLUTE
    _printf_truncate_unsigned                0x00000000   Number         0  stubs.o ABSOLUTE
    _printf_u                                0x00000000   Number         0  stubs.o ABSOLUTE
    _printf_wc                               0x00000000   Number         0  stubs.o ABSOLUTE
    _printf_wctomb                           0x00000000   Number         0  stubs.o ABSOLUTE
    _printf_widthprec                        0x00000000   Number         0  stubs.o ABSOLUTE
    _printf_x                                0x00000000   Number         0  stubs.o ABSOLUTE
    __cpp_initialize__aeabi_                  - Undefined Weak Reference
    __cxa_finalize                            - Undefined Weak Reference
    __decompress                              - Undefined Weak Reference
    _clock_init                               - Undefined Weak Reference
    _microlib_exit                            - Undefined Weak Reference
    _scanf_longlong                           - Undefined Weak Reference
    _scanf_real                               - Undefined Weak Reference
    _scanf_string                             - Undefined Weak Reference
    __Vectors                                0x00001000   Data           4  startup_lpc112x.o(RESET)
    __main                                   0x000010c1   Thumb Code     0  entry.o(.ARM.Collect$$$$00000000)
    _main_stk                                0x000010c1   Thumb Code     0  entry2.o(.ARM.Collect$$$$00000001)
    _main_scatterload                        0x000010c5   Thumb Code     0  entry5.o(.ARM.Collect$$$$00000004)
    __main_after_scatterload                 0x000010c9   Thumb Code     0  entry5.o(.ARM.Collect$$$$00000004)
    _main_clock                              0x000010c9   Thumb Code     0  entry7b.o(.ARM.Collect$$$$00000008)
    _main_cpp_init                           0x000010c9   Thumb Code     0  entry8b.o(.ARM.Collect$$$$0000000A)
    _main_init                               0x000010c9   Thumb Code     0  entry9a.o(.ARM.Collect$$$$0000000B)
    __rt_final_cpp                           0x000010d1   Thumb Code     0  entry10a.o(.ARM.Collect$$$$0000000D)
    __rt_final_exit                          0x000010d1   Thumb Code     0  entry11a.o(.ARM.Collect$$$$0000000F)
    Reset_Handler                            0x000010d5   Thumb Code     8  startup_lpc112x.o(.text)
    NMI_Handler                              0x000010dd   Thumb Code     2  startup_lpc112x.o(.text)
    HardFault_Handler                        0x000010df   Thumb Code     2  startup_lpc112x.o(.text)
    SVC_Handler                              0x000010e1   Thumb Code     2  startup_lpc112x.o(.text)
    PendSV_Handler                           0x000010e3   Thumb Code     2  startup_lpc112x.o(.text)
    ADC_A_IRQHandler                         0x000010e7   Thumb Code     0  startup_lpc112x.o(.text)
    ADC_B_IRQHandler                         0x000010e7   Thumb Code     0  startup_lpc112x.o(.text)
    BOD_IRQHandler                           0x000010e7   Thumb Code     0  startup_lpc112x.o(.text)
    CT16B0_IRQHandler                        0x000010e7   Thumb Code     0  startup_lpc112x.o(.text)
    CT32B0_IRQHandler                        0x000010e7   Thumb Code     0  startup_lpc112x.o(.text)
    CT32B1_IRQHandler                        0x000010e7   Thumb Code     0  startup_lpc112x.o(.text)
    FLASH_IRQHandler                         0x000010e7   Thumb Code     0  startup_lpc112x.o(.text)
    GPIO0_IRQHandler                         0x000010e7   Thumb Code     0  startup_lpc112x.o(.text)
    GPIO1_IRQHandler                         0x000010e7   Thumb Code     0  startup_lpc112x.o(.text)
    GPIO2_IRQHandler                         0x000010e7   Thumb Code     0  startup_lpc112x.o(.text)
    GPIO3_IRQHandler                         0x000010e7   Thumb Code     0  startup_lpc112x.o(.text)
    I2C_IRQHandler                           0x000010e7   Thumb Code     0  startup_lpc112x.o(.text)
    PIO0_0_IRQHandler                        0x000010e7   Thumb Code     0  startup_lpc112x.o(.text)
    PIO0_10_IRQHandler                       0x000010e7   Thumb Code     0  startup_lpc112x.o(.text)
    PIO0_11_IRQHandler                       0x000010e7   Thumb Code     0  startup_lpc112x.o(.text)
    PIO0_1_IRQHandler                        0x000010e7   Thumb Code     0  startup_lpc112x.o(.text)
    PIO0_2_IRQHandler                        0x000010e7   Thumb Code     0  startup_lpc112x.o(.text)
    PIO0_3_IRQHandler                        0x000010e7   Thumb Code     0  startup_lpc112x.o(.text)
    PIO0_4_IRQHandler                        0x000010e7   Thumb Code     0  startup_lpc112x.o(.text)
    PIO0_5_IRQHandler                        0x000010e7   Thumb Code     0  startup_lpc112x.o(.text)
    PIO0_6_IRQHandler                        0x000010e7   Thumb Code     0  startup_lpc112x.o(.text)
    PIO0_7_IRQHandler                        0x000010e7   Thumb Code     0  startup_lpc112x.o(.text)
    PIO0_8_IRQHandler                        0x000010e7   Thumb Code     0  startup_lpc112x.o(.text)
    PIO0_9_IRQHandler                        0x000010e7   Thumb Code     0  startup_lpc112x.o(.text)
    PIO1_0_IRQHandler                        0x000010e7   Thumb Code     0  startup_lpc112x.o(.text)
    SSP0_IRQHandler                          0x000010e7   Thumb Code     0  startup_lpc112x.o(.text)
    SSP1_IRQHandler                          0x000010e7   Thumb Code     0  startup_lpc112x.o(.text)
    UART2_IRQHandler                         0x000010e7   Thumb Code     0  startup_lpc112x.o(.text)
    WDT_IRQHandler                           0x000010e7   Thumb Code     0  startup_lpc112x.o(.text)
    __aeabi_uidiv                            0x000010f1   Thumb Code     0  uidiv.o(.text)
    __aeabi_uidivmod                         0x000010f1   Thumb Code    44  uidiv.o(.text)
    __aeabi_memcpy                           0x0000111d   Thumb Code    36  memcpya.o(.text)
    __aeabi_memcpy4                          0x0000111d   Thumb Code     0  memcpya.o(.text)
    __aeabi_memcpy8                          0x0000111d   Thumb Code     0  memcpya.o(.text)
    __aeabi_memset                           0x00001141   Thumb Code    14  memseta.o(.text)
    __aeabi_memset4                          0x00001141   Thumb Code     0  memseta.o(.text)
    __aeabi_memset8                          0x00001141   Thumb Code     0  memseta.o(.text)
    __aeabi_memclr                           0x0000114f   Thumb Code     4  memseta.o(.text)
    __aeabi_memclr4                          0x0000114f   Thumb Code     0  memseta.o(.text)
    __aeabi_memclr8                          0x0000114f   Thumb Code     0  memseta.o(.text)
    _memset$wrapper                          0x00001153   Thumb Code    18  memseta.o(.text)
    strstr                                   0x00001165   Thumb Code    40  strstr.o(.text)
    strchr                                   0x0000118d   Thumb Code    20  strchr.o(.text)
    strlen                                   0x000011a1   Thumb Code    14  strlen.o(.text)
    memcmp                                   0x000011af   Thumb Code    26  memcmp.o(.text)
    strcpy                                   0x000011c9   Thumb Code    18  strcpy.o(.text)
    __aeabi_uread4                           0x000011db   Thumb Code    20  uread4.o(.text)
    __rt_uread4                              0x000011db   Thumb Code     0  uread4.o(.text)
    _uread4                                  0x000011db   Thumb Code     0  uread4.o(.text)
    __aeabi_uwrite4                          0x000011ef   Thumb Code    18  uwrite4.o(.text)
    __rt_uwrite4                             0x000011ef   Thumb Code     0  uwrite4.o(.text)
    _uwrite4                                 0x000011ef   Thumb Code     0  uwrite4.o(.text)
    __0sscanf                                0x00001201   Thumb Code    50  __0sscanf.o(.text)
    _scanf_int                               0x0000123d   Thumb Code   330  _scanf_int.o(.text)
    __aeabi_dmul                             0x00001389   Thumb Code   202  dmul.o(.text)
    __aeabi_ddiv                             0x00001459   Thumb Code   234  ddiv.o(.text)
    __aeabi_ui2d                             0x00001549   Thumb Code    24  dfltui.o(.text)
    __aeabi_d2uiz                            0x00001565   Thumb Code    50  dfixui.o(.text)
    __aeabi_uldivmod                         0x000015a1   Thumb Code    96  uldiv.o(.text)
    __aeabi_llsr                             0x00001601   Thumb Code    34  llushr.o(.text)
    _ll_ushift_r                             0x00001601   Thumb Code     0  llushr.o(.text)
    _chval                                   0x00001623   Thumb Code    30  _chval.o(.text)
    __vfscanf_char                           0x0000164d   Thumb Code    24  scanf_char.o(.text)
    _sgetc                                   0x0000166d   Thumb Code    32  _sgetc.o(.text)
    _sbackspace                              0x0000168d   Thumb Code    36  _sgetc.o(.text)
    __I$use$fp                               0x000016b1   Thumb Code     0  iusefp.o(.text)
    _double_round                            0x000016b1   Thumb Code    26  depilogue.o(.text)
    _double_epilogue                         0x000016cb   Thumb Code   164  depilogue.o(.text)
    __aeabi_dadd                             0x00001771   Thumb Code   328  dadd.o(.text)
    __aeabi_dsub                             0x000018b9   Thumb Code    12  dadd.o(.text)
    __aeabi_drsub                            0x000018c5   Thumb Code    12  dadd.o(.text)
    __aeabi_d2ulz                            0x000018d5   Thumb Code    54  dfixul.o(.text)
    __aeabi_cdrcmple                         0x00001915   Thumb Code    38  cdrcmple.o(.text)
    __scatterload                            0x0000193d   Thumb Code    28  init.o(.text)
    __scatterload_rt2                        0x0000193d   Thumb Code     0  init.o(.text)
    __aeabi_llsl                             0x00001961   Thumb Code    32  llshl.o(.text)
    _ll_shift_l                              0x00001961   Thumb Code     0  llshl.o(.text)
    __aeabi_lasr                             0x00001981   Thumb Code    38  llsshr.o(.text)
    _ll_sshift_r                             0x00001981   Thumb Code     0  llsshr.o(.text)
    isspace                                  0x000019a7   Thumb Code    14  isspace_c.o(.text)
    __vfscanf                                0x000019b5   Thumb Code   812  _scanf.o(.text)
    __ctype_lookup                           0x00001ced   Thumb Code    32  ctype_c.o(.text)
    BeepHandler                              0x00001d11   Thumb Code    38  beep.o(i.BeepHandler)
    BeepInit                                 0x00001d41   Thumb Code    36  beep.o(i.BeepInit)
    BeepLongRing                             0x00001d6d   Thumb Code    24  beep.o(i.BeepLongRing)
    BeepThreeRing                            0x00001d8d   Thumb Code    56  beep.o(i.BeepThreeRing)
    BleS02GlobalScan                         0x00001dc9   Thumb Code   224  bles02.o(i.BleS02GlobalScan)
    BleS02Handler                            0x00001ee5   Thumb Code    16  bles02.o(i.BleS02Handler)
    BleS02Init                               0x00001ef9   Thumb Code    34  bles02.o(i.BleS02Init)
    BleS02LinkWithIndex                      0x00002035   Thumb Code    80  bles02.o(i.BleS02LinkWithIndex)
    BleS02LinkWithMac                        0x00002099   Thumb Code    88  bles02.o(i.BleS02LinkWithMac)
    BleS02Recv                               0x00002105   Thumb Code    64  bles02.o(i.BleS02Recv)
    BleS02Send                               0x0000214d   Thumb Code    42  bles02.o(i.BleS02Send)
    BleS02Standby                            0x0000217d   Thumb Code    74  bles02.o(i.BleS02Standby)
    BleS02WaitResp                           0x000021dd   Thumb Code   106  bles02.o(i.BleS02WaitResp)
    CT16B1_IRQHandler                        0x00002265   Thumb Code    14  systimer.o(i.CT16B1_IRQHandler)
    FrameDataCreate                          0x00002279   Thumb Code   106  frame.o(i.FrameDataCreate)
    FrameDataParse                           0x000022e3   Thumb Code   132  frame.o(i.FrameDataParse)
    FrameRecv                                0x0000257d   Thumb Code   182  frame.o(i.FrameRecv)
    FrameSend                                0x00002681   Thumb Code   132  frame.o(i.FrameSend)
    JwLockClose                              0x0000270d   Thumb Code    52  jwlock.o(i.JwLockClose)
    JwLockGetOpenRecord                      0x00002971   Thumb Code    84  jwlock.o(i.JwLockGetOpenRecord)
    JwLockGetSta                             0x000029cd   Thumb Code    50  jwlock.o(i.JwLockGetSta)
    JwLockHandler                            0x00002a09   Thumb Code    34  jwlock.o(i.JwLockHandler)
    JwLockInit                               0x00002a31   Thumb Code   296  jwlock.o(i.JwLockInit)
    JwLockOpen                               0x00002ba9   Thumb Code    54  jwlock.o(i.JwLockOpen)
    JwLockRecv                               0x00002bed   Thumb Code   104  jwlock.o(i.JwLockRecv)
    JwLockSetTime                            0x00002c61   Thumb Code    66  jwlock.o(i.JwLockSetTime)
    KeyInit                                  0x00002cad   Thumb Code    34  key.o(i.KeyInit)
    KeyMgrInit                               0x00002cd5   Thumb Code     8  keymgr.o(i.KeyMgrInit)
    KeyMgrListened                           0x00002cdd   Thumb Code    20  keymgr.o(i.KeyMgrListened)
    KeyScan                                  0x00002cf1   Thumb Code    56  key.o(i.KeyScan)
    KeyStaSwitch                             0x00002d29   Thumb Code    88  key.o(i.KeyStaSwitch)
    RS485Init                                0x00002e25   Thumb Code    74  rs485.o(i.RS485Init)
    RS485Recv                                0x00002e7d   Thumb Code    70  rs485.o(i.RS485Recv)
    RS485Send                                0x00002ecd   Thumb Code    46  rs485.o(i.RS485Send)
    ShellCmdParse                            0x00002f01   Thumb Code   288  shell.o(i.ShellCmdParse)
    ShellCmdRecv                             0x00003065   Thumb Code    46  shell.o(i.ShellCmdRecv)
    SysInfoBleInfoSet                        0x000030b9   Thumb Code    86  sysinfo.o(i.SysInfoBleInfoSet)
    SysInfoBleIsNull                         0x00003115   Thumb Code    40  sysinfo.o(i.SysInfoBleIsNull)
    SysInfoIDSet                             0x0000317d   Thumb Code    34  sysinfo.o(i.SysInfoIDSet)
    SysInfoInit                              0x000031a5   Thumb Code   106  sysinfo.o(i.SysInfoInit)
    SysInfoReset                             0x000032b5   Thumb Code    88  sysinfo.o(i.SysInfoReset)
    SysInfoRoomNumGet                        0x0000331d   Thumb Code    16  sysinfo.o(i.SysInfoRoomNumGet)
    SysInfoRoomNumSet                        0x00003331   Thumb Code    38  sysinfo.o(i.SysInfoRoomNumSet)
    SysTick_Handler                          0x0000335d   Thumb Code    24  systimer.o(i.SysTick_Handler)
    SysTimerGet                              0x00003379   Thumb Code     6  systimer.o(i.SysTimerGet)
    SysTimerInit                             0x00003385   Thumb Code    18  systimer.o(i.SysTimerInit)
    SystemCoreClockUpdate                    0x0000339d   Thumb Code   216  system_lpc112x.o(i.SystemCoreClockUpdate)
    SystemInit                               0x000034bd   Thumb Code    80  system_lpc112x.o(i.SystemInit)
    UART0_IRQHandler                         0x00003515   Thumb Code    56  rs485.o(i.UART0_IRQHandler)
    UART1_IRQHandler                         0x00003555   Thumb Code    98  bles02.o(i.UART1_IRQHandler)
    UpdateInfoAppCodeErase                   0x000035c5   Thumb Code    26  updateinfo.o(i.UpdateInfoAppCodeErase)
    UpdateInfoAppCodeSave                    0x000035df   Thumb Code     8  updateinfo.o(i.UpdateInfoAppCodeSave)
    UpdateInfoSet                            0x000035e7   Thumb Code    24  updateinfo.o(i.UpdateInfoSet)
    W25qFlashEraseSector                     0x00003655   Thumb Code    80  w25qflash.o(i.W25qFlashEraseSector)
    W25qFlashInit                            0x000036a9   Thumb Code   122  w25qflash.o(i.W25qFlashInit)
    W25qFlashIsBusy                          0x00003735   Thumb Code    44  w25qflash.o(i.W25qFlashIsBusy)
    W25qFlashReadData                        0x000037b5   Thumb Code    94  w25qflash.o(i.W25qFlashReadData)
    W25qFlashReadID                          0x00003819   Thumb Code    70  w25qflash.o(i.W25qFlashReadID)
    W25qFlashWriteAPage                      0x0000388d   Thumb Code    98  w25qflash.o(i.W25qFlashWriteAPage)
    W25qFlashWriteData                       0x0000391d   Thumb Code    54  w25qflash.o(i.W25qFlashWriteData)
    __0printf                                0x00003955   Thumb Code    24  printfa.o(i.__0printf)
    __1printf                                0x00003955   Thumb Code     0  printfa.o(i.__0printf)
    __2printf                                0x00003955   Thumb Code     0  printfa.o(i.__0printf)
    __c89printf                              0x00003955   Thumb Code     0  printfa.o(i.__0printf)
    printf                                   0x00003955   Thumb Code     0  printfa.o(i.__0printf)
    __0sprintf                               0x00003975   Thumb Code    36  printfa.o(i.__0sprintf)
    __1sprintf                               0x00003975   Thumb Code     0  printfa.o(i.__0sprintf)
    __2sprintf                               0x00003975   Thumb Code     0  printfa.o(i.__0sprintf)
    __c89sprintf                             0x00003975   Thumb Code     0  printfa.o(i.__0sprintf)
    sprintf                                  0x00003975   Thumb Code     0  printfa.o(i.__0sprintf)
    __ARM_clz                                0x0000399d   Thumb Code    46  depilogue.o(i.__ARM_clz)
    __ARM_common_switch8                     0x000039cb   Thumb Code    26  system_lpc112x.o(i.__ARM_common_switch8)
    __scatterload_copy                       0x000039e5   Thumb Code    14  handlers.o(i.__scatterload_copy)
    __scatterload_null                       0x000039f3   Thumb Code     2  handlers.o(i.__scatterload_null)
    __scatterload_zeroinit                   0x000039f5   Thumb Code    14  handlers.o(i.__scatterload_zeroinit)
    ct16b1_timer_init                        0x000042a1   Thumb Code    68  timer.o(i.ct16b1_timer_init)
    delay_ms                                 0x000042ed   Thumb Code    16  delay.o(i.delay_ms)
    fputc                                    0x00004301   Thumb Code    32  rs485.o(i.fputc)
    gpio_get_bitval                          0x00004325   Thumb Code    20  gpio.o(i.gpio_get_bitval)
    gpio_set_bitval                          0x00004339   Thumb Code    28  gpio.o(i.gpio_set_bitval)
    gpio_set_dir                             0x00004355   Thumb Code    26  gpio.o(i.gpio_set_dir)
    main                                     0x00004371   Thumb Code   116  main.o(i.main)
    syscon_ahb_enable                        0x00004451   Thumb Code    14  syscon.o(i.syscon_ahb_enable)
    syscon_pd_on                             0x00004465   Thumb Code    10  syscon.o(i.syscon_pd_on)
    syscon_uart0_div                         0x00004475   Thumb Code     6  syscon.o(i.syscon_uart0_div)
    syscon_wdt_clk_update                    0x00004481   Thumb Code    16  syscon.o(i.syscon_wdt_clk_update)
    syscon_wdt_div                           0x00004495   Thumb Code     6  syscon.o(i.syscon_wdt_div)
    syscon_wdt_osc                           0x000044a1   Thumb Code    10  syscon.o(i.syscon_wdt_osc)
    systick_init                             0x000044b1   Thumb Code    48  systick.o(i.systick_init)
    uart0_init                               0x000044f1   Thumb Code   110  uart.o(i.uart0_init)
    uart0_send_byte                          0x00004575   Thumb Code    12  uart.o(i.uart0_send_byte)
    uart1_init                               0x00004585   Thumb Code   108  uart.o(i.uart1_init)
    uart1_send_byte                          0x00004605   Thumb Code    12  uart.o(i.uart1_send_byte)
    wdt_feed                                 0x00004615   Thumb Code    16  wdt.o(i.wdt_feed)
    wdt_init                                 0x00004629   Thumb Code    46  wdt.o(i.wdt_init)
    __ctype_categories                       0x000046b8   Data          64  ctype_c.o(.constdata)
    Region$$Table$$Base                      0x00004810   Number         0  anon$$obj.o(Region$$Table)
    Region$$Table$$Limit                     0x00004830   Number         0  anon$$obj.o(Region$$Table)
    SystemCoreClock                          0x100000c0   Data           4  system_lpc112x.o(.data)
    UsartRecvMode                            0x100000e8   Data           1  rs485.o(.data)
    UsartLen                                 0x100000ea   Data           2  rs485.o(.data)
    __stdout                                 0x100000ec   Data           4  stdout.o(.data)
    UsartBuf                                 0x10000217   Data         256  rs485.o(.bss)
    __initial_sp                             0x10000b18   Data           0  startup_lpc112x.o(STACK)



==============================================================================

Memory Map of the image

  Image Entry point : 0x000010c1

  Load Region LR_IROM1 (Base: 0x00001000, Size: 0x00003860, Max: 0x0000f000, ABSOLUTE)

    Execution Region ER_IROM1 (Base: 0x00001000, Size: 0x00003830, Max: 0x0000f000, ABSOLUTE)

    Base Addr    Size         Type   Attr      Idx    E Section Name        Object

    0x00001000   0x000000c0   Data   RO          154    RESET               startup_lpc112x.o
    0x000010c0   0x00000000   Code   RO         1308  * .ARM.Collect$$$$00000000  mc_p.l(entry.o)
    0x000010c0   0x00000004   Code   RO         1606    .ARM.Collect$$$$00000001  mc_p.l(entry2.o)
    0x000010c4   0x00000004   Code   RO         1609    .ARM.Collect$$$$00000004  mc_p.l(entry5.o)
    0x000010c8   0x00000000   Code   RO         1611    .ARM.Collect$$$$00000008  mc_p.l(entry7b.o)
    0x000010c8   0x00000000   Code   RO         1613    .ARM.Collect$$$$0000000A  mc_p.l(entry8b.o)
    0x000010c8   0x00000008   Code   RO         1614    .ARM.Collect$$$$0000000B  mc_p.l(entry9a.o)
    0x000010d0   0x00000000   Code   RO         1616    .ARM.Collect$$$$0000000D  mc_p.l(entry10a.o)
    0x000010d0   0x00000000   Code   RO         1618    .ARM.Collect$$$$0000000F  mc_p.l(entry11a.o)
    0x000010d0   0x00000004   Code   RO         1607    .ARM.Collect$$$$00002712  mc_p.l(entry2.o)
    0x000010d4   0x0000001c   Code   RO          155    .text               startup_lpc112x.o
    0x000010f0   0x0000002c   Code   RO         1311    .text               mc_p.l(uidiv.o)
    0x0000111c   0x00000024   Code   RO         1313    .text               mc_p.l(memcpya.o)
    0x00001140   0x00000024   Code   RO         1315    .text               mc_p.l(memseta.o)
    0x00001164   0x00000028   Code   RO         1317    .text               mc_p.l(strstr.o)
    0x0000118c   0x00000014   Code   RO         1319    .text               mc_p.l(strchr.o)
    0x000011a0   0x0000000e   Code   RO         1321    .text               mc_p.l(strlen.o)
    0x000011ae   0x0000001a   Code   RO         1323    .text               mc_p.l(memcmp.o)
    0x000011c8   0x00000012   Code   RO         1325    .text               mc_p.l(strcpy.o)
    0x000011da   0x00000014   Code   RO         1590    .text               mc_p.l(uread4.o)
    0x000011ee   0x00000012   Code   RO         1592    .text               mc_p.l(uwrite4.o)
    0x00001200   0x0000003c   Code   RO         1594    .text               mc_p.l(__0sscanf.o)
    0x0000123c   0x0000014a   Code   RO         1596    .text               mc_p.l(_scanf_int.o)
    0x00001386   0x00000002   PAD
    0x00001388   0x000000d0   Code   RO         1598    .text               mf_p.l(dmul.o)
    0x00001458   0x000000f0   Code   RO         1600    .text               mf_p.l(ddiv.o)
    0x00001548   0x0000001c   Code   RO         1602    .text               mf_p.l(dfltui.o)
    0x00001564   0x0000003c   Code   RO         1604    .text               mf_p.l(dfixui.o)
    0x000015a0   0x00000060   Code   RO         1621    .text               mc_p.l(uldiv.o)
    0x00001600   0x00000022   Code   RO         1623    .text               mc_p.l(llushr.o)
    0x00001622   0x0000001e   Code   RO         1625    .text               mc_p.l(_chval.o)
    0x00001640   0x0000002c   Code   RO         1627    .text               mc_p.l(scanf_char.o)
    0x0000166c   0x00000044   Code   RO         1629    .text               mc_p.l(_sgetc.o)
    0x000016b0   0x00000000   Code   RO         1631    .text               mc_p.l(iusefp.o)
    0x000016b0   0x000000be   Code   RO         1632    .text               mf_p.l(depilogue.o)
    0x0000176e   0x00000002   PAD
    0x00001770   0x00000164   Code   RO         1636    .text               mf_p.l(dadd.o)
    0x000018d4   0x00000040   Code   RO         1638    .text               mf_p.l(dfixul.o)
    0x00001914   0x00000028   Code   RO         1640    .text               mf_p.l(cdrcmple.o)
    0x0000193c   0x00000024   Code   RO         1642    .text               mc_p.l(init.o)
    0x00001960   0x00000020   Code   RO         1644    .text               mc_p.l(llshl.o)
    0x00001980   0x00000026   Code   RO         1646    .text               mc_p.l(llsshr.o)
    0x000019a6   0x0000000e   Code   RO         1648    .text               mc_p.l(isspace_c.o)
    0x000019b4   0x00000338   Code   RO         1650    .text               mc_p.l(_scanf.o)
    0x00001cec   0x00000024   Code   RO         1652    .text               mc_p.l(ctype_c.o)
    0x00001d10   0x00000030   Code   RO          534    i.BeepHandler       beep.o
    0x00001d40   0x0000002c   Code   RO          535    i.BeepInit          beep.o
    0x00001d6c   0x00000020   Code   RO          536    i.BeepLongRing      beep.o
    0x00001d8c   0x0000003c   Code   RO          537    i.BeepThreeRing     beep.o
    0x00001dc8   0x0000011c   Code   RO          574    i.BleS02GlobalScan  bles02.o
    0x00001ee4   0x00000014   Code   RO          575    i.BleS02Handler     bles02.o
    0x00001ef8   0x00000028   Code   RO          576    i.BleS02Init        bles02.o
    0x00001f20   0x0000005c   Code   RO          577    i.BleS02IntDealGS   bles02.o
    0x00001f7c   0x0000005c   Code   RO          578    i.BleS02IntDealLink  bles02.o
    0x00001fd8   0x0000005c   Code   RO          579    i.BleS02IntDealStandby  bles02.o
    0x00002034   0x00000064   Code   RO          580    i.BleS02LinkWithIndex  bles02.o
    0x00002098   0x0000006c   Code   RO          581    i.BleS02LinkWithMac  bles02.o
    0x00002104   0x00000048   Code   RO          582    i.BleS02Recv        bles02.o
    0x0000214c   0x00000030   Code   RO          583    i.BleS02Send        bles02.o
    0x0000217c   0x00000060   Code   RO          584    i.BleS02Standby     bles02.o
    0x000021dc   0x00000088   Code   RO          585    i.BleS02WaitResp    bles02.o
    0x00002264   0x00000014   Code   RO          218    i.CT16B1_IRQHandler  systimer.o
    0x00002278   0x0000006a   Code   RO          414    i.FrameDataCreate   frame.o
    0x000022e2   0x00000084   Code   RO          415    i.FrameDataParse    frame.o
    0x00002366   0x00000002   PAD
    0x00002368   0x00000214   Code   RO          416    i.FrameDealFirmwareUpdate  frame.o
    0x0000257c   0x00000104   Code   RO          417    i.FrameRecv         frame.o
    0x00002680   0x0000008c   Code   RO          418    i.FrameSend         frame.o
    0x0000270c   0x0000003c   Code   RO          339    i.JwLockClose       jwlock.o
    0x00002748   0x00000124   Code   RO          340    i.JwLockDealLockStaInfo  jwlock.o
    0x0000286c   0x00000104   Code   RO          341    i.JwLockDealOpenRecord  jwlock.o
    0x00002970   0x0000005c   Code   RO          342    i.JwLockGetOpenRecord  jwlock.o
    0x000029cc   0x0000003c   Code   RO          343    i.JwLockGetSta      jwlock.o
    0x00002a08   0x00000028   Code   RO          344    i.JwLockHandler     jwlock.o
    0x00002a30   0x00000178   Code   RO          345    i.JwLockInit        jwlock.o
    0x00002ba8   0x00000044   Code   RO          346    i.JwLockOpen        jwlock.o
    0x00002bec   0x00000074   Code   RO          347    i.JwLockRecv        jwlock.o
    0x00002c60   0x0000004c   Code   RO          348    i.JwLockSetTime     jwlock.o
    0x00002cac   0x00000028   Code   RO          666    i.KeyInit           key.o
    0x00002cd4   0x00000008   Code   RO          455    i.KeyMgrInit        keymgr.o
    0x00002cdc   0x00000014   Code   RO          456    i.KeyMgrListened    keymgr.o
    0x00002cf0   0x00000038   Code   RO          667    i.KeyScan           key.o
    0x00002d28   0x00000060   Code   RO          668    i.KeyStaSwitch      key.o
    0x00002d88   0x00000014   Code   RO          926    i.NVIC_EnableIRQ    timer.o
    0x00002d9c   0x00000044   Code   RO          850    i.NVIC_SetPriority  uart.o
    0x00002de0   0x00000044   Code   RO          927    i.NVIC_SetPriority  timer.o
    0x00002e24   0x00000058   Code   RO          789    i.RS485Init         rs485.o
    0x00002e7c   0x00000050   Code   RO          790    i.RS485Recv         rs485.o
    0x00002ecc   0x00000034   Code   RO          791    i.RS485Send         rs485.o
    0x00002f00   0x00000164   Code   RO          179    i.ShellCmdParse     shell.o
    0x00003064   0x0000003c   Code   RO          180    i.ShellCmdRecv      shell.o
    0x000030a0   0x00000018   Code   RO          181    i.ShellShowHelp     shell.o
    0x000030b8   0x0000005c   Code   RO          265    i.SysInfoBleInfoSet  sysinfo.o
    0x00003114   0x00000034   Code   RO          266    i.SysInfoBleIsNull  sysinfo.o
    0x00003148   0x00000034   Code   RO          267    i.SysInfoDefault    sysinfo.o
    0x0000317c   0x00000028   Code   RO          269    i.SysInfoIDSet      sysinfo.o
    0x000031a4   0x00000110   Code   RO          270    i.SysInfoInit       sysinfo.o
    0x000032b4   0x00000068   Code   RO          271    i.SysInfoReset      sysinfo.o
    0x0000331c   0x00000014   Code   RO          272    i.SysInfoRoomNumGet  sysinfo.o
    0x00003330   0x0000002c   Code   RO          273    i.SysInfoRoomNumSet  sysinfo.o
    0x0000335c   0x0000001c   Code   RO          219    i.SysTick_Handler   systimer.o
    0x00003378   0x0000000c   Code   RO          221    i.SysTimerGet       systimer.o
    0x00003384   0x00000018   Code   RO          222    i.SysTimerInit      systimer.o
    0x0000339c   0x00000120   Code   RO          120    i.SystemCoreClockUpdate  system_lpc112x.o
    0x000034bc   0x00000058   Code   RO          121    i.SystemInit        system_lpc112x.o
    0x00003514   0x00000040   Code   RO          792    i.UART0_IRQHandler  rs485.o
    0x00003554   0x00000070   Code   RO          586    i.UART1_IRQHandler  bles02.o
    0x000035c4   0x0000001a   Code   RO          475    i.UpdateInfoAppCodeErase  updateinfo.o
    0x000035de   0x00000008   Code   RO          476    i.UpdateInfoAppCodeSave  updateinfo.o
    0x000035e6   0x00000018   Code   RO          479    i.UpdateInfoSet     updateinfo.o
    0x000035fe   0x00000002   PAD
    0x00003600   0x00000028   Code   RO          793    i.UsartIntDealRs485  rs485.o
    0x00003628   0x0000002c   Code   RO          794    i.UsartIntDealShell  rs485.o
    0x00003654   0x00000054   Code   RO          702    i.W25qFlashEraseSector  w25qflash.o
    0x000036a8   0x0000008c   Code   RO          703    i.W25qFlashInit     w25qflash.o
    0x00003734   0x00000030   Code   RO          704    i.W25qFlashIsBusy   w25qflash.o
    0x00003764   0x00000050   Code   RO          706    i.W25qFlashRWBytes  w25qflash.o
    0x000037b4   0x00000064   Code   RO          707    i.W25qFlashReadData  w25qflash.o
    0x00003818   0x0000004c   Code   RO          708    i.W25qFlashReadID   w25qflash.o
    0x00003864   0x00000028   Code   RO          709    i.W25qFlashWaitIdle  w25qflash.o
    0x0000388c   0x00000068   Code   RO          710    i.W25qFlashWriteAPage  w25qflash.o
    0x000038f4   0x00000028   Code   RO          711    i.W25qFlashWriteControl  w25qflash.o
    0x0000391c   0x00000036   Code   RO          712    i.W25qFlashWriteData  w25qflash.o
    0x00003952   0x00000002   PAD
    0x00003954   0x00000020   Code   RO         1562    i.__0printf         mc_p.l(printfa.o)
    0x00003974   0x00000028   Code   RO         1564    i.__0sprintf        mc_p.l(printfa.o)
    0x0000399c   0x0000002e   Code   RO         1634    i.__ARM_clz         mf_p.l(depilogue.o)
    0x000039ca   0x0000001a   Code   RO          144    i.__ARM_common_switch8  system_lpc112x.o
    0x000039e4   0x0000000e   Code   RO         1657    i.__scatterload_copy  mc_p.l(handlers.o)
    0x000039f2   0x00000002   Code   RO         1658    i.__scatterload_null  mc_p.l(handlers.o)
    0x000039f4   0x0000000e   Code   RO         1659    i.__scatterload_zeroinit  mc_p.l(handlers.o)
    0x00003a02   0x00000002   PAD
    0x00003a04   0x00000158   Code   RO         1569    i._fp_digits        mc_p.l(printfa.o)
    0x00003b5c   0x000006ec   Code   RO         1570    i._printf_core      mc_p.l(printfa.o)
    0x00004248   0x00000020   Code   RO         1571    i._printf_post_padding  mc_p.l(printfa.o)
    0x00004268   0x0000002c   Code   RO         1572    i._printf_pre_padding  mc_p.l(printfa.o)
    0x00004294   0x0000000a   Code   RO         1574    i._sputc            mc_p.l(printfa.o)
    0x0000429e   0x00000002   PAD
    0x000042a0   0x0000004c   Code   RO          938    i.ct16b1_timer_init  timer.o
    0x000042ec   0x00000014   Code   RO          159    i.delay_ms          delay.o
    0x00004300   0x00000024   Code   RO          795    i.fputc             rs485.o
    0x00004324   0x00000014   Code   RO         1210    i.gpio_get_bitval   gpio.o
    0x00004338   0x0000001c   Code   RO         1212    i.gpio_set_bitval   gpio.o
    0x00004354   0x0000001a   Code   RO         1213    i.gpio_set_dir      gpio.o
    0x0000436e   0x00000002   PAD
    0x00004370   0x000000e0   Code   RO            3    i.main              main.o
    0x00004450   0x00000014   Code   RO         1099    i.syscon_ahb_enable  syscon.o
    0x00004464   0x00000010   Code   RO         1104    i.syscon_pd_on      syscon.o
    0x00004474   0x0000000c   Code   RO         1110    i.syscon_uart0_div  syscon.o
    0x00004480   0x00000014   Code   RO         1111    i.syscon_wdt_clk_update  syscon.o
    0x00004494   0x0000000c   Code   RO         1112    i.syscon_wdt_div    syscon.o
    0x000044a0   0x00000010   Code   RO         1113    i.syscon_wdt_osc    syscon.o
    0x000044b0   0x00000040   Code   RO         1075    i.systick_init      systick.o
    0x000044f0   0x00000084   Code   RO          851    i.uart0_init        uart.o
    0x00004574   0x00000010   Code   RO          853    i.uart0_send_byte   uart.o
    0x00004584   0x00000080   Code   RO          854    i.uart1_init        uart.o
    0x00004604   0x00000010   Code   RO          856    i.uart1_send_byte   uart.o
    0x00004614   0x00000014   Code   RO         1284    i.wdt_feed          wdt.o
    0x00004628   0x00000038   Code   RO         1285    i.wdt_init          wdt.o
    0x00004660   0x00000007   Data   RO          182    .constdata          shell.o
    0x00004667   0x00000001   PAD
    0x00004668   0x00000050   Data   RO          349    .constdata          jwlock.o
    0x000046b8   0x00000040   Data   RO         1653    .constdata          mc_p.l(ctype_c.o)
    0x000046f8   0x00000116   Data   RO          183    .conststring        shell.o
    0x0000480e   0x00000002   PAD
    0x00004810   0x00000020   Data   RO         1655    Region$$Table       anon$$obj.o


    Execution Region RW_IRAM1 (Base: 0x100000c0, Size: 0x00000a58, Max: 0x00001f40, ABSOLUTE)

    Base Addr    Size         Type   Attr      Idx    E Section Name        Object

    0x100000c0   0x00000004   Data   RW          122    .data               system_lpc112x.o
    0x100000c4   0x00000004   Data   RW          223    .data               systimer.o
    0x100000c8   0x00000008   Data   RW          350    .data               jwlock.o
    0x100000d0   0x00000008   Data   RW          538    .data               beep.o
    0x100000d8   0x00000008   Data   RW          588    .data               bles02.o
    0x100000e0   0x00000008   Data   RW          669    .data               key.o
    0x100000e8   0x00000004   Data   RW          797    .data               rs485.o
    0x100000ec   0x00000004   Data   RW         1620    .data               mc_p.l(stdout.o)
    0x100000f0   0x00000027   Zero   RW          274    .bss                sysinfo.o
    0x10000117   0x00000100   Zero   RW          587    .bss                bles02.o
    0x10000217   0x00000100   Zero   RW          796    .bss                rs485.o
    0x10000317   0x00000001   PAD
    0x10000318   0x00000800   Zero   RW          152    STACK               startup_lpc112x.o


==============================================================================

Image component sizes


      Code (inc. data)   RO Data    RW Data    ZI Data      Debug   Object Name

       184         30          0          8          0       1952   beep.o
      1292        220          0          8        256       8088   bles02.o
        20          4          0          0          0        431   delay.o
      1170        236          0          0          0       4223   frame.o
        74          0          0          0          0       1651   gpio.o
      1440        412         80          8          0       7378   jwlock.o
       192         14          0          8          0       1651   key.o
        28          0          0          0          0        838   keymgr.o
       224        108          0          0          0      20220   main.o
       404         62          0          4        256       4321   rs485.o
       440         98        285          0          0       8007   shell.o
        28          8        192          0       2048        624   startup_lpc112x.o
        96         34          0          0          0       2460   syscon.o
       676        228          0          0         39       4471   sysinfo.o
       402         98          0          4          0       2703   system_lpc112x.o
        64         16          0          0          0       6243   systick.o
        84         22          0          4          0       1863   systimer.o
       164         22          0          0          0       1898   timer.o
       360         58          0          0          0       8046   uart.o
        58          0          0          0          0       2521   updateinfo.o
       766         62          0          0          0       5846   w25qflash.o
        76         14          0          0          0       1078   wdt.o

    ----------------------------------------------------------------------
      8250       1746        592         44       2600      96513   Object Totals
         0          0         32          0          0          0   (incl. Generated)
         8          0          3          0          1          0   (incl. Padding)

    ----------------------------------------------------------------------

      Code (inc. data)   RO Data    RW Data    ZI Data      Debug   Library Member Name

        60         10          0          0          0         84   __0sscanf.o
        30          0          0          0          0         60   _chval.o
       824         12          0          0          0         84   _scanf.o
       330          0          0          0          0         84   _scanf_int.o
        68          0          0          0          0         76   _sgetc.o
        36          4         64          0          0         60   ctype_c.o
         0          0          0          0          0          0   entry.o
         0          0          0          0          0          0   entry10a.o
         0          0          0          0          0          0   entry11a.o
         8          4          0          0          0          0   entry2.o
         4          0          0          0          0          0   entry5.o
         0          0          0          0          0          0   entry7b.o
         0          0          0          0          0          0   entry8b.o
         8          4          0          0          0          0   entry9a.o
        30          0          0          0          0          0   handlers.o
        36          8          0          0          0         68   init.o
        14          0          0          0          0         68   isspace_c.o
         0          0          0          0          0          0   iusefp.o
        32          0          0          0          0         68   llshl.o
        38          0          0          0          0         68   llsshr.o
        34          0          0          0          0         68   llushr.o
        26          0          0          0          0         72   memcmp.o
        36          0          0          0          0         60   memcpya.o
        36          0          0          0          0        100   memseta.o
      2274        102          0          0          0        556   printfa.o
        44          8          0          0          0         84   scanf_char.o
         0          0          0          4          0          0   stdout.o
        20          0          0          0          0         60   strchr.o
        18          0          0          0          0         60   strcpy.o
        14          0          0          0          0         60   strlen.o
        40          0          0          0          0         72   strstr.o
        44          0          0          0          0         72   uidiv.o
        96          0          0          0          0         84   uldiv.o
        20          0          0          0          0         60   uread4.o
        18          0          0          0          0         60   uwrite4.o
        40          2          0          0          0         68   cdrcmple.o
       356          4          0          0          0        140   dadd.o
       240          6          0          0          0         84   ddiv.o
       236          0          0          0          0        216   depilogue.o
        60         10          0          0          0         68   dfixui.o
        64         10          0          0          0         68   dfixul.o
        28          4          0          0          0         68   dfltui.o
       208          6          0          0          0         88   dmul.o

    ----------------------------------------------------------------------
      5478        194         64          4          0       2988   Library Totals
         8          0          0          0          0          0   (incl. Padding)

    ----------------------------------------------------------------------

      Code (inc. data)   RO Data    RW Data    ZI Data      Debug   Library Name

      4238        152         64          4          0       2188   mc_p.l
      1232         42          0          0          0        800   mf_p.l

    ----------------------------------------------------------------------
      5478        194         64          4          0       2988   Library Totals

    ----------------------------------------------------------------------

==============================================================================


      Code (inc. data)   RO Data    RW Data    ZI Data      Debug   

     13728       1940        656         48       2600      93881   Grand Totals
     13728       1940        656         48       2600      93881   ELF Image Totals
     13728       1940        656         48          0          0   ROM Totals

==============================================================================

    Total RO  Size (Code + RO Data)                14384 (  14.05kB)
    Total RW  Size (RW Data + ZI Data)              2648 (   2.59kB)
    Total ROM Size (Code + RO Data + RW Data)      14432 (  14.09kB)

==============================================================================

